00:06:50 [INFO] fl_coap_iroh.data.partition — Air quality dataset loaded: 28514 train / 3561 test | 6 features | 3 classes
00:06:50 [INFO] fl_coap_iroh.data.partition — Geographic partition: 10 provinces  min=2305  max=2922  mean=2851
00:06:51 [INFO] fl_coap_iroh.transport.iroh_node — Iroh node started: a521f0558f5b4c6a  addrs=['95.61.190.90:55239', '172.17.0.1:57805', '172.18.0.1:57805', '192.168.197.140:57805']
00:06:51 [INFO] fl_coap_iroh.coap.server — CoAP server [pc1] listening on 0.0.0.0:5991
00:06:51 [INFO] fl_coap_iroh.fl.client — FLClient pc1 started (mock=False)
00:06:51 [INFO] fl_coap_iroh.transport.iroh_node — send 349B via direct in 20ms (0.16 Mbit/s) to 70738f558ecdb74a
00:06:51 [INFO] fl_coap_iroh — Registered over Iroh with server 70738f558ecdb74a
00:06:51 [INFO] fl_coap_iroh.fl.client — [pc1] Round 1 — receiving model…
00:06:52 [INFO] fl_coap_iroh.transport.iroh_node — recv 13933B via direct in 4ms
00:06:52 [INFO] fl_coap_iroh.fl.client — [pc1] Round 1 — training locally…
00:07:19 [INFO] fl_coap_iroh.fl.client — [pc1] Round 1 — sending update…
00:07:19 [INFO] fl_coap_iroh.transport.iroh_node — send 13933B via direct in 5ms (20.40 Mbit/s) to 70738f558ecdb74a
00:07:19 [INFO] fl_coap_iroh.fl.client — [pc1] Round 1 done — loss=1.0748 acc=0.3915  27.5s
00:07:19 [INFO] fl_coap_iroh.fl.client — [pc1] Round 2 — receiving model…
00:07:19 [INFO] fl_coap_iroh.transport.iroh_node — recv 13933B via direct in 1ms
00:07:19 [INFO] fl_coap_iroh.fl.client — [pc1] Round 2 — training locally…
00:07:19 [INFO] fl_coap_iroh.fl.client — [pc1] Round 2 — sending update…
00:07:19 [INFO] fl_coap_iroh.transport.iroh_node — send 13933B via direct in 6ms (19.36 Mbit/s) to 70738f558ecdb74a
00:07:19 [INFO] fl_coap_iroh.fl.client — [pc1] Round 2 done — loss=1.0680 acc=0.4093  0.2s
00:07:19 [INFO] fl_coap_iroh.fl.client — [pc1] Round 3 — receiving model…
00:07:40 [INFO] fl_coap_iroh.transport.iroh_node — recv 13933B via direct in 5ms
00:07:40 [INFO] fl_coap_iroh.fl.client — [pc1] Round 3 — training locally…
00:07:41 [INFO] fl_coap_iroh.fl.client — [pc1] Round 3 — sending update…
00:07:41 [INFO] fl_coap_iroh.transport.iroh_node — send 13933B via direct in 9ms (12.53 Mbit/s) to 70738f558ecdb74a
00:07:41 [INFO] fl_coap_iroh.fl.client — [pc1] Round 3 done — loss=1.0674 acc=0.4162  21.6s
00:07:41 [INFO] fl_coap_iroh.fl.client — [pc1] Round 4 — receiving model…
00:07:48 [INFO] fl_coap_iroh.transport.iroh_node — recv 13933B via direct in 6ms
00:07:48 [INFO] fl_coap_iroh.fl.client — [pc1] Round 4 — training locally…
00:07:49 [INFO] fl_coap_iroh.fl.client — [pc1] Round 4 — sending update…
00:07:49 [INFO] fl_coap_iroh.transport.iroh_node — send 13933B via direct in 10ms (11.10 Mbit/s) to 70738f558ecdb74a
00:07:49 [INFO] fl_coap_iroh.fl.client — [pc1] Round 4 done — loss=1.0682 acc=0.4011  8.1s
00:07:49 [INFO] fl_coap_iroh.fl.client — [pc1] Round 5 — receiving model…
00:07:56 [INFO] fl_coap_iroh.transport.iroh_node — recv 13933B via direct in 6ms
00:07:56 [INFO] fl_coap_iroh.fl.client — [pc1] Round 5 — training locally…
00:07:57 [INFO] fl_coap_iroh.fl.client — [pc1] Round 5 — sending update…
00:07:57 [INFO] fl_coap_iroh.transport.iroh_node — send 13933B via direct in 9ms (12.43 Mbit/s) to 70738f558ecdb74a
00:07:57 [INFO] fl_coap_iroh.fl.client — [pc1] Round 5 done — loss=1.0707 acc=0.4049  8.1s
00:07:57 [INFO] fl_coap_iroh.fl.client — [pc1] Round 6 — receiving model…
00:07:57 [INFO] fl_coap_iroh.transport.iroh_node — recv 13933B via direct in 3ms
00:07:57 [INFO] fl_coap_iroh.fl.client — [pc1] Round 6 — training locally…
00:07:57 [INFO] fl_coap_iroh.fl.client — [pc1] Round 6 — sending update…
00:07:57 [INFO] fl_coap_iroh.transport.iroh_node — send 13933B via direct in 8ms (14.29 Mbit/s) to 70738f558ecdb74a
00:07:57 [INFO] fl_coap_iroh.fl.client — [pc1] Round 6 done — loss=1.0668 acc=0.4183  0.4s
00:07:57 [INFO] fl_coap_iroh.fl.client — [pc1] Round 7 — receiving model…
00:08:04 [INFO] fl_coap_iroh.transport.iroh_node — recv 13933B via direct in 6ms
00:08:04 [INFO] fl_coap_iroh.fl.client — [pc1] Round 7 — training locally…
00:08:04 [INFO] fl_coap_iroh.fl.client — [pc1] Round 7 — sending update…
00:08:04 [INFO] fl_coap_iroh.transport.iroh_node — send 13933B via direct in 10ms (11.21 Mbit/s) to 70738f558ecdb74a
00:08:04 [INFO] fl_coap_iroh.fl.client — [pc1] Round 7 done — loss=1.0671 acc=0.4121  7.1s
00:08:04 [INFO] fl_coap_iroh.fl.client — [pc1] Round 8 — receiving model…
00:08:12 [INFO] fl_coap_iroh.transport.iroh_node — recv 13933B via direct in 3ms
00:08:12 [INFO] fl_coap_iroh.fl.client — [pc1] Round 8 — training locally…
00:08:12 [INFO] fl_coap_iroh.fl.client — [pc1] Round 8 — sending update…
00:08:12 [INFO] fl_coap_iroh.transport.iroh_node — send 13933B via direct in 7ms (16.60 Mbit/s) to 70738f558ecdb74a
00:08:12 [INFO] fl_coap_iroh.fl.client — [pc1] Round 8 done — loss=1.0667 acc=0.4248  7.8s
00:08:12 [INFO] fl_coap_iroh.fl.client — [pc1] Round 9 — receiving model…
00:08:20 [INFO] fl_coap_iroh.transport.iroh_node — recv 13933B via direct in 4ms
00:08:20 [INFO] fl_coap_iroh.fl.client — [pc1] Round 9 — training locally…
00:08:20 [INFO] fl_coap_iroh.fl.client — [pc1] Round 9 — sending update…
00:08:20 [INFO] fl_coap_iroh.transport.iroh_node — send 13933B via direct in 8ms (14.54 Mbit/s) to 70738f558ecdb74a
00:08:20 [INFO] fl_coap_iroh.fl.client — [pc1] Round 9 done — loss=1.0664 acc=0.4045  7.6s
00:08:20 [INFO] fl_coap_iroh.fl.client — [pc1] Round 10 — receiving model…
00:08:28 [INFO] fl_coap_iroh.transport.iroh_node — recv 13933B via direct in 4ms
00:08:28 [INFO] fl_coap_iroh.fl.client — [pc1] Round 10 — training locally…
00:08:28 [INFO] fl_coap_iroh.fl.client — [pc1] Round 10 — sending update…
00:08:28 [INFO] fl_coap_iroh.transport.iroh_node — send 13933B via direct in 7ms (16.92 Mbit/s) to 70738f558ecdb74a
00:08:28 [INFO] fl_coap_iroh.fl.client — [pc1] Round 10 done — loss=1.0665 acc=0.4152  8.2s
00:08:28 [INFO] fl_coap_iroh.fl.client — [pc1] Round 11 — receiving model…
00:08:35 [INFO] fl_coap_iroh.transport.iroh_node — recv 13933B via direct in 5ms
00:08:35 [INFO] fl_coap_iroh.fl.client — [pc1] Round 11 — training locally…
00:08:36 [INFO] fl_coap_iroh.fl.client — [pc1] Round 11 — sending update…
00:08:36 [INFO] fl_coap_iroh.transport.iroh_node — send 13933B via direct in 6ms (17.49 Mbit/s) to 70738f558ecdb74a
00:08:36 [INFO] fl_coap_iroh.fl.client — [pc1] Round 11 done — loss=1.0672 acc=0.4176  7.6s
00:08:36 [INFO] fl_coap_iroh.fl.client — [pc1] Round 12 — receiving model…
00:08:43 [INFO] fl_coap_iroh.transport.iroh_node — recv 13933B via direct in 5ms
00:08:43 [INFO] fl_coap_iroh.fl.client — [pc1] Round 12 — training locally…
00:08:43 [INFO] fl_coap_iroh.fl.client — [pc1] Round 12 — sending update…
00:08:43 [INFO] fl_coap_iroh.transport.iroh_node — send 13933B via direct in 10ms (11.26 Mbit/s) to 70738f558ecdb74a
00:08:44 [INFO] fl_coap_iroh.fl.client — [pc1] Round 12 done — loss=1.0608 acc=0.4255  7.8s
00:08:44 [INFO] fl_coap_iroh.fl.client — [pc1] Round 13 — receiving model…
00:08:51 [INFO] fl_coap_iroh.transport.iroh_node — recv 13933B via direct in 4ms
00:08:51 [INFO] fl_coap_iroh.fl.client — [pc1] Round 13 — training locally…
00:08:51 [INFO] fl_coap_iroh.fl.client — [pc1] Round 13 — sending update…
00:08:51 [INFO] fl_coap_iroh.transport.iroh_node — send 13933B via direct in 5ms (21.32 Mbit/s) to 70738f558ecdb74a
00:08:51 [INFO] fl_coap_iroh.fl.client — [pc1] Round 13 done — loss=1.0656 acc=0.4289  7.9s
00:08:51 [INFO] fl_coap_iroh.fl.client — [pc1] Round 14 — receiving model…
00:08:59 [INFO] fl_coap_iroh.transport.iroh_node — recv 13933B via direct in 6ms
00:08:59 [INFO] fl_coap_iroh.fl.client — [pc1] Round 14 — training locally…
00:08:59 [INFO] fl_coap_iroh.fl.client — [pc1] Round 14 — sending update…
00:08:59 [INFO] fl_coap_iroh.transport.iroh_node — send 13933B via direct in 4ms (26.71 Mbit/s) to 70738f558ecdb74a
00:08:59 [INFO] fl_coap_iroh.fl.client — [pc1] Round 14 done — loss=1.0678 acc=0.4172  7.8s
00:08:59 [INFO] fl_coap_iroh.fl.client — [pc1] Round 15 — receiving model…
00:09:07 [INFO] fl_coap_iroh.transport.iroh_node — recv 13933B via direct in 5ms
00:09:07 [INFO] fl_coap_iroh.fl.client — [pc1] Round 15 — training locally…
00:09:07 [INFO] fl_coap_iroh.fl.client — [pc1] Round 15 — sending update…
00:09:07 [INFO] fl_coap_iroh.transport.iroh_node — send 13933B via direct in 7ms (17.03 Mbit/s) to 70738f558ecdb74a
00:09:07 [INFO] fl_coap_iroh.fl.client — [pc1] Round 15 done — loss=1.0670 acc=0.4135  7.9s
00:09:07 [INFO] fl_coap_iroh.fl.client — [pc1] Round 16 — receiving model…
00:09:15 [INFO] fl_coap_iroh.transport.iroh_node — recv 13933B via direct in 6ms
00:09:15 [INFO] fl_coap_iroh.fl.client — [pc1] Round 16 — training locally…
00:09:15 [INFO] fl_coap_iroh.fl.client — [pc1] Round 16 — sending update…
00:09:15 [INFO] fl_coap_iroh.transport.iroh_node — send 13933B via direct in 10ms (11.64 Mbit/s) to 70738f558ecdb74a
00:09:15 [INFO] fl_coap_iroh.fl.client — [pc1] Round 16 done — loss=1.0586 acc=0.4248  7.7s
00:09:15 [INFO] fl_coap_iroh.fl.client — [pc1] Round 17 — receiving model…
00:09:23 [INFO] fl_coap_iroh.transport.iroh_node — recv 13933B via direct in 5ms
00:09:23 [INFO] fl_coap_iroh.fl.client — [pc1] Round 17 — training locally…
00:09:23 [INFO] fl_coap_iroh.fl.client — [pc1] Round 17 — sending update…
00:09:23 [INFO] fl_coap_iroh.transport.iroh_node — send 13933B via direct in 13ms (8.74 Mbit/s) to 70738f558ecdb74a
00:09:23 [INFO] fl_coap_iroh.fl.client — [pc1] Round 17 done — loss=1.0623 acc=0.4193  7.9s
00:09:23 [INFO] fl_coap_iroh.fl.client — [pc1] Round 18 — receiving model…
00:09:30 [INFO] fl_coap_iroh.transport.iroh_node — recv 13933B via direct in 4ms
00:09:30 [INFO] fl_coap_iroh.fl.client — [pc1] Round 18 — training locally…
00:09:31 [INFO] fl_coap_iroh.fl.client — [pc1] Round 18 — sending update…
00:09:31 [INFO] fl_coap_iroh.transport.iroh_node — send 13933B via direct in 7ms (16.18 Mbit/s) to 70738f558ecdb74a
00:09:31 [INFO] fl_coap_iroh.fl.client — [pc1] Round 18 done — loss=1.0642 acc=0.4193  7.9s
00:09:31 [INFO] fl_coap_iroh.fl.client — [pc1] Round 19 — receiving model…
00:09:38 [INFO] fl_coap_iroh.transport.iroh_node — recv 13933B via direct in 5ms
00:09:38 [INFO] fl_coap_iroh.fl.client — [pc1] Round 19 — training locally…
00:09:38 [INFO] fl_coap_iroh.fl.client — [pc1] Round 19 — sending update…
00:09:38 [INFO] fl_coap_iroh.transport.iroh_node — send 13933B via direct in 8ms (14.15 Mbit/s) to 70738f558ecdb74a
00:09:38 [INFO] fl_coap_iroh.fl.client — [pc1] Round 19 done — loss=1.0611 acc=0.4087  7.7s
00:09:38 [INFO] fl_coap_iroh.fl.client — [pc1] Round 20 — receiving model…
00:09:46 [INFO] fl_coap_iroh.transport.iroh_node — recv 13933B via direct in 4ms
00:09:46 [INFO] fl_coap_iroh.fl.client — [pc1] Round 20 — training locally…
00:09:46 [INFO] fl_coap_iroh.fl.client — [pc1] Round 20 — sending update…
00:09:47 [INFO] fl_coap_iroh.transport.iroh_node — send 13933B via direct in 6ms (18.39 Mbit/s) to 70738f558ecdb74a
00:09:47 [INFO] fl_coap_iroh.fl.client — [pc1] Round 20 done — loss=1.0624 acc=0.4155  8.1s
00:09:47 [INFO] fl_coap_iroh.fl.client — [pc1] Round 21 — receiving model…
00:09:54 [INFO] fl_coap_iroh.transport.iroh_node — recv 13933B via direct in 5ms
00:09:54 [INFO] fl_coap_iroh.fl.client — [pc1] Round 21 — training locally…
00:09:54 [INFO] fl_coap_iroh.fl.client — [pc1] Round 21 — sending update…
00:09:54 [INFO] fl_coap_iroh.transport.iroh_node — send 13933B via direct in 8ms (13.95 Mbit/s) to 70738f558ecdb74a
00:09:54 [INFO] fl_coap_iroh.fl.client — [pc1] Round 21 done — loss=1.0617 acc=0.4203  7.9s
00:09:54 [INFO] fl_coap_iroh.fl.client — [pc1] Round 22 — receiving model…
00:10:02 [INFO] fl_coap_iroh.transport.iroh_node — recv 13933B via direct in 4ms
00:10:02 [INFO] fl_coap_iroh.fl.client — [pc1] Round 22 — training locally…
00:10:02 [INFO] fl_coap_iroh.fl.client — [pc1] Round 22 — sending update…
00:10:02 [INFO] fl_coap_iroh.transport.iroh_node — send 13933B via direct in 10ms (11.73 Mbit/s) to 70738f558ecdb74a
00:10:02 [INFO] fl_coap_iroh.fl.client — [pc1] Round 22 done — loss=1.0620 acc=0.4166  7.9s
00:10:02 [INFO] fl_coap_iroh.fl.client — [pc1] Round 23 — receiving model…
00:10:10 [INFO] fl_coap_iroh.transport.iroh_node — recv 13933B via direct in 5ms
00:10:10 [INFO] fl_coap_iroh.fl.client — [pc1] Round 23 — training locally…
00:10:10 [INFO] fl_coap_iroh.fl.client — [pc1] Round 23 — sending update…
00:10:10 [INFO] fl_coap_iroh.transport.iroh_node — send 13933B via direct in 9ms (12.42 Mbit/s) to 70738f558ecdb74a
00:10:10 [INFO] fl_coap_iroh.fl.client — [pc1] Round 23 done — loss=1.0614 acc=0.4251  8.0s
00:10:10 [INFO] fl_coap_iroh.fl.client — [pc1] Round 24 — receiving model…
00:10:18 [INFO] fl_coap_iroh.transport.iroh_node — recv 13933B via direct in 3ms
00:10:18 [INFO] fl_coap_iroh.fl.client — [pc1] Round 24 — training locally…
00:10:18 [INFO] fl_coap_iroh.fl.client — [pc1] Round 24 — sending update…
00:10:18 [INFO] fl_coap_iroh.transport.iroh_node — send 13933B via direct in 9ms (12.01 Mbit/s) to 70738f558ecdb74a
00:10:18 [INFO] fl_coap_iroh.fl.client — [pc1] Round 24 done — loss=1.0579 acc=0.4248  7.5s
00:10:18 [INFO] fl_coap_iroh.fl.client — [pc1] Round 25 — receiving model…
00:10:25 [INFO] fl_coap_iroh.transport.iroh_node — recv 13933B via direct in 6ms
00:10:25 [INFO] fl_coap_iroh.fl.client — [pc1] Round 25 — training locally…
00:10:26 [INFO] fl_coap_iroh.fl.client — [pc1] Round 25 — sending update…
00:10:26 [INFO] fl_coap_iroh.transport.iroh_node — send 13933B via direct in 7ms (16.99 Mbit/s) to 70738f558ecdb74a
00:10:26 [INFO] fl_coap_iroh.fl.client — [pc1] Round 25 done — loss=1.0625 acc=0.4296  7.9s
00:10:26 [INFO] fl_coap_iroh.fl.client — [pc1] Round 26 — receiving model…
00:10:33 [INFO] fl_coap_iroh.transport.iroh_node — recv 13933B via direct in 5ms
00:10:33 [INFO] fl_coap_iroh.fl.client — [pc1] Round 26 — training locally…
00:10:33 [INFO] fl_coap_iroh.fl.client — [pc1] Round 26 — sending update…
00:10:33 [WARNING] fl_coap_iroh.transport.iroh_node — transfer attempt 1/2 failed (stream not acknowledged: IrohError:  closed by peer: 0) — retrying
00:10:34 [INFO] fl_coap_iroh.transport.iroh_node — send 13933B via direct in 1015ms (0.11 Mbit/s) to 70738f558ecdb74a (attempt 2)
00:10:35 [INFO] fl_coap_iroh.fl.client — [pc1] Round 26 done — loss=1.0569 acc=0.4306  8.8s
00:10:35 [INFO] fl_coap_iroh.fl.client — [pc1] Round 27 — receiving model…
00:10:41 [INFO] fl_coap_iroh.transport.iroh_node — recv 13933B via direct in 5ms
00:10:41 [INFO] fl_coap_iroh.fl.client — [pc1] Round 27 — training locally…
00:10:41 [INFO] fl_coap_iroh.fl.client — [pc1] Round 27 — sending update…
00:10:41 [INFO] fl_coap_iroh.transport.iroh_node — send 13933B via direct in 8ms (13.96 Mbit/s) to 70738f558ecdb74a
00:10:41 [INFO] fl_coap_iroh.fl.client — [pc1] Round 27 done — loss=1.0623 acc=0.4275  6.9s
00:10:41 [INFO] fl_coap_iroh.fl.client — [pc1] Round 28 — receiving model…
00:10:49 [INFO] fl_coap_iroh.transport.iroh_node — recv 13933B via direct in 4ms
00:10:49 [INFO] fl_coap_iroh.fl.client — [pc1] Round 28 — training locally…
00:10:49 [INFO] fl_coap_iroh.fl.client — [pc1] Round 28 — sending update…
00:10:49 [INFO] fl_coap_iroh.transport.iroh_node — send 13933B via direct in 8ms (13.87 Mbit/s) to 70738f558ecdb74a
00:10:49 [INFO] fl_coap_iroh.fl.client — [pc1] Round 28 done — loss=1.0602 acc=0.4248  7.7s
00:10:49 [INFO] fl_coap_iroh.fl.client — [pc1] Round 29 — receiving model…
00:10:57 [INFO] fl_coap_iroh.transport.iroh_node — recv 13933B via direct in 4ms
00:10:57 [INFO] fl_coap_iroh.fl.client — [pc1] Round 29 — training locally…
00:10:57 [INFO] fl_coap_iroh.fl.client — [pc1] Round 29 — sending update…
00:10:57 [INFO] fl_coap_iroh.transport.iroh_node — send 13933B via direct in 7ms (16.19 Mbit/s) to 70738f558ecdb74a
00:10:57 [INFO] fl_coap_iroh.fl.client — [pc1] Round 29 done — loss=1.0558 acc=0.4279  7.9s
00:10:57 [INFO] fl_coap_iroh.fl.client — [pc1] Round 30 — receiving model…
00:11:05 [INFO] fl_coap_iroh.transport.iroh_node — recv 13933B via direct in 5ms
00:11:05 [INFO] fl_coap_iroh.fl.client — [pc1] Round 30 — training locally…
00:11:05 [INFO] fl_coap_iroh.fl.client — [pc1] Round 30 — sending update…
00:11:05 [INFO] fl_coap_iroh.transport.iroh_node — send 13933B via direct in 6ms (17.99 Mbit/s) to 70738f558ecdb74a
00:11:05 [INFO] fl_coap_iroh.fl.client — [pc1] Round 30 done — loss=1.0575 acc=0.4176  7.7s
00:11:05 [INFO] fl_coap_iroh.coap.server — CoAP server [pc1] stopped
00:11:05 [INFO] fl_coap_iroh.metrics.collector — Exported 60 rows → results/wan/pc1/B_wan_transfers.csv
00:11:05 [INFO] fl_coap_iroh.metrics.collector — Exported 30 rows → results/wan/pc1/B_wan_fl_metrics.csv
00:11:05 [INFO] fl_coap_iroh — Results: {'transfers': 'results/wan/pc1/B_wan_transfers.csv', 'fl_metrics': 'results/wan/pc1/B_wan_fl_metrics.csv', 'resource_samples': 'results/wan/pc1/B_wan_pc1_resource_samples.csv', 'resource_phases': 'results/wan/pc1/B_wan_pc1_resource_phases.csv'}
