00:06:50 [INFO] fl_coap_iroh.data.partition — Air quality dataset loaded: 28514 train / 3561 test | 6 features | 3 classes
00:06:50 [INFO] fl_coap_iroh.data.partition — Geographic partition: 10 provinces  min=2305  max=2922  mean=2851
00:06:51 [INFO] fl_coap_iroh.transport.iroh_node — Iroh node started: 5055684860c43a38  addrs=['95.61.190.90:55288', '172.17.0.1:38848', '172.18.0.1:38848', '192.168.197.140:38848']
00:06:51 [INFO] fl_coap_iroh.coap.server — CoAP server [pc2] listening on 0.0.0.0:5992
00:06:51 [INFO] fl_coap_iroh.fl.client — FLClient pc2 started (mock=False)
00:06:51 [INFO] fl_coap_iroh.transport.iroh_node — send 350B via direct in 15ms (0.21 Mbit/s) to 70738f558ecdb74a
00:06:51 [INFO] fl_coap_iroh — Registered over Iroh with server 70738f558ecdb74a
00:06:51 [INFO] fl_coap_iroh.fl.client — [pc2] Round 1 — receiving model…
00:06:52 [INFO] fl_coap_iroh.transport.iroh_node — recv 13933B via direct in 6ms
00:06:52 [INFO] fl_coap_iroh.fl.client — [pc2] Round 1 — training locally…
00:07:19 [INFO] fl_coap_iroh.fl.client — [pc2] Round 1 — sending update…
00:07:19 [INFO] fl_coap_iroh.transport.iroh_node — send 13933B via direct in 7ms (15.45 Mbit/s) to 70738f558ecdb74a
00:07:19 [INFO] fl_coap_iroh.fl.client — [pc2] Round 1 done — loss=1.0401 acc=0.4615  27.3s
00:07:19 [INFO] fl_coap_iroh.fl.client — [pc2] Round 2 — receiving model…
00:07:19 [INFO] fl_coap_iroh.transport.iroh_node — recv 13933B via direct in 5ms
00:07:19 [INFO] fl_coap_iroh.fl.client — [pc2] Round 2 — training locally…
00:07:19 [INFO] fl_coap_iroh.fl.client — [pc2] Round 2 — sending update…
00:07:19 [INFO] fl_coap_iroh.transport.iroh_node — send 13933B via direct in 6ms (18.33 Mbit/s) to 70738f558ecdb74a
00:07:19 [INFO] fl_coap_iroh.fl.client — [pc2] Round 2 done — loss=0.9795 acc=0.5168  0.6s
00:07:19 [INFO] fl_coap_iroh.fl.client — [pc2] Round 3 — receiving model…
00:07:40 [INFO] fl_coap_iroh.transport.iroh_node — recv 13933B via direct in 8ms
00:07:40 [INFO] fl_coap_iroh.fl.client — [pc2] Round 3 — training locally…
00:07:41 [INFO] fl_coap_iroh.fl.client — [pc2] Round 3 — sending update…
00:07:41 [INFO] fl_coap_iroh.transport.iroh_node — send 13933B via direct in 5ms (22.33 Mbit/s) to 70738f558ecdb74a
00:07:41 [INFO] fl_coap_iroh.fl.client — [pc2] Round 3 done — loss=0.9661 acc=0.5168  21.4s
00:07:41 [INFO] fl_coap_iroh.fl.client — [pc2] Round 4 — receiving model…
00:07:48 [INFO] fl_coap_iroh.transport.iroh_node — recv 13933B via direct in 3ms
00:07:48 [INFO] fl_coap_iroh.fl.client — [pc2] Round 4 — training locally…
00:07:49 [INFO] fl_coap_iroh.fl.client — [pc2] Round 4 — sending update…
00:07:49 [INFO] fl_coap_iroh.transport.iroh_node — send 13933B via direct in 9ms (12.00 Mbit/s) to 70738f558ecdb74a
00:07:49 [INFO] fl_coap_iroh.fl.client — [pc2] Round 4 done — loss=0.9537 acc=0.5361  8.1s
00:07:49 [INFO] fl_coap_iroh.fl.client — [pc2] Round 5 — receiving model…
00:07:56 [INFO] fl_coap_iroh.transport.iroh_node — recv 13933B via direct in 6ms
00:07:56 [INFO] fl_coap_iroh.fl.client — [pc2] Round 5 — training locally…
00:07:57 [INFO] fl_coap_iroh.fl.client — [pc2] Round 5 — sending update…
00:07:57 [INFO] fl_coap_iroh.transport.iroh_node — send 13933B via direct in 9ms (12.91 Mbit/s) to 70738f558ecdb74a
00:07:57 [INFO] fl_coap_iroh.fl.client — [pc2] Round 5 done — loss=0.9574 acc=0.5319  8.1s
00:07:57 [INFO] fl_coap_iroh.fl.client — [pc2] Round 6 — receiving model…
00:08:04 [INFO] fl_coap_iroh.transport.iroh_node — recv 13933B via direct in 6ms
00:08:04 [INFO] fl_coap_iroh.fl.client — [pc2] Round 6 — training locally…
00:08:04 [INFO] fl_coap_iroh.fl.client — [pc2] Round 6 — sending update…
00:08:04 [INFO] fl_coap_iroh.transport.iroh_node — send 13933B via direct in 11ms (10.45 Mbit/s) to 70738f558ecdb74a
00:08:04 [INFO] fl_coap_iroh.fl.client — [pc2] Round 6 done — loss=0.9497 acc=0.5330  7.6s
00:08:05 [INFO] fl_coap_iroh.fl.client — [pc2] Round 7 — receiving model…
00:08:12 [INFO] fl_coap_iroh.transport.iroh_node — recv 13933B via direct in 5ms
00:08:12 [INFO] fl_coap_iroh.fl.client — [pc2] Round 7 — training locally…
00:08:12 [INFO] fl_coap_iroh.fl.client — [pc2] Round 7 — sending update…
00:08:12 [INFO] fl_coap_iroh.transport.iroh_node — send 13933B via direct in 9ms (12.87 Mbit/s) to 70738f558ecdb74a
00:08:12 [INFO] fl_coap_iroh.fl.client — [pc2] Round 7 done — loss=0.9511 acc=0.5402  7.7s
00:08:12 [INFO] fl_coap_iroh.fl.client — [pc2] Round 8 — receiving model…
00:08:20 [INFO] fl_coap_iroh.transport.iroh_node — recv 13933B via direct in 4ms
00:08:20 [INFO] fl_coap_iroh.fl.client — [pc2] Round 8 — training locally…
00:08:20 [INFO] fl_coap_iroh.fl.client — [pc2] Round 8 — sending update…
00:08:20 [INFO] fl_coap_iroh.transport.iroh_node — send 13933B via direct in 7ms (16.85 Mbit/s) to 70738f558ecdb74a
00:08:20 [INFO] fl_coap_iroh.fl.client — [pc2] Round 8 done — loss=0.9464 acc=0.5440  7.7s
00:08:20 [INFO] fl_coap_iroh.fl.client — [pc2] Round 9 — receiving model…
00:08:28 [INFO] fl_coap_iroh.transport.iroh_node — recv 13933B via direct in 6ms
00:08:28 [INFO] fl_coap_iroh.fl.client — [pc2] Round 9 — training locally…
00:08:28 [INFO] fl_coap_iroh.fl.client — [pc2] Round 9 — sending update…
00:08:28 [INFO] fl_coap_iroh.transport.iroh_node — send 13933B via direct in 13ms (8.68 Mbit/s) to 70738f558ecdb74a
00:08:28 [INFO] fl_coap_iroh.fl.client — [pc2] Round 9 done — loss=0.9455 acc=0.5412  8.2s
00:08:28 [INFO] fl_coap_iroh.fl.client — [pc2] Round 10 — receiving model…
00:08:35 [INFO] fl_coap_iroh.transport.iroh_node — recv 13933B via direct in 3ms
00:08:35 [INFO] fl_coap_iroh.fl.client — [pc2] Round 10 — training locally…
00:08:36 [INFO] fl_coap_iroh.fl.client — [pc2] Round 10 — sending update…
00:08:36 [INFO] fl_coap_iroh.transport.iroh_node — send 13933B via direct in 8ms (14.45 Mbit/s) to 70738f558ecdb74a
00:08:36 [INFO] fl_coap_iroh.fl.client — [pc2] Round 10 done — loss=0.9457 acc=0.5326  7.6s
00:08:36 [INFO] fl_coap_iroh.fl.client — [pc2] Round 11 — receiving model…
00:08:43 [INFO] fl_coap_iroh.transport.iroh_node — recv 13933B via direct in 6ms
00:08:43 [INFO] fl_coap_iroh.fl.client — [pc2] Round 11 — training locally…
00:08:43 [INFO] fl_coap_iroh.fl.client — [pc2] Round 11 — sending update…
00:08:43 [INFO] fl_coap_iroh.transport.iroh_node — send 13933B via direct in 8ms (13.20 Mbit/s) to 70738f558ecdb74a
00:08:44 [INFO] fl_coap_iroh.fl.client — [pc2] Round 11 done — loss=0.9394 acc=0.5501  7.8s
00:08:44 [INFO] fl_coap_iroh.fl.client — [pc2] Round 12 — receiving model…
00:08:44 [INFO] fl_coap_iroh.transport.iroh_node — recv 13933B via direct in 15ms
00:08:44 [INFO] fl_coap_iroh.fl.client — [pc2] Round 12 — training locally…
00:08:44 [INFO] fl_coap_iroh.fl.client — [pc2] Round 12 — sending update…
00:08:44 [INFO] fl_coap_iroh.transport.iroh_node — send 13933B via direct in 6ms (19.46 Mbit/s) to 70738f558ecdb74a
00:08:44 [INFO] fl_coap_iroh.fl.client — [pc2] Round 12 done — loss=0.9463 acc=0.5330  0.9s
00:08:44 [INFO] fl_coap_iroh.fl.client — [pc2] Round 13 — receiving model…
00:08:51 [INFO] fl_coap_iroh.transport.iroh_node — recv 13933B via direct in 3ms
00:08:51 [INFO] fl_coap_iroh.fl.client — [pc2] Round 13 — training locally…
00:08:51 [INFO] fl_coap_iroh.fl.client — [pc2] Round 13 — sending update…
00:08:51 [INFO] fl_coap_iroh.transport.iroh_node — send 13933B via direct in 9ms (12.93 Mbit/s) to 70738f558ecdb74a
00:08:51 [INFO] fl_coap_iroh.fl.client — [pc2] Round 13 done — loss=0.9445 acc=0.5395  7.0s
00:08:51 [INFO] fl_coap_iroh.fl.client — [pc2] Round 14 — receiving model…
00:08:59 [INFO] fl_coap_iroh.transport.iroh_node — recv 13933B via direct in 8ms
00:08:59 [INFO] fl_coap_iroh.fl.client — [pc2] Round 14 — training locally…
00:08:59 [INFO] fl_coap_iroh.fl.client — [pc2] Round 14 — sending update…
00:08:59 [INFO] fl_coap_iroh.transport.iroh_node — send 13933B via direct in 8ms (14.05 Mbit/s) to 70738f558ecdb74a
00:08:59 [INFO] fl_coap_iroh.fl.client — [pc2] Round 14 done — loss=0.9416 acc=0.5433  7.8s
00:08:59 [INFO] fl_coap_iroh.fl.client — [pc2] Round 15 — receiving model…
00:09:07 [INFO] fl_coap_iroh.transport.iroh_node — recv 13933B via direct in 6ms
00:09:07 [INFO] fl_coap_iroh.fl.client — [pc2] Round 15 — training locally…
00:09:07 [INFO] fl_coap_iroh.fl.client — [pc2] Round 15 — sending update…
00:09:07 [INFO] fl_coap_iroh.transport.iroh_node — send 13933B via direct in 7ms (15.47 Mbit/s) to 70738f558ecdb74a
00:09:07 [INFO] fl_coap_iroh.fl.client — [pc2] Round 15 done — loss=0.9369 acc=0.5433  8.0s
00:09:07 [INFO] fl_coap_iroh.fl.client — [pc2] Round 16 — receiving model…
00:09:15 [INFO] fl_coap_iroh.transport.iroh_node — recv 13933B via direct in 6ms
00:09:15 [INFO] fl_coap_iroh.fl.client — [pc2] Round 16 — training locally…
00:09:15 [INFO] fl_coap_iroh.fl.client — [pc2] Round 16 — sending update…
00:09:15 [INFO] fl_coap_iroh.transport.iroh_node — send 13933B via direct in 14ms (7.86 Mbit/s) to 70738f558ecdb74a
00:09:15 [INFO] fl_coap_iroh.fl.client — [pc2] Round 16 done — loss=0.9322 acc=0.5474  7.7s
00:09:15 [INFO] fl_coap_iroh.fl.client — [pc2] Round 17 — receiving model…
00:09:16 [INFO] fl_coap_iroh.transport.iroh_node — recv 13933B via direct in 14ms
00:09:16 [INFO] fl_coap_iroh.fl.client — [pc2] Round 17 — training locally…
00:09:16 [INFO] fl_coap_iroh.fl.client — [pc2] Round 17 — sending update…
00:09:16 [INFO] fl_coap_iroh.transport.iroh_node — send 13933B via direct in 6ms (18.92 Mbit/s) to 70738f558ecdb74a
00:09:16 [INFO] fl_coap_iroh.fl.client — [pc2] Round 17 done — loss=0.9341 acc=0.5412  1.0s
00:09:16 [INFO] fl_coap_iroh.fl.client — [pc2] Round 18 — receiving model…
00:09:23 [INFO] fl_coap_iroh.transport.iroh_node — recv 13933B via direct in 3ms
00:09:23 [INFO] fl_coap_iroh.fl.client — [pc2] Round 18 — training locally…
00:09:23 [INFO] fl_coap_iroh.fl.client — [pc2] Round 18 — sending update…
00:09:23 [INFO] fl_coap_iroh.transport.iroh_node — send 13933B via direct in 5ms (20.61 Mbit/s) to 70738f558ecdb74a
00:09:23 [INFO] fl_coap_iroh.fl.client — [pc2] Round 18 done — loss=0.9365 acc=0.5450  7.0s
00:09:23 [INFO] fl_coap_iroh.fl.client — [pc2] Round 19 — receiving model…
00:09:30 [INFO] fl_coap_iroh.transport.iroh_node — recv 13933B via direct in 5ms
00:09:30 [INFO] fl_coap_iroh.fl.client — [pc2] Round 19 — training locally…
00:09:31 [INFO] fl_coap_iroh.fl.client — [pc2] Round 19 — sending update…
00:09:31 [INFO] fl_coap_iroh.transport.iroh_node — send 13933B via direct in 9ms (13.10 Mbit/s) to 70738f558ecdb74a
00:09:31 [INFO] fl_coap_iroh.fl.client — [pc2] Round 19 done — loss=0.9411 acc=0.5453  7.9s
00:09:31 [INFO] fl_coap_iroh.fl.client — [pc2] Round 20 — receiving model…
00:09:38 [INFO] fl_coap_iroh.transport.iroh_node — recv 13933B via direct in 3ms
00:09:38 [INFO] fl_coap_iroh.fl.client — [pc2] Round 20 — training locally…
00:09:38 [INFO] fl_coap_iroh.fl.client — [pc2] Round 20 — sending update…
00:09:38 [INFO] fl_coap_iroh.transport.iroh_node — send 13933B via direct in 9ms (12.89 Mbit/s) to 70738f558ecdb74a
00:09:38 [INFO] fl_coap_iroh.fl.client — [pc2] Round 20 done — loss=0.9274 acc=0.5484  7.7s
00:09:38 [INFO] fl_coap_iroh.fl.client — [pc2] Round 21 — receiving model…
00:09:46 [INFO] fl_coap_iroh.transport.iroh_node — recv 13933B via direct in 5ms
00:09:46 [INFO] fl_coap_iroh.fl.client — [pc2] Round 21 — training locally…
00:09:47 [INFO] fl_coap_iroh.fl.client — [pc2] Round 21 — sending update…
00:09:47 [INFO] fl_coap_iroh.transport.iroh_node — send 13933B via direct in 7ms (15.77 Mbit/s) to 70738f558ecdb74a
00:09:47 [INFO] fl_coap_iroh.fl.client — [pc2] Round 21 done — loss=0.9281 acc=0.5460  8.1s
00:09:47 [INFO] fl_coap_iroh.fl.client — [pc2] Round 22 — receiving model…
00:09:54 [INFO] fl_coap_iroh.transport.iroh_node — recv 13933B via direct in 5ms
00:09:54 [INFO] fl_coap_iroh.fl.client — [pc2] Round 22 — training locally…
00:09:54 [INFO] fl_coap_iroh.fl.client — [pc2] Round 22 — sending update…
00:09:54 [INFO] fl_coap_iroh.transport.iroh_node — send 13933B via direct in 8ms (13.61 Mbit/s) to 70738f558ecdb74a
00:09:54 [INFO] fl_coap_iroh.fl.client — [pc2] Round 22 done — loss=0.9319 acc=0.5501  7.9s
00:09:54 [INFO] fl_coap_iroh.fl.client — [pc2] Round 23 — receiving model…
00:10:02 [INFO] fl_coap_iroh.transport.iroh_node — recv 13933B via direct in 5ms
00:10:02 [INFO] fl_coap_iroh.fl.client — [pc2] Round 23 — training locally…
00:10:02 [INFO] fl_coap_iroh.fl.client — [pc2] Round 23 — sending update…
00:10:02 [INFO] fl_coap_iroh.transport.iroh_node — send 13933B via direct in 6ms (18.90 Mbit/s) to 70738f558ecdb74a
00:10:02 [INFO] fl_coap_iroh.fl.client — [pc2] Round 23 done — loss=0.9397 acc=0.5450  7.9s
00:10:02 [INFO] fl_coap_iroh.fl.client — [pc2] Round 24 — receiving model…
00:10:10 [INFO] fl_coap_iroh.transport.iroh_node — recv 13933B via direct in 4ms
00:10:10 [INFO] fl_coap_iroh.fl.client — [pc2] Round 24 — training locally…
00:10:10 [INFO] fl_coap_iroh.fl.client — [pc2] Round 24 — sending update…
00:10:10 [INFO] fl_coap_iroh.transport.iroh_node — send 13933B via direct in 8ms (13.54 Mbit/s) to 70738f558ecdb74a
00:10:10 [INFO] fl_coap_iroh.fl.client — [pc2] Round 24 done — loss=0.9386 acc=0.5436  8.0s
00:10:10 [INFO] fl_coap_iroh.fl.client — [pc2] Round 25 — receiving model…
00:10:18 [INFO] fl_coap_iroh.transport.iroh_node — recv 13933B via direct in 3ms
00:10:18 [INFO] fl_coap_iroh.fl.client — [pc2] Round 25 — training locally…
00:10:18 [INFO] fl_coap_iroh.fl.client — [pc2] Round 25 — sending update…
00:10:18 [INFO] fl_coap_iroh.transport.iroh_node — send 13933B via direct in 9ms (11.92 Mbit/s) to 70738f558ecdb74a
00:10:18 [INFO] fl_coap_iroh.fl.client — [pc2] Round 25 done — loss=0.9394 acc=0.5292  7.5s
00:10:18 [INFO] fl_coap_iroh.fl.client — [pc2] Round 26 — receiving model…
00:10:25 [INFO] fl_coap_iroh.transport.iroh_node — recv 13933B via direct in 5ms
00:10:25 [INFO] fl_coap_iroh.fl.client — [pc2] Round 26 — training locally…
00:10:26 [INFO] fl_coap_iroh.fl.client — [pc2] Round 26 — sending update…
00:10:26 [INFO] fl_coap_iroh.transport.iroh_node — send 13933B via direct in 8ms (13.93 Mbit/s) to 70738f558ecdb74a
00:10:26 [INFO] fl_coap_iroh.fl.client — [pc2] Round 26 done — loss=0.9330 acc=0.5446  7.9s
00:10:26 [INFO] fl_coap_iroh.fl.client — [pc2] Round 27 — receiving model…
00:10:33 [INFO] fl_coap_iroh.transport.iroh_node — recv 13933B via direct in 4ms
00:10:33 [INFO] fl_coap_iroh.fl.client — [pc2] Round 27 — training locally…
00:10:33 [INFO] fl_coap_iroh.fl.client — [pc2] Round 27 — sending update…
00:10:33 [INFO] fl_coap_iroh.transport.iroh_node — send 13933B via direct in 7ms (15.88 Mbit/s) to 70738f558ecdb74a
00:10:33 [INFO] fl_coap_iroh.fl.client — [pc2] Round 27 done — loss=0.9273 acc=0.5440  7.7s
00:10:33 [INFO] fl_coap_iroh.fl.client — [pc2] Round 28 — receiving model…
00:10:41 [INFO] fl_coap_iroh.transport.iroh_node — recv 13933B via direct in 4ms
00:10:41 [INFO] fl_coap_iroh.fl.client — [pc2] Round 28 — training locally…
00:10:41 [INFO] fl_coap_iroh.fl.client — [pc2] Round 28 — sending update…
00:10:41 [INFO] fl_coap_iroh.transport.iroh_node — send 13933B via direct in 9ms (13.09 Mbit/s) to 70738f558ecdb74a
00:10:41 [INFO] fl_coap_iroh.fl.client — [pc2] Round 28 done — loss=0.9290 acc=0.5419  8.0s
00:10:41 [INFO] fl_coap_iroh.fl.client — [pc2] Round 29 — receiving model…
00:10:49 [INFO] fl_coap_iroh.transport.iroh_node — recv 13933B via direct in 6ms
00:10:49 [INFO] fl_coap_iroh.fl.client — [pc2] Round 29 — training locally…
00:10:49 [INFO] fl_coap_iroh.fl.client — [pc2] Round 29 — sending update…
00:10:49 [INFO] fl_coap_iroh.transport.iroh_node — send 13933B via direct in 8ms (14.67 Mbit/s) to 70738f558ecdb74a
00:10:49 [INFO] fl_coap_iroh.fl.client — [pc2] Round 29 done — loss=0.9285 acc=0.5443  7.7s
00:10:49 [INFO] fl_coap_iroh.fl.client — [pc2] Round 30 — receiving model…
00:10:57 [INFO] fl_coap_iroh.transport.iroh_node — recv 13933B via direct in 8ms
00:10:57 [INFO] fl_coap_iroh.fl.client — [pc2] Round 30 — training locally…
00:10:57 [INFO] fl_coap_iroh.fl.client — [pc2] Round 30 — sending update…
00:10:57 [INFO] fl_coap_iroh.transport.iroh_node — send 13933B via direct in 7ms (15.78 Mbit/s) to 70738f558ecdb74a
00:10:57 [INFO] fl_coap_iroh.fl.client — [pc2] Round 30 done — loss=0.9347 acc=0.5491  7.8s
00:10:57 [INFO] fl_coap_iroh.coap.server — CoAP server [pc2] stopped
00:10:57 [INFO] fl_coap_iroh.metrics.collector — Exported 60 rows → results/wan/pc2/B_wan_transfers.csv
00:10:57 [INFO] fl_coap_iroh.metrics.collector — Exported 30 rows → results/wan/pc2/B_wan_fl_metrics.csv
00:10:57 [INFO] fl_coap_iroh — Results: {'transfers': 'results/wan/pc2/B_wan_transfers.csv', 'fl_metrics': 'results/wan/pc2/B_wan_fl_metrics.csv', 'resource_samples': 'results/wan/pc2/B_wan_pc2_resource_samples.csv', 'resource_phases': 'results/wan/pc2/B_wan_pc2_resource_phases.csv'}
