10:24:50 [INFO] fl_coap_iroh.data.partition — Air quality dataset loaded: 28514 train / 3561 test | 6 features | 3 classes
10:24:50 [INFO] fl_coap_iroh.data.partition — Geographic partition: 10 provinces  min=2305  max=2922  mean=2851
10:24:53 [INFO] fl_coap_iroh.transport.iroh_node — Iroh node started: 899b110ce8636010  addrs=['10.50.16.202:35189', '85.48.2.235:35189', '100.112.148.36:35189']
10:24:53 [INFO] fl_coap_iroh.coap.server — CoAP server [rpi01] listening on 0.0.0.0:5684
10:24:53 [INFO] fl_coap_iroh.fl.client — FLClient rpi01 started (mock=False)
10:24:53 [WARNING] fl_coap_iroh.transport.iroh_node — transfer attempt 1/3 failed (stream not acknowledged: IrohError:  closed by peer: 0) — retrying
10:24:54 [INFO] fl_coap_iroh.transport.iroh_node — send 332B via direct in 1214ms (0.00 Mbit/s) to 70738f558ecdb74a (attempt 2)
10:24:54 [INFO] fl_coap_iroh — Registered over Iroh with server 70738f558ecdb74a
10:24:54 [INFO] fl_coap_iroh.fl.client — [rpi01] Round 1 — receiving model…
10:24:54 [INFO] fl_coap_iroh.transport.iroh_node — recv 13933B via direct in 16ms
10:24:54 [INFO] fl_coap_iroh.fl.client — [rpi01] Round 1 — training locally…
10:25:11 [INFO] fl_coap_iroh.fl.client — [rpi01] Round 1 — sending update…
10:25:11 [INFO] fl_coap_iroh.transport.iroh_node — send 13933B via direct in 149ms (0.75 Mbit/s) to 70738f558ecdb74a
10:25:11 [INFO] fl_coap_iroh.fl.client — [rpi01] Round 1 done — loss=1.0578 acc=0.4601  17.1s
10:25:11 [INFO] fl_coap_iroh.fl.client — [rpi01] Round 2 — receiving model…
10:25:26 [INFO] fl_coap_iroh.transport.iroh_node — recv 13933B via direct in 18ms
10:25:26 [INFO] fl_coap_iroh.fl.client — [rpi01] Round 2 — training locally…
10:25:27 [INFO] fl_coap_iroh.fl.client — [rpi01] Round 2 — sending update…
10:25:27 [INFO] fl_coap_iroh.transport.iroh_node — send 13933B via direct in 107ms (1.04 Mbit/s) to 70738f558ecdb74a
10:25:27 [INFO] fl_coap_iroh.fl.client — [rpi01] Round 2 done — loss=1.0514 acc=0.4709  15.6s
10:25:27 [INFO] fl_coap_iroh.fl.client — [rpi01] Round 3 — receiving model…
10:25:27 [INFO] fl_coap_iroh.transport.iroh_node — recv 13933B via direct in 24ms
10:25:27 [INFO] fl_coap_iroh.fl.client — [rpi01] Round 3 — training locally…
10:25:30 [INFO] fl_coap_iroh.fl.client — [rpi01] Round 3 — sending update…
10:25:30 [INFO] fl_coap_iroh.transport.iroh_node — send 13933B via direct in 160ms (0.70 Mbit/s) to 70738f558ecdb74a
10:25:30 [INFO] fl_coap_iroh.fl.client — [rpi01] Round 3 done — loss=1.0513 acc=0.4709  3.3s
10:25:30 [INFO] fl_coap_iroh.fl.client — [rpi01] Round 4 — receiving model…
10:25:31 [INFO] fl_coap_iroh.transport.iroh_node — recv 13933B via direct in 41ms
10:25:31 [INFO] fl_coap_iroh.fl.client — [rpi01] Round 4 — training locally…
10:25:33 [INFO] fl_coap_iroh.fl.client — [rpi01] Round 4 — sending update…
10:25:33 [INFO] fl_coap_iroh.transport.iroh_node — send 13933B via direct in 91ms (1.23 Mbit/s) to 70738f558ecdb74a
10:25:33 [INFO] fl_coap_iroh.fl.client — [rpi01] Round 4 done — loss=1.0462 acc=0.4722  2.4s
10:25:33 [INFO] fl_coap_iroh.fl.client — [rpi01] Round 5 — receiving model…
10:25:36 [INFO] fl_coap_iroh.transport.iroh_node — recv 13933B via direct in 24ms
10:25:36 [INFO] fl_coap_iroh.fl.client — [rpi01] Round 5 — training locally…
10:25:37 [INFO] fl_coap_iroh.fl.client — [rpi01] Round 5 — sending update…
10:25:37 [INFO] fl_coap_iroh.transport.iroh_node — send 13933B via direct in 91ms (1.22 Mbit/s) to 70738f558ecdb74a
10:25:37 [INFO] fl_coap_iroh.fl.client — [rpi01] Round 5 done — loss=1.0470 acc=0.4683  4.7s
10:25:37 [INFO] fl_coap_iroh.fl.client — [rpi01] Round 6 — receiving model…
10:25:43 [INFO] fl_coap_iroh.transport.iroh_node — recv 13933B via direct in 16ms
10:25:43 [INFO] fl_coap_iroh.fl.client — [rpi01] Round 6 — training locally…
10:25:44 [INFO] fl_coap_iroh.fl.client — [rpi01] Round 6 — sending update…
10:25:44 [INFO] fl_coap_iroh.transport.iroh_node — send 13933B via direct in 161ms (0.69 Mbit/s) to 70738f558ecdb74a
10:25:44 [INFO] fl_coap_iroh.fl.client — [rpi01] Round 6 done — loss=1.0441 acc=0.4657  6.9s
10:25:44 [INFO] fl_coap_iroh.fl.client — [rpi01] Round 7 — receiving model…
10:25:49 [INFO] fl_coap_iroh.transport.iroh_node — recv 13933B via direct in 20ms
10:25:49 [INFO] fl_coap_iroh.fl.client — [rpi01] Round 7 — training locally…
10:25:50 [INFO] fl_coap_iroh.fl.client — [rpi01] Round 7 — sending update…
10:25:50 [INFO] fl_coap_iroh.transport.iroh_node — send 13933B via direct in 166ms (0.67 Mbit/s) to 70738f558ecdb74a
10:25:50 [INFO] fl_coap_iroh.fl.client — [rpi01] Round 7 done — loss=1.0447 acc=0.4744  5.8s
10:25:50 [INFO] fl_coap_iroh.fl.client — [rpi01] Round 8 — receiving model…
10:25:50 [INFO] fl_coap_iroh.transport.iroh_node — recv 13933B via direct in 42ms
10:25:50 [INFO] fl_coap_iroh.fl.client — [rpi01] Round 8 — training locally…
10:25:54 [INFO] fl_coap_iroh.fl.client — [rpi01] Round 8 — sending update…
10:25:54 [INFO] fl_coap_iroh.transport.iroh_node — send 13933B via direct in 147ms (0.76 Mbit/s) to 70738f558ecdb74a
10:25:54 [INFO] fl_coap_iroh.fl.client — [rpi01] Round 8 done — loss=1.0466 acc=0.4701  3.5s
10:25:54 [INFO] fl_coap_iroh.fl.client — [rpi01] Round 9 — receiving model…
10:25:55 [INFO] fl_coap_iroh.transport.iroh_node — recv 13933B via direct in 50ms
10:25:55 [INFO] fl_coap_iroh.fl.client — [rpi01] Round 9 — training locally…
10:25:57 [INFO] fl_coap_iroh.fl.client — [rpi01] Round 9 — sending update…
10:25:57 [INFO] fl_coap_iroh.transport.iroh_node — send 13933B via direct in 140ms (0.80 Mbit/s) to 70738f558ecdb74a
10:25:57 [INFO] fl_coap_iroh.fl.client — [rpi01] Round 9 done — loss=1.0482 acc=0.4679  3.7s
10:25:57 [INFO] fl_coap_iroh.fl.client — [rpi01] Round 10 — receiving model…
10:26:00 [INFO] fl_coap_iroh.transport.iroh_node — recv 13933B via direct in 45ms
10:26:00 [INFO] fl_coap_iroh.fl.client — [rpi01] Round 10 — training locally…
10:26:01 [INFO] fl_coap_iroh.fl.client — [rpi01] Round 10 — sending update…
10:26:02 [INFO] fl_coap_iroh.transport.iroh_node — send 13933B via direct in 192ms (0.58 Mbit/s) to 70738f558ecdb74a
10:26:02 [INFO] fl_coap_iroh.fl.client — [rpi01] Round 10 done — loss=1.0423 acc=0.4683  4.2s
10:26:02 [INFO] fl_coap_iroh.fl.client — [rpi01] Round 11 — receiving model…
10:26:06 [INFO] fl_coap_iroh.transport.iroh_node — recv 13933B via direct in 69ms
10:26:06 [INFO] fl_coap_iroh.fl.client — [rpi01] Round 11 — training locally…
10:26:07 [INFO] fl_coap_iroh.fl.client — [rpi01] Round 11 — sending update…
10:26:07 [INFO] fl_coap_iroh.transport.iroh_node — send 13933B via direct in 103ms (1.09 Mbit/s) to 70738f558ecdb74a
10:26:07 [INFO] fl_coap_iroh.fl.client — [rpi01] Round 11 done — loss=1.0388 acc=0.4731  5.6s
10:26:07 [INFO] fl_coap_iroh.fl.client — [rpi01] Round 12 — receiving model…
10:26:13 [INFO] fl_coap_iroh.transport.iroh_node — recv 13933B via direct in 50ms
10:26:13 [INFO] fl_coap_iroh.fl.client — [rpi01] Round 12 — training locally…
10:26:14 [INFO] fl_coap_iroh.fl.client — [rpi01] Round 12 — sending update…
10:26:14 [INFO] fl_coap_iroh.transport.iroh_node — send 13933B via direct in 140ms (0.80 Mbit/s) to 70738f558ecdb74a
10:26:14 [INFO] fl_coap_iroh.fl.client — [rpi01] Round 12 done — loss=1.0460 acc=0.4683  6.7s
10:26:14 [INFO] fl_coap_iroh.fl.client — [rpi01] Round 13 — receiving model…
10:26:18 [INFO] fl_coap_iroh.transport.iroh_node — recv 13933B via direct in 94ms
10:26:18 [INFO] fl_coap_iroh.fl.client — [rpi01] Round 13 — training locally…
10:26:20 [INFO] fl_coap_iroh.fl.client — [rpi01] Round 13 — sending update…
10:26:20 [INFO] fl_coap_iroh.transport.iroh_node — send 13933B via direct in 355ms (0.31 Mbit/s) to 70738f558ecdb74a
10:26:21 [INFO] fl_coap_iroh.fl.client — [rpi01] Round 13 done — loss=1.0454 acc=0.4666  6.5s
10:26:21 [INFO] fl_coap_iroh.fl.client — [rpi01] Round 14 — receiving model…
10:26:24 [INFO] fl_coap_iroh.transport.iroh_node — recv 13933B via direct in 117ms
10:26:24 [INFO] fl_coap_iroh.fl.client — [rpi01] Round 14 — training locally…
10:26:26 [INFO] fl_coap_iroh.fl.client — [rpi01] Round 14 — sending update…
10:26:26 [INFO] fl_coap_iroh.transport.iroh_node — send 13933B via direct in 185ms (0.60 Mbit/s) to 70738f558ecdb74a
10:26:26 [INFO] fl_coap_iroh.fl.client — [rpi01] Round 14 done — loss=1.0454 acc=0.4709  5.9s
10:26:26 [INFO] fl_coap_iroh.fl.client — [rpi01] Round 15 — receiving model…
10:26:27 [INFO] fl_coap_iroh.transport.iroh_node — recv 13933B via direct in 52ms
10:26:27 [INFO] fl_coap_iroh.fl.client — [rpi01] Round 15 — training locally…
10:26:30 [INFO] fl_coap_iroh.fl.client — [rpi01] Round 15 — sending update…
10:26:30 [INFO] fl_coap_iroh.transport.iroh_node — send 13933B via direct in 196ms (0.57 Mbit/s) to 70738f558ecdb74a
10:26:30 [INFO] fl_coap_iroh.fl.client — [rpi01] Round 15 done — loss=1.0442 acc=0.4705  3.4s
10:26:30 [INFO] fl_coap_iroh.fl.client — [rpi01] Round 16 — receiving model…
10:26:37 [INFO] fl_coap_iroh.transport.iroh_node — recv 13933B via direct in 55ms
10:26:37 [INFO] fl_coap_iroh.fl.client — [rpi01] Round 16 — training locally…
10:26:39 [INFO] fl_coap_iroh.fl.client — [rpi01] Round 16 — sending update…
10:26:39 [INFO] fl_coap_iroh.transport.iroh_node — send 13933B via direct in 154ms (0.73 Mbit/s) to 70738f558ecdb74a
10:26:39 [INFO] fl_coap_iroh.fl.client — [rpi01] Round 16 done — loss=1.0416 acc=0.4679  9.0s
10:26:39 [INFO] fl_coap_iroh.fl.client — [rpi01] Round 17 — receiving model…
10:26:48 [INFO] fl_coap_iroh.transport.iroh_node — recv 13933B via direct in 54ms
10:26:48 [INFO] fl_coap_iroh.fl.client — [rpi01] Round 17 — training locally…
10:26:49 [INFO] fl_coap_iroh.fl.client — [rpi01] Round 17 — sending update…
10:26:49 [INFO] fl_coap_iroh.transport.iroh_node — send 13933B via direct in 197ms (0.57 Mbit/s) to 70738f558ecdb74a
10:26:49 [INFO] fl_coap_iroh.fl.client — [rpi01] Round 17 done — loss=1.0489 acc=0.4653  10.6s
10:26:49 [INFO] fl_coap_iroh.fl.client — [rpi01] Round 18 — receiving model…
10:26:52 [INFO] fl_coap_iroh.transport.iroh_node — recv 13933B via direct in 58ms
10:26:52 [INFO] fl_coap_iroh.fl.client — [rpi01] Round 18 — training locally…
10:26:54 [INFO] fl_coap_iroh.fl.client — [rpi01] Round 18 — sending update…
10:26:54 [INFO] fl_coap_iroh.transport.iroh_node — send 13933B via direct in 268ms (0.42 Mbit/s) to 70738f558ecdb74a
10:26:54 [INFO] fl_coap_iroh.fl.client — [rpi01] Round 18 done — loss=1.0474 acc=0.4653  5.1s
10:26:54 [INFO] fl_coap_iroh.fl.client — [rpi01] Round 19 — receiving model…
10:26:58 [INFO] fl_coap_iroh.transport.iroh_node — recv 13933B via direct in 55ms
10:26:58 [INFO] fl_coap_iroh.fl.client — [rpi01] Round 19 — training locally…
10:26:59 [INFO] fl_coap_iroh.fl.client — [rpi01] Round 19 — sending update…
10:27:00 [INFO] fl_coap_iroh.transport.iroh_node — send 13933B via direct in 205ms (0.55 Mbit/s) to 70738f558ecdb74a
10:27:00 [INFO] fl_coap_iroh.fl.client — [rpi01] Round 19 done — loss=1.0421 acc=0.4570  5.2s
10:27:00 [INFO] fl_coap_iroh.fl.client — [rpi01] Round 20 — receiving model…
10:27:00 [INFO] fl_coap_iroh.transport.iroh_node — recv 13933B via direct in 88ms
10:27:00 [INFO] fl_coap_iroh.fl.client — [rpi01] Round 20 — training locally…
10:27:03 [INFO] fl_coap_iroh.fl.client — [rpi01] Round 20 — sending update…
10:27:03 [INFO] fl_coap_iroh.transport.iroh_node — send 13933B via direct in 354ms (0.32 Mbit/s) to 70738f558ecdb74a
10:27:03 [INFO] fl_coap_iroh.fl.client — [rpi01] Round 20 done — loss=1.0455 acc=0.4653  3.8s
10:27:03 [INFO] fl_coap_iroh.fl.client — [rpi01] Round 21 — receiving model…
10:27:04 [INFO] fl_coap_iroh.transport.iroh_node — recv 13933B via direct in 129ms
10:27:04 [INFO] fl_coap_iroh.fl.client — [rpi01] Round 21 — training locally…
10:27:06 [INFO] fl_coap_iroh.fl.client — [rpi01] Round 21 — sending update…
10:27:06 [INFO] fl_coap_iroh.transport.iroh_node — send 13933B via direct in 265ms (0.42 Mbit/s) to 70738f558ecdb74a
10:27:06 [INFO] fl_coap_iroh.fl.client — [rpi01] Round 21 done — loss=1.0434 acc=0.4683  3.0s
10:27:06 [INFO] fl_coap_iroh.fl.client — [rpi01] Round 22 — receiving model…
10:27:09 [INFO] fl_coap_iroh.transport.iroh_node — recv 13933B via direct in 168ms
10:27:09 [INFO] fl_coap_iroh.fl.client — [rpi01] Round 22 — training locally…
10:27:11 [INFO] fl_coap_iroh.fl.client — [rpi01] Round 22 — sending update…
10:27:11 [INFO] fl_coap_iroh.transport.iroh_node — send 13933B via direct in 184ms (0.61 Mbit/s) to 70738f558ecdb74a
10:27:11 [INFO] fl_coap_iroh.fl.client — [rpi01] Round 22 done — loss=1.0423 acc=0.4605  4.7s
10:27:11 [INFO] fl_coap_iroh.fl.client — [rpi01] Round 23 — receiving model…
10:27:12 [INFO] fl_coap_iroh.transport.iroh_node — recv 13933B via direct in 64ms
10:27:12 [INFO] fl_coap_iroh.fl.client — [rpi01] Round 23 — training locally…
10:27:13 [INFO] fl_coap_iroh.fl.client — [rpi01] Round 23 — sending update…
10:27:13 [INFO] fl_coap_iroh.transport.iroh_node — send 13933B via direct in 97ms (1.15 Mbit/s) to 70738f558ecdb74a
10:27:13 [INFO] fl_coap_iroh.fl.client — [rpi01] Round 23 done — loss=1.0445 acc=0.4648  2.0s
10:27:13 [INFO] fl_coap_iroh.fl.client — [rpi01] Round 24 — receiving model…
10:27:16 [INFO] fl_coap_iroh.transport.iroh_node — recv 13933B via direct in 40ms
10:27:16 [INFO] fl_coap_iroh.fl.client — [rpi01] Round 24 — training locally…
10:27:19 [INFO] fl_coap_iroh.fl.client — [rpi01] Round 24 — sending update…
10:27:19 [INFO] fl_coap_iroh.transport.iroh_node — send 13933B via direct in 219ms (0.51 Mbit/s) to 70738f558ecdb74a
10:27:19 [INFO] fl_coap_iroh.fl.client — [rpi01] Round 24 done — loss=1.0440 acc=0.4627  6.0s
10:27:19 [INFO] fl_coap_iroh.fl.client — [rpi01] Round 25 — receiving model…
10:27:19 [INFO] fl_coap_iroh.transport.iroh_node — recv 13933B via direct in 37ms
10:27:19 [INFO] fl_coap_iroh.fl.client — [rpi01] Round 25 — training locally…
10:27:21 [INFO] fl_coap_iroh.fl.client — [rpi01] Round 25 — sending update…
10:27:22 [INFO] fl_coap_iroh.transport.iroh_node — send 13933B via direct in 251ms (0.44 Mbit/s) to 70738f558ecdb74a
10:27:22 [INFO] fl_coap_iroh.fl.client — [rpi01] Round 25 done — loss=1.0410 acc=0.4679  2.6s
10:27:22 [INFO] fl_coap_iroh.fl.client — [rpi01] Round 26 — receiving model…
10:27:23 [INFO] fl_coap_iroh.transport.iroh_node — recv 13933B via direct in 214ms
10:27:23 [INFO] fl_coap_iroh.fl.client — [rpi01] Round 26 — training locally…
10:27:25 [INFO] fl_coap_iroh.fl.client — [rpi01] Round 26 — sending update…
10:27:26 [INFO] fl_coap_iroh.transport.iroh_node — send 13933B via direct in 389ms (0.29 Mbit/s) to 70738f558ecdb74a
10:27:26 [INFO] fl_coap_iroh.fl.client — [rpi01] Round 26 done — loss=1.0441 acc=0.4622  4.1s
10:27:26 [INFO] fl_coap_iroh.fl.client — [rpi01] Round 27 — receiving model…
10:27:27 [INFO] fl_coap_iroh.transport.iroh_node — recv 13933B via direct in 73ms
10:27:27 [INFO] fl_coap_iroh.fl.client — [rpi01] Round 27 — training locally…
10:27:29 [INFO] fl_coap_iroh.fl.client — [rpi01] Round 27 — sending update…
10:27:29 [INFO] fl_coap_iroh.transport.iroh_node — send 13933B via direct in 209ms (0.54 Mbit/s) to 70738f558ecdb74a
10:27:29 [INFO] fl_coap_iroh.fl.client — [rpi01] Round 27 done — loss=1.0449 acc=0.4644  3.0s
10:27:29 [INFO] fl_coap_iroh.fl.client — [rpi01] Round 28 — receiving model…
10:27:30 [INFO] fl_coap_iroh.transport.iroh_node — recv 13933B via direct in 64ms
10:27:30 [INFO] fl_coap_iroh.fl.client — [rpi01] Round 28 — training locally…
10:27:32 [INFO] fl_coap_iroh.fl.client — [rpi01] Round 28 — sending update…
10:27:32 [INFO] fl_coap_iroh.transport.iroh_node — send 13933B via direct in 120ms (0.93 Mbit/s) to 70738f558ecdb74a
10:27:32 [INFO] fl_coap_iroh.fl.client — [rpi01] Round 28 done — loss=1.0467 acc=0.4570  3.0s
10:27:32 [INFO] fl_coap_iroh.fl.client — [rpi01] Round 29 — receiving model…
10:27:34 [INFO] fl_coap_iroh.transport.iroh_node — recv 13933B via direct in 54ms
10:27:34 [INFO] fl_coap_iroh.fl.client — [rpi01] Round 29 — training locally…
10:27:35 [INFO] fl_coap_iroh.fl.client — [rpi01] Round 29 — sending update…
10:27:35 [INFO] fl_coap_iroh.transport.iroh_node — send 13933B via direct in 206ms (0.54 Mbit/s) to 70738f558ecdb74a
10:27:35 [INFO] fl_coap_iroh.fl.client — [rpi01] Round 29 done — loss=1.0453 acc=0.4588  3.7s
10:27:35 [INFO] fl_coap_iroh.fl.client — [rpi01] Round 30 — receiving model…
10:28:36 [INFO] fl_coap_iroh — No model received for 60s — federation finished
10:28:36 [INFO] fl_coap_iroh.coap.server — CoAP server [rpi01] stopped
10:28:36 [INFO] fl_coap_iroh.metrics.collector — Exported 58 rows → results/wan/rpi01/B_wan_transfers.csv
10:28:36 [INFO] fl_coap_iroh.metrics.collector — Exported 29 rows → results/wan/rpi01/B_wan_fl_metrics.csv
10:28:36 [INFO] fl_coap_iroh — Results: {'transfers': 'results/wan/rpi01/B_wan_transfers.csv', 'fl_metrics': 'results/wan/rpi01/B_wan_fl_metrics.csv', 'resource_samples': 'results/wan/rpi01/B_wan_rpi01_resource_samples.csv', 'resource_phases': 'results/wan/rpi01/B_wan_rpi01_resource_phases.csv'}
