09:55:06 [INFO] fl_coap_iroh.data.partition — Air quality dataset loaded: 28514 train / 3561 test | 6 features | 3 classes
09:55:06 [INFO] fl_coap_iroh.data.partition — Geographic partition: 10 provinces  min=2305  max=2922  mean=2851
09:55:06 [INFO] fl_coap_iroh.metrics.resources — Power source: hwmon
09:55:06 [INFO] fl_coap_iroh.transport.iroh_node — Iroh node started: a521f0558f5b4c6a  addrs=['85.48.2.235:64963', '172.17.0.1:57975', '172.18.0.1:57975', '192.168.197.140:57975']
09:55:06 [INFO] fl_coap_iroh.coap.server — CoAP server [pc1] listening on 0.0.0.0:5991
09:55:06 [INFO] fl_coap_iroh.fl.client — FLClient pc1 started (mock=False)
09:55:06 [INFO] fl_coap_iroh.transport.iroh_node — send 347B via direct in 82ms (0.04 Mbit/s) to 70738f558ecdb74a
09:55:06 [INFO] fl_coap_iroh — Registered over Iroh with server 70738f558ecdb74a
09:55:06 [INFO] fl_coap_iroh.fl.client — [pc1] Round 1 — receiving model…
09:55:14 [INFO] fl_coap_iroh.transport.iroh_node — recv 13933B via direct in 6ms
09:55:14 [INFO] fl_coap_iroh.fl.client — [pc1] Round 1 — training locally…
09:55:42 [INFO] fl_coap_iroh.fl.client — [pc1] Round 1 — sending update…
09:55:42 [INFO] fl_coap_iroh.transport.iroh_node — send 13933B via direct in 9ms (12.26 Mbit/s) to 70738f558ecdb74a
09:55:43 [INFO] fl_coap_iroh.fl.client — [pc1] Round 1 done — loss=1.0748 acc=0.3915  33.8s
09:55:43 [INFO] fl_coap_iroh.fl.client — [pc1] Round 2 — receiving model…
09:55:43 [INFO] fl_coap_iroh.transport.iroh_node — recv 13933B via direct in 6ms
09:55:43 [INFO] fl_coap_iroh.fl.client — [pc1] Round 2 — training locally…
09:55:46 [INFO] fl_coap_iroh.fl.client — [pc1] Round 2 — sending update…
09:55:46 [WARNING] fl_coap_iroh.transport.iroh_node — transfer attempt 1/2 failed (stream not acknowledged: IrohError:  closed by peer: 0) — retrying
09:55:47 [INFO] fl_coap_iroh.transport.iroh_node — send 13933B via direct in 1082ms (0.10 Mbit/s) to 70738f558ecdb74a (attempt 2)
09:55:47 [INFO] fl_coap_iroh.fl.client — [pc1] Round 2 done — loss=1.0718 acc=0.4066  4.3s
09:55:47 [INFO] fl_coap_iroh.fl.client — [pc1] Round 3 — receiving model…
09:55:47 [INFO] fl_coap_iroh.transport.iroh_node — recv 13933B via direct in 23ms
09:55:47 [INFO] fl_coap_iroh.fl.client — [pc1] Round 3 — training locally…
09:55:47 [INFO] fl_coap_iroh.fl.client — [pc1] Round 3 — sending update…
09:55:47 [INFO] fl_coap_iroh.transport.iroh_node — send 13933B via direct in 9ms (11.80 Mbit/s) to 70738f558ecdb74a
09:55:47 [INFO] fl_coap_iroh.fl.client — [pc1] Round 3 done — loss=1.0676 acc=0.4190  0.6s
09:55:47 [INFO] fl_coap_iroh.fl.client — [pc1] Round 4 — receiving model…
09:55:48 [INFO] fl_coap_iroh.transport.iroh_node — recv 13933B via direct in 11ms
09:55:48 [INFO] fl_coap_iroh.fl.client — [pc1] Round 4 — training locally…
09:56:04 [INFO] fl_coap_iroh.fl.client — [pc1] Round 4 — sending update…
09:56:04 [INFO] fl_coap_iroh.transport.iroh_node — send 13933B via direct in 25ms (4.47 Mbit/s) to 70738f558ecdb74a
09:56:04 [INFO] fl_coap_iroh.fl.client — [pc1] Round 4 done — loss=1.0681 acc=0.4045  14.7s
09:56:04 [INFO] fl_coap_iroh.fl.client — [pc1] Round 5 — receiving model…
09:56:04 [INFO] fl_coap_iroh.transport.iroh_node — recv 13933B via direct in 1ms
09:56:04 [INFO] fl_coap_iroh.fl.client — [pc1] Round 5 — training locally…
09:56:15 [INFO] fl_coap_iroh.fl.client — [pc1] Round 5 — sending update…
09:56:15 [INFO] fl_coap_iroh.transport.iroh_node — send 13933B via direct in 8ms (14.53 Mbit/s) to 70738f558ecdb74a
09:56:15 [INFO] fl_coap_iroh.fl.client — [pc1] Round 5 done — loss=1.0710 acc=0.4062  10.3s
09:56:15 [INFO] fl_coap_iroh.fl.client — [pc1] Round 6 — receiving model…
09:56:15 [INFO] fl_coap_iroh.transport.iroh_node — recv 13933B via direct in 8ms
09:56:15 [INFO] fl_coap_iroh.fl.client — [pc1] Round 6 — training locally…
09:56:24 [INFO] fl_coap_iroh.fl.client — [pc1] Round 6 — sending update…
09:56:24 [INFO] fl_coap_iroh.transport.iroh_node — send 13933B via direct in 10ms (10.81 Mbit/s) to 70738f558ecdb74a
09:56:24 [INFO] fl_coap_iroh.fl.client — [pc1] Round 6 done — loss=1.0668 acc=0.4159  9.4s
09:56:24 [INFO] fl_coap_iroh.fl.client — [pc1] Round 7 — receiving model…
09:56:24 [INFO] fl_coap_iroh.transport.iroh_node — recv 13933B via direct in 10ms
09:56:24 [INFO] fl_coap_iroh.fl.client — [pc1] Round 7 — training locally…
09:56:31 [INFO] fl_coap_iroh.fl.client — [pc1] Round 7 — sending update…
09:56:31 [INFO] fl_coap_iroh.transport.iroh_node — send 13933B via direct in 12ms (9.04 Mbit/s) to 70738f558ecdb74a
09:56:32 [INFO] fl_coap_iroh.fl.client — [pc1] Round 7 done — loss=1.0668 acc=0.4138  8.0s
09:56:32 [INFO] fl_coap_iroh.fl.client — [pc1] Round 8 — receiving model…
09:56:33 [INFO] fl_coap_iroh.transport.iroh_node — recv 13933B via direct in 14ms
09:56:33 [INFO] fl_coap_iroh.fl.client — [pc1] Round 8 — training locally…
09:56:47 [INFO] fl_coap_iroh.fl.client — [pc1] Round 8 — sending update…
09:56:47 [INFO] fl_coap_iroh.transport.iroh_node — send 13933B via direct in 16ms (6.88 Mbit/s) to 70738f558ecdb74a
09:56:48 [INFO] fl_coap_iroh.fl.client — [pc1] Round 8 done — loss=1.0675 acc=0.4220  13.7s
09:56:48 [INFO] fl_coap_iroh.fl.client — [pc1] Round 9 — receiving model…
09:56:48 [INFO] fl_coap_iroh.transport.iroh_node — recv 13933B via direct in 21ms
09:56:48 [INFO] fl_coap_iroh.fl.client — [pc1] Round 9 — training locally…
09:57:04 [INFO] fl_coap_iroh.fl.client — [pc1] Round 9 — sending update…
09:57:04 [INFO] fl_coap_iroh.transport.iroh_node — send 13933B via direct in 15ms (7.63 Mbit/s) to 70738f558ecdb74a
09:57:04 [INFO] fl_coap_iroh.fl.client — [pc1] Round 9 done — loss=1.0662 acc=0.3997  16.2s
09:57:04 [INFO] fl_coap_iroh.fl.client — [pc1] Round 10 — receiving model…
09:57:04 [INFO] fl_coap_iroh.transport.iroh_node — recv 13933B via direct in 14ms
09:57:04 [INFO] fl_coap_iroh.fl.client — [pc1] Round 10 — training locally…
09:57:12 [INFO] fl_coap_iroh.fl.client — [pc1] Round 10 — sending update…
09:57:12 [INFO] fl_coap_iroh.transport.iroh_node — send 13933B via direct in 17ms (6.40 Mbit/s) to 70738f558ecdb74a
09:57:13 [INFO] fl_coap_iroh.fl.client — [pc1] Round 10 done — loss=1.0663 acc=0.4148  6.5s
09:57:13 [INFO] fl_coap_iroh.fl.client — [pc1] Round 11 — receiving model…
09:57:14 [INFO] fl_coap_iroh.transport.iroh_node — recv 13933B via direct in 12ms
09:57:14 [INFO] fl_coap_iroh.fl.client — [pc1] Round 11 — training locally…
09:57:23 [INFO] fl_coap_iroh.fl.client — [pc1] Round 11 — sending update…
09:57:23 [WARNING] fl_coap_iroh.transport.iroh_node — transfer attempt 1/2 failed (stream not acknowledged: IrohError:  closed by peer: 0) — retrying
09:57:24 [INFO] fl_coap_iroh.transport.iroh_node — send 13933B via direct in 1036ms (0.11 Mbit/s) to 70738f558ecdb74a (attempt 2)
09:57:25 [INFO] fl_coap_iroh.fl.client — [pc1] Round 11 done — loss=1.0666 acc=0.4152  11.6s
09:57:25 [INFO] fl_coap_iroh.fl.client — [pc1] Round 12 — receiving model…
09:57:25 [INFO] fl_coap_iroh.transport.iroh_node — recv 13933B via direct in 11ms
09:57:25 [INFO] fl_coap_iroh.fl.client — [pc1] Round 12 — training locally…
09:57:26 [INFO] fl_coap_iroh.fl.client — [pc1] Round 12 — sending update…
09:57:26 [INFO] fl_coap_iroh.transport.iroh_node — send 13933B via direct in 12ms (9.14 Mbit/s) to 70738f558ecdb74a
09:57:26 [INFO] fl_coap_iroh.fl.client — [pc1] Round 12 done — loss=1.0610 acc=0.4313  1.5s
09:57:26 [INFO] fl_coap_iroh.fl.client — [pc1] Round 13 — receiving model…
09:57:27 [INFO] fl_coap_iroh.transport.iroh_node — recv 13933B via direct in 11ms
09:57:27 [INFO] fl_coap_iroh.fl.client — [pc1] Round 13 — training locally…
09:57:31 [INFO] fl_coap_iroh.fl.client — [pc1] Round 13 — sending update…
09:57:31 [INFO] fl_coap_iroh.transport.iroh_node — send 13933B via direct in 15ms (7.49 Mbit/s) to 70738f558ecdb74a
09:57:32 [INFO] fl_coap_iroh.fl.client — [pc1] Round 13 done — loss=1.0654 acc=0.4248  5.7s
09:57:32 [INFO] fl_coap_iroh.fl.client — [pc1] Round 14 — receiving model…
09:57:32 [INFO] fl_coap_iroh.transport.iroh_node — recv 13933B via direct in 13ms
09:57:32 [INFO] fl_coap_iroh.fl.client — [pc1] Round 14 — training locally…
09:57:38 [INFO] fl_coap_iroh.fl.client — [pc1] Round 14 — sending update…
09:57:38 [INFO] fl_coap_iroh.transport.iroh_node — send 13933B via direct in 12ms (9.66 Mbit/s) to 70738f558ecdb74a
09:57:39 [INFO] fl_coap_iroh.fl.client — [pc1] Round 14 done — loss=1.0673 acc=0.4169  6.6s
09:57:39 [INFO] fl_coap_iroh.fl.client — [pc1] Round 15 — receiving model…
09:57:39 [INFO] fl_coap_iroh.transport.iroh_node — recv 13933B via direct in 8ms
09:57:39 [INFO] fl_coap_iroh.fl.client — [pc1] Round 15 — training locally…
09:57:47 [INFO] fl_coap_iroh.fl.client — [pc1] Round 15 — sending update…
09:57:47 [INFO] fl_coap_iroh.transport.iroh_node — send 13933B via direct in 8ms (13.18 Mbit/s) to 70738f558ecdb74a
09:57:48 [INFO] fl_coap_iroh.fl.client — [pc1] Round 15 done — loss=1.0664 acc=0.4111  6.6s
09:57:48 [INFO] fl_coap_iroh.fl.client — [pc1] Round 16 — receiving model…
09:57:48 [INFO] fl_coap_iroh.transport.iroh_node — recv 13933B via direct in 10ms
09:57:48 [INFO] fl_coap_iroh.fl.client — [pc1] Round 16 — training locally…
09:57:48 [INFO] fl_coap_iroh.fl.client — [pc1] Round 16 — sending update…
09:57:48 [INFO] fl_coap_iroh.transport.iroh_node — send 13933B via direct in 11ms (10.18 Mbit/s) to 70738f558ecdb74a
09:57:48 [INFO] fl_coap_iroh.fl.client — [pc1] Round 16 done — loss=1.0590 acc=0.4272  0.8s
09:57:48 [INFO] fl_coap_iroh.fl.client — [pc1] Round 17 — receiving model…
09:57:49 [INFO] fl_coap_iroh.transport.iroh_node — recv 13933B via direct in 9ms
09:57:49 [INFO] fl_coap_iroh.fl.client — [pc1] Round 17 — training locally…
09:57:55 [INFO] fl_coap_iroh.fl.client — [pc1] Round 17 — sending update…
09:57:55 [INFO] fl_coap_iroh.transport.iroh_node — send 13933B via direct in 13ms (8.88 Mbit/s) to 70738f558ecdb74a
09:57:56 [INFO] fl_coap_iroh.fl.client — [pc1] Round 17 done — loss=1.0625 acc=0.4176  7.3s
09:57:56 [INFO] fl_coap_iroh.fl.client — [pc1] Round 18 — receiving model…
09:57:56 [INFO] fl_coap_iroh.transport.iroh_node — recv 13933B via direct in 9ms
09:57:56 [INFO] fl_coap_iroh.fl.client — [pc1] Round 18 — training locally…
09:57:58 [INFO] fl_coap_iroh.fl.client — [pc1] Round 18 — sending update…
09:57:58 [INFO] fl_coap_iroh.transport.iroh_node — send 13933B via direct in 10ms (11.04 Mbit/s) to 70738f558ecdb74a
09:57:58 [INFO] fl_coap_iroh.fl.client — [pc1] Round 18 done — loss=1.0633 acc=0.4234  2.6s
09:57:58 [INFO] fl_coap_iroh.fl.client — [pc1] Round 19 — receiving model…
09:57:58 [INFO] fl_coap_iroh.transport.iroh_node — recv 13933B via direct in 16ms
09:57:58 [INFO] fl_coap_iroh.fl.client — [pc1] Round 19 — training locally…
09:58:05 [INFO] fl_coap_iroh.fl.client — [pc1] Round 19 — sending update…
09:58:05 [WARNING] fl_coap_iroh.transport.iroh_node — transfer attempt 1/2 failed (stream not acknowledged: IrohError:  closed by peer: 0) — retrying
09:58:06 [INFO] fl_coap_iroh.transport.iroh_node — send 13933B via direct in 1044ms (0.11 Mbit/s) to 70738f558ecdb74a (attempt 2)
09:58:07 [INFO] fl_coap_iroh.fl.client — [pc1] Round 19 done — loss=1.0615 acc=0.4107  8.6s
09:58:07 [INFO] fl_coap_iroh.fl.client — [pc1] Round 20 — receiving model…
09:58:07 [INFO] fl_coap_iroh.transport.iroh_node — recv 13933B via direct in 9ms
09:58:07 [INFO] fl_coap_iroh.fl.client — [pc1] Round 20 — training locally…
09:58:14 [INFO] fl_coap_iroh.fl.client — [pc1] Round 20 — sending update…
09:58:14 [INFO] fl_coap_iroh.transport.iroh_node — send 13933B via direct in 23ms (4.85 Mbit/s) to 70738f558ecdb74a
09:58:15 [INFO] fl_coap_iroh.fl.client — [pc1] Round 20 done — loss=1.0623 acc=0.4172  8.3s
09:58:15 [INFO] fl_coap_iroh.fl.client — [pc1] Round 21 — receiving model…
09:58:15 [INFO] fl_coap_iroh.transport.iroh_node — recv 13933B via direct in 1ms
09:58:15 [INFO] fl_coap_iroh.fl.client — [pc1] Round 21 — training locally…
09:58:17 [INFO] fl_coap_iroh.fl.client — [pc1] Round 21 — sending update…
09:58:17 [INFO] fl_coap_iroh.transport.iroh_node — send 13933B via direct in 12ms (9.25 Mbit/s) to 70738f558ecdb74a
09:58:17 [INFO] fl_coap_iroh.fl.client — [pc1] Round 21 done — loss=1.0628 acc=0.4162  1.5s
09:58:17 [INFO] fl_coap_iroh.fl.client — [pc1] Round 22 — receiving model…
09:58:17 [INFO] fl_coap_iroh.transport.iroh_node — recv 13933B via direct in 3ms
09:58:17 [INFO] fl_coap_iroh.fl.client — [pc1] Round 22 — training locally…
09:58:22 [INFO] fl_coap_iroh.fl.client — [pc1] Round 22 — sending update…
09:58:22 [WARNING] fl_coap_iroh.transport.iroh_node — transfer attempt 1/2 failed (stream not acknowledged: IrohError:  closed by peer: 0) — retrying
09:58:23 [INFO] fl_coap_iroh.transport.iroh_node — send 13933B via direct in 1026ms (0.11 Mbit/s) to 70738f558ecdb74a (attempt 2)
09:58:23 [INFO] fl_coap_iroh.fl.client — [pc1] Round 22 done — loss=1.0614 acc=0.4203  4.2s
09:58:23 [INFO] fl_coap_iroh.fl.client — [pc1] Round 23 — receiving model…
09:58:23 [INFO] fl_coap_iroh.transport.iroh_node — recv 13933B via direct in 10ms
09:58:23 [INFO] fl_coap_iroh.fl.client — [pc1] Round 23 — training locally…
09:58:26 [INFO] fl_coap_iroh.fl.client — [pc1] Round 23 — sending update…
09:58:26 [INFO] fl_coap_iroh.transport.iroh_node — send 13933B via direct in 14ms (8.25 Mbit/s) to 70738f558ecdb74a
09:58:26 [INFO] fl_coap_iroh.fl.client — [pc1] Round 23 done — loss=1.0611 acc=0.4251  2.9s
09:58:26 [INFO] fl_coap_iroh.fl.client — [pc1] Round 24 — receiving model…
09:58:26 [INFO] fl_coap_iroh.transport.iroh_node — recv 13933B via direct in 14ms
09:58:26 [INFO] fl_coap_iroh.fl.client — [pc1] Round 24 — training locally…
09:58:39 [INFO] fl_coap_iroh.fl.client — [pc1] Round 24 — sending update…
09:58:39 [INFO] fl_coap_iroh.transport.iroh_node — send 13933B via direct in 18ms (6.26 Mbit/s) to 70738f558ecdb74a
09:58:39 [INFO] fl_coap_iroh.fl.client — [pc1] Round 24 done — loss=1.0580 acc=0.4214  13.3s
09:58:39 [INFO] fl_coap_iroh.fl.client — [pc1] Round 25 — receiving model…
09:58:39 [INFO] fl_coap_iroh.transport.iroh_node — recv 13933B via direct in 6ms
09:58:39 [INFO] fl_coap_iroh.fl.client — [pc1] Round 25 — training locally…
09:58:49 [INFO] fl_coap_iroh.fl.client — [pc1] Round 25 — sending update…
09:58:49 [INFO] fl_coap_iroh.transport.iroh_node — send 13933B via direct in 11ms (10.40 Mbit/s) to 70738f558ecdb74a
09:58:49 [INFO] fl_coap_iroh.fl.client — [pc1] Round 25 done — loss=1.0631 acc=0.4289  9.8s
09:58:49 [INFO] fl_coap_iroh.fl.client — [pc1] Round 26 — receiving model…
09:58:49 [INFO] fl_coap_iroh.transport.iroh_node — recv 13933B via direct in 12ms
09:58:49 [INFO] fl_coap_iroh.fl.client — [pc1] Round 26 — training locally…
09:59:02 [INFO] fl_coap_iroh.fl.client — [pc1] Round 26 — sending update…
09:59:02 [INFO] fl_coap_iroh.transport.iroh_node — send 13933B via direct in 16ms (6.79 Mbit/s) to 70738f558ecdb74a
09:59:02 [INFO] fl_coap_iroh.fl.client — [pc1] Round 26 done — loss=1.0594 acc=0.4262  10.9s
09:59:02 [INFO] fl_coap_iroh.fl.client — [pc1] Round 27 — receiving model…
09:59:02 [INFO] fl_coap_iroh.transport.iroh_node — recv 13933B via direct in 6ms
09:59:02 [INFO] fl_coap_iroh.fl.client — [pc1] Round 27 — training locally…
09:59:09 [INFO] fl_coap_iroh.fl.client — [pc1] Round 27 — sending update…
09:59:09 [INFO] fl_coap_iroh.transport.iroh_node — send 13933B via direct in 17ms (6.55 Mbit/s) to 70738f558ecdb74a
09:59:10 [INFO] fl_coap_iroh.fl.client — [pc1] Round 27 done — loss=1.0647 acc=0.4275  7.9s
09:59:10 [INFO] fl_coap_iroh.fl.client — [pc1] Round 28 — receiving model…
09:59:10 [INFO] fl_coap_iroh.transport.iroh_node — recv 13933B via direct in 1ms
09:59:10 [INFO] fl_coap_iroh.fl.client — [pc1] Round 28 — training locally…
09:59:11 [INFO] fl_coap_iroh.fl.client — [pc1] Round 28 — sending update…
09:59:11 [INFO] fl_coap_iroh.transport.iroh_node — send 13933B via direct in 11ms (10.30 Mbit/s) to 70738f558ecdb74a
09:59:12 [INFO] fl_coap_iroh.fl.client — [pc1] Round 28 done — loss=1.0612 acc=0.4203  1.4s
09:59:12 [INFO] fl_coap_iroh.fl.client — [pc1] Round 29 — receiving model…
09:59:12 [INFO] fl_coap_iroh.transport.iroh_node — recv 13933B via direct in 1ms
09:59:12 [INFO] fl_coap_iroh.fl.client — [pc1] Round 29 — training locally…
09:59:14 [INFO] fl_coap_iroh.fl.client — [pc1] Round 29 — sending update…
09:59:14 [INFO] fl_coap_iroh.transport.iroh_node — send 13933B via direct in 12ms (9.66 Mbit/s) to 70738f558ecdb74a
09:59:14 [INFO] fl_coap_iroh.fl.client — [pc1] Round 29 done — loss=1.0569 acc=0.4289  2.3s
09:59:14 [INFO] fl_coap_iroh.fl.client — [pc1] Round 30 — receiving model…
09:59:14 [INFO] fl_coap_iroh.transport.iroh_node — recv 13933B via direct in 1ms
09:59:14 [INFO] fl_coap_iroh.fl.client — [pc1] Round 30 — training locally…
09:59:15 [INFO] fl_coap_iroh.fl.client — [pc1] Round 30 — sending update…
09:59:15 [INFO] fl_coap_iroh.transport.iroh_node — send 13933B via direct in 9ms (11.88 Mbit/s) to 70738f558ecdb74a
09:59:15 [INFO] fl_coap_iroh.fl.client — [pc1] Round 30 done — loss=1.0585 acc=0.4155  0.7s
09:59:15 [INFO] fl_coap_iroh.coap.server — CoAP server [pc1] stopped
09:59:15 [INFO] fl_coap_iroh.metrics.collector — Exported 60 rows → results/h2h/fliroh/pc1/B_wan_transfers.csv
09:59:15 [INFO] fl_coap_iroh.metrics.collector — Exported 30 rows → results/h2h/fliroh/pc1/B_wan_fl_metrics.csv
09:59:15 [INFO] fl_coap_iroh — Results: {'transfers': 'results/h2h/fliroh/pc1/B_wan_transfers.csv', 'fl_metrics': 'results/h2h/fliroh/pc1/B_wan_fl_metrics.csv', 'resource_samples': 'results/h2h/fliroh/pc1/B_wan_pc1_resource_samples.csv', 'resource_phases': 'results/h2h/fliroh/pc1/B_wan_pc1_resource_phases.csv'}
