09:55:05 [INFO] fl_coap_iroh.data.partition — Air quality dataset loaded: 28514 train / 3561 test | 6 features | 3 classes
09:55:06 [INFO] fl_coap_iroh.data.partition — Geographic partition: 10 provinces  min=2305  max=2922  mean=2851
09:55:06 [INFO] fl_coap_iroh.metrics.resources — Power source: hwmon
09:55:06 [INFO] fl_coap_iroh.transport.iroh_node — Iroh node started: 5055684860c43a38  addrs=['85.48.2.235:64899', '172.17.0.1:46987', '172.18.0.1:46987', '192.168.197.140:46987']
09:55:06 [INFO] fl_coap_iroh.coap.server — CoAP server [pc2] listening on 0.0.0.0:5992
09:55:06 [INFO] fl_coap_iroh.fl.client — FLClient pc2 started (mock=False)
09:55:06 [INFO] fl_coap_iroh.transport.iroh_node — send 349B via direct in 6ms (0.53 Mbit/s) to 70738f558ecdb74a
09:55:06 [INFO] fl_coap_iroh — Registered over Iroh with server 70738f558ecdb74a
09:55:06 [INFO] fl_coap_iroh.fl.client — [pc2] Round 1 — receiving model…
09:55:14 [INFO] fl_coap_iroh.transport.iroh_node — recv 13933B via direct in 9ms
09:55:14 [INFO] fl_coap_iroh.fl.client — [pc2] Round 1 — training locally…
09:55:40 [INFO] fl_coap_iroh.fl.client — [pc2] Round 1 — sending update…
09:55:40 [INFO] fl_coap_iroh.transport.iroh_node — send 13933B via direct in 16ms (7.00 Mbit/s) to 70738f558ecdb74a
09:55:41 [INFO] fl_coap_iroh.fl.client — [pc2] Round 1 done — loss=1.0401 acc=0.4615  32.1s
09:55:41 [INFO] fl_coap_iroh.fl.client — [pc2] Round 2 — receiving model…
09:55:42 [INFO] fl_coap_iroh.transport.iroh_node — recv 13933B via direct in 32ms
09:55:42 [INFO] fl_coap_iroh.fl.client — [pc2] Round 2 — training locally…
09:55:46 [INFO] fl_coap_iroh.fl.client — [pc2] Round 2 — sending update…
09:55:46 [INFO] fl_coap_iroh.transport.iroh_node — send 13933B via direct in 9ms (12.69 Mbit/s) to 70738f558ecdb74a
09:55:46 [INFO] fl_coap_iroh.fl.client — [pc2] Round 2 done — loss=0.9841 acc=0.5089  5.2s
09:55:46 [INFO] fl_coap_iroh.fl.client — [pc2] Round 3 — receiving model…
09:55:46 [INFO] fl_coap_iroh.transport.iroh_node — recv 13933B via direct in 2ms
09:55:46 [INFO] fl_coap_iroh.fl.client — [pc2] Round 3 — training locally…
09:55:46 [INFO] fl_coap_iroh.fl.client — [pc2] Round 3 — sending update…
09:55:46 [INFO] fl_coap_iroh.transport.iroh_node — send 13933B via direct in 9ms (12.51 Mbit/s) to 70738f558ecdb74a
09:55:46 [INFO] fl_coap_iroh.fl.client — [pc2] Round 3 done — loss=0.9681 acc=0.5206  0.4s
09:55:46 [INFO] fl_coap_iroh.fl.client — [pc2] Round 4 — receiving model…
09:55:48 [INFO] fl_coap_iroh.transport.iroh_node — recv 13933B via direct in 6ms
09:55:48 [INFO] fl_coap_iroh.fl.client — [pc2] Round 4 — training locally…
09:56:03 [INFO] fl_coap_iroh.fl.client — [pc2] Round 4 — sending update…
09:56:03 [INFO] fl_coap_iroh.transport.iroh_node — send 13933B via direct in 15ms (7.40 Mbit/s) to 70738f558ecdb74a
09:56:04 [INFO] fl_coap_iroh.fl.client — [pc2] Round 4 done — loss=0.9579 acc=0.5350  15.5s
09:56:04 [INFO] fl_coap_iroh.fl.client — [pc2] Round 5 — receiving model…
09:56:04 [INFO] fl_coap_iroh.transport.iroh_node — recv 13933B via direct in 17ms
09:56:04 [INFO] fl_coap_iroh.fl.client — [pc2] Round 5 — training locally…
09:56:14 [INFO] fl_coap_iroh.fl.client — [pc2] Round 5 — sending update…
09:56:14 [INFO] fl_coap_iroh.transport.iroh_node — send 13933B via direct in 15ms (7.69 Mbit/s) to 70738f558ecdb74a
09:56:14 [INFO] fl_coap_iroh.fl.client — [pc2] Round 5 done — loss=0.9584 acc=0.5319  9.9s
09:56:14 [INFO] fl_coap_iroh.fl.client — [pc2] Round 6 — receiving model…
09:56:15 [INFO] fl_coap_iroh.transport.iroh_node — recv 13933B via direct in 6ms
09:56:15 [INFO] fl_coap_iroh.fl.client — [pc2] Round 6 — training locally…
09:56:23 [INFO] fl_coap_iroh.fl.client — [pc2] Round 6 — sending update…
09:56:23 [INFO] fl_coap_iroh.transport.iroh_node — send 13933B via direct in 17ms (6.65 Mbit/s) to 70738f558ecdb74a
09:56:24 [INFO] fl_coap_iroh.fl.client — [pc2] Round 6 done — loss=0.9507 acc=0.5350  9.4s
09:56:24 [INFO] fl_coap_iroh.fl.client — [pc2] Round 7 — receiving model…
09:56:24 [INFO] fl_coap_iroh.transport.iroh_node — recv 13933B via direct in 10ms
09:56:24 [INFO] fl_coap_iroh.fl.client — [pc2] Round 7 — training locally…
09:56:32 [INFO] fl_coap_iroh.fl.client — [pc2] Round 7 — sending update…
09:56:32 [INFO] fl_coap_iroh.transport.iroh_node — send 13933B via direct in 13ms (8.91 Mbit/s) to 70738f558ecdb74a
09:56:33 [INFO] fl_coap_iroh.fl.client — [pc2] Round 7 done — loss=0.9517 acc=0.5385  9.1s
09:56:33 [INFO] fl_coap_iroh.fl.client — [pc2] Round 8 — receiving model…
09:56:33 [INFO] fl_coap_iroh.transport.iroh_node — recv 13933B via direct in 1ms
09:56:33 [INFO] fl_coap_iroh.fl.client — [pc2] Round 8 — training locally…
09:56:44 [INFO] fl_coap_iroh.fl.client — [pc2] Round 8 — sending update…
09:56:44 [INFO] fl_coap_iroh.transport.iroh_node — send 13933B via direct in 99ms (1.13 Mbit/s) to 70738f558ecdb74a
09:56:46 [INFO] fl_coap_iroh.fl.client — [pc2] Round 8 done — loss=0.9468 acc=0.5405  11.0s
09:56:46 [INFO] fl_coap_iroh.fl.client — [pc2] Round 9 — receiving model…
09:56:48 [INFO] fl_coap_iroh.transport.iroh_node — recv 13933B via direct in 7ms
09:56:48 [INFO] fl_coap_iroh.fl.client — [pc2] Round 9 — training locally…
09:57:03 [INFO] fl_coap_iroh.fl.client — [pc2] Round 9 — sending update…
09:57:03 [INFO] fl_coap_iroh.transport.iroh_node — send 13933B via direct in 31ms (3.61 Mbit/s) to 70738f558ecdb74a
09:57:04 [INFO] fl_coap_iroh.fl.client — [pc2] Round 9 done — loss=0.9468 acc=0.5398  17.5s
09:57:04 [INFO] fl_coap_iroh.fl.client — [pc2] Round 10 — receiving model…
09:57:04 [INFO] fl_coap_iroh.transport.iroh_node — recv 13933B via direct in 10ms
09:57:04 [INFO] fl_coap_iroh.fl.client — [pc2] Round 10 — training locally…
09:57:13 [INFO] fl_coap_iroh.fl.client — [pc2] Round 10 — sending update…
09:57:13 [INFO] fl_coap_iroh.transport.iroh_node — send 13933B via direct in 8ms (13.41 Mbit/s) to 70738f558ecdb74a
09:57:14 [INFO] fl_coap_iroh.fl.client — [pc2] Round 10 done — loss=0.9447 acc=0.5330  8.0s
09:57:14 [INFO] fl_coap_iroh.fl.client — [pc2] Round 11 — receiving model…
09:57:14 [INFO] fl_coap_iroh.transport.iroh_node — recv 13933B via direct in 6ms
09:57:14 [INFO] fl_coap_iroh.fl.client — [pc2] Round 11 — training locally…
09:57:17 [INFO] fl_coap_iroh.fl.client — [pc2] Round 11 — sending update…
09:57:17 [INFO] fl_coap_iroh.transport.iroh_node — send 13933B via direct in 20ms (5.57 Mbit/s) to 70738f558ecdb74a
09:57:18 [INFO] fl_coap_iroh.fl.client — [pc2] Round 11 done — loss=0.9403 acc=0.5529  3.7s
09:57:18 [INFO] fl_coap_iroh.fl.client — [pc2] Round 12 — receiving model…
09:57:18 [INFO] fl_coap_iroh.transport.iroh_node — recv 13933B via direct in 0ms
09:57:18 [INFO] fl_coap_iroh.fl.client — [pc2] Round 12 — training locally…
09:57:24 [INFO] fl_coap_iroh.fl.client — [pc2] Round 12 — sending update…
09:57:24 [INFO] fl_coap_iroh.transport.iroh_node — send 13933B via direct in 12ms (9.07 Mbit/s) to 70738f558ecdb74a
09:57:24 [INFO] fl_coap_iroh.fl.client — [pc2] Round 12 done — loss=0.9474 acc=0.5361  6.0s
09:57:24 [INFO] fl_coap_iroh.fl.client — [pc2] Round 13 — receiving model…
09:57:24 [INFO] fl_coap_iroh.transport.iroh_node — recv 13933B via direct in 0ms
09:57:24 [INFO] fl_coap_iroh.fl.client — [pc2] Round 13 — training locally…
09:57:26 [INFO] fl_coap_iroh.fl.client — [pc2] Round 13 — sending update…
09:57:26 [INFO] fl_coap_iroh.transport.iroh_node — send 13933B via direct in 8ms (14.32 Mbit/s) to 70738f558ecdb74a
09:57:26 [INFO] fl_coap_iroh.fl.client — [pc2] Round 13 done — loss=0.9451 acc=0.5409  2.4s
09:57:26 [INFO] fl_coap_iroh.fl.client — [pc2] Round 14 — receiving model…
09:57:27 [INFO] fl_coap_iroh.transport.iroh_node — recv 13933B via direct in 9ms
09:57:27 [INFO] fl_coap_iroh.fl.client — [pc2] Round 14 — training locally…
09:57:32 [INFO] fl_coap_iroh.fl.client — [pc2] Round 14 — sending update…
09:57:32 [INFO] fl_coap_iroh.transport.iroh_node — send 13933B via direct in 9ms (11.92 Mbit/s) to 70738f558ecdb74a
09:57:33 [INFO] fl_coap_iroh.fl.client — [pc2] Round 14 done — loss=0.9436 acc=0.5446  6.5s
09:57:33 [INFO] fl_coap_iroh.fl.client — [pc2] Round 15 — receiving model…
09:57:33 [INFO] fl_coap_iroh.transport.iroh_node — recv 13933B via direct in 0ms
09:57:33 [INFO] fl_coap_iroh.fl.client — [pc2] Round 15 — training locally…
09:57:38 [INFO] fl_coap_iroh.fl.client — [pc2] Round 15 — sending update…
09:57:38 [INFO] fl_coap_iroh.transport.iroh_node — send 13933B via direct in 12ms (9.50 Mbit/s) to 70738f558ecdb74a
09:57:38 [INFO] fl_coap_iroh.fl.client — [pc2] Round 15 done — loss=0.9377 acc=0.5443  5.5s
09:57:38 [INFO] fl_coap_iroh.fl.client — [pc2] Round 16 — receiving model…
09:57:39 [INFO] fl_coap_iroh.transport.iroh_node — recv 13933B via direct in 11ms
09:57:39 [INFO] fl_coap_iroh.fl.client — [pc2] Round 16 — training locally…
09:57:47 [INFO] fl_coap_iroh.fl.client — [pc2] Round 16 — sending update…
09:57:47 [WARNING] fl_coap_iroh.transport.iroh_node — transfer attempt 1/2 failed (stream not acknowledged: IrohError:  closed by peer: 0) — retrying
09:57:48 [INFO] fl_coap_iroh.transport.iroh_node — send 13933B via direct in 1033ms (0.11 Mbit/s) to 70738f558ecdb74a (attempt 2)
09:57:48 [INFO] fl_coap_iroh.fl.client — [pc2] Round 16 done — loss=0.9331 acc=0.5505  7.9s
09:57:48 [INFO] fl_coap_iroh.fl.client — [pc2] Round 17 — receiving model…
09:57:48 [INFO] fl_coap_iroh.transport.iroh_node — recv 13933B via direct in 10ms
09:57:48 [INFO] fl_coap_iroh.fl.client — [pc2] Round 17 — training locally…
09:57:49 [INFO] fl_coap_iroh.fl.client — [pc2] Round 17 — sending update…
09:57:49 [INFO] fl_coap_iroh.transport.iroh_node — send 13933B via direct in 10ms (10.95 Mbit/s) to 70738f558ecdb74a
09:57:49 [INFO] fl_coap_iroh.fl.client — [pc2] Round 17 done — loss=0.9339 acc=0.5491  0.4s
09:57:49 [INFO] fl_coap_iroh.fl.client — [pc2] Round 18 — receiving model…
09:57:49 [INFO] fl_coap_iroh.transport.iroh_node — recv 13933B via direct in 3ms
09:57:49 [INFO] fl_coap_iroh.fl.client — [pc2] Round 18 — training locally…
09:57:56 [INFO] fl_coap_iroh.fl.client — [pc2] Round 18 — sending update…
09:57:56 [INFO] fl_coap_iroh.transport.iroh_node — send 13933B via direct in 12ms (9.55 Mbit/s) to 70738f558ecdb74a
09:57:56 [INFO] fl_coap_iroh.fl.client — [pc2] Round 18 done — loss=0.9385 acc=0.5374  7.4s
09:57:56 [INFO] fl_coap_iroh.fl.client — [pc2] Round 19 — receiving model…
09:57:56 [INFO] fl_coap_iroh.transport.iroh_node — recv 13933B via direct in 11ms
09:57:56 [INFO] fl_coap_iroh.fl.client — [pc2] Round 19 — training locally…
09:57:58 [INFO] fl_coap_iroh.fl.client — [pc2] Round 19 — sending update…
09:57:58 [INFO] fl_coap_iroh.transport.iroh_node — send 13933B via direct in 14ms (7.81 Mbit/s) to 70738f558ecdb74a
09:57:58 [INFO] fl_coap_iroh.fl.client — [pc2] Round 19 done — loss=0.9444 acc=0.5385  1.7s
09:57:58 [INFO] fl_coap_iroh.fl.client — [pc2] Round 20 — receiving model…
09:57:58 [INFO] fl_coap_iroh.transport.iroh_node — recv 13933B via direct in 14ms
09:57:58 [INFO] fl_coap_iroh.fl.client — [pc2] Round 20 — training locally…
09:58:05 [INFO] fl_coap_iroh.fl.client — [pc2] Round 20 — sending update…
09:58:05 [INFO] fl_coap_iroh.transport.iroh_node — send 13933B via direct in 10ms (10.79 Mbit/s) to 70738f558ecdb74a
09:58:05 [INFO] fl_coap_iroh.fl.client — [pc2] Round 20 done — loss=0.9279 acc=0.5491  7.5s
09:58:05 [INFO] fl_coap_iroh.fl.client — [pc2] Round 21 — receiving model…
09:58:05 [INFO] fl_coap_iroh.transport.iroh_node — recv 13933B via direct in 1ms
09:58:05 [INFO] fl_coap_iroh.fl.client — [pc2] Round 21 — training locally…
09:58:06 [INFO] fl_coap_iroh.fl.client — [pc2] Round 21 — sending update…
09:58:06 [INFO] fl_coap_iroh.transport.iroh_node — send 13933B via direct in 16ms (7.04 Mbit/s) to 70738f558ecdb74a
09:58:06 [INFO] fl_coap_iroh.fl.client — [pc2] Round 21 done — loss=0.9301 acc=0.5450  0.8s
09:58:06 [INFO] fl_coap_iroh.fl.client — [pc2] Round 22 — receiving model…
09:58:06 [INFO] fl_coap_iroh.transport.iroh_node — recv 13933B via direct in 1ms
09:58:06 [INFO] fl_coap_iroh.fl.client — [pc2] Round 22 — training locally…
09:58:10 [INFO] fl_coap_iroh.fl.client — [pc2] Round 22 — sending update…
09:58:10 [INFO] fl_coap_iroh.transport.iroh_node — send 13933B via direct in 13ms (8.59 Mbit/s) to 70738f558ecdb74a
09:58:10 [INFO] fl_coap_iroh.fl.client — [pc2] Round 22 done — loss=0.9341 acc=0.5488  4.0s
09:58:10 [INFO] fl_coap_iroh.fl.client — [pc2] Round 23 — receiving model…
09:58:10 [INFO] fl_coap_iroh.transport.iroh_node — recv 13933B via direct in 0ms
09:58:10 [INFO] fl_coap_iroh.fl.client — [pc2] Round 23 — training locally…
09:58:16 [INFO] fl_coap_iroh.fl.client — [pc2] Round 23 — sending update…
09:58:16 [WARNING] fl_coap_iroh.transport.iroh_node — transfer attempt 1/2 failed (stream not acknowledged: IrohError:  closed by peer: 0) — retrying
09:58:17 [INFO] fl_coap_iroh.transport.iroh_node — send 13933B via direct in 1031ms (0.11 Mbit/s) to 70738f558ecdb74a (attempt 2)
09:58:20 [INFO] fl_coap_iroh.fl.client — [pc2] Round 23 done — loss=0.9409 acc=0.5385  7.2s
09:58:20 [INFO] fl_coap_iroh.fl.client — [pc2] Round 24 — receiving model…
09:58:20 [INFO] fl_coap_iroh.transport.iroh_node — recv 13933B via direct in 11ms
09:58:20 [INFO] fl_coap_iroh.fl.client — [pc2] Round 24 — training locally…
09:58:22 [INFO] fl_coap_iroh.fl.client — [pc2] Round 24 — sending update…
09:58:22 [INFO] fl_coap_iroh.transport.iroh_node — send 13933B via direct in 8ms (14.64 Mbit/s) to 70738f558ecdb74a
09:58:22 [INFO] fl_coap_iroh.fl.client — [pc2] Round 24 done — loss=0.9410 acc=0.5436  2.6s
09:58:22 [INFO] fl_coap_iroh.fl.client — [pc2] Round 25 — receiving model…
09:58:22 [INFO] fl_coap_iroh.transport.iroh_node — recv 13933B via direct in 0ms
09:58:22 [INFO] fl_coap_iroh.fl.client — [pc2] Round 25 — training locally…
09:58:23 [INFO] fl_coap_iroh.fl.client — [pc2] Round 25 — sending update…
09:58:23 [INFO] fl_coap_iroh.transport.iroh_node — send 13933B via direct in 8ms (14.61 Mbit/s) to 70738f558ecdb74a
09:58:24 [INFO] fl_coap_iroh.fl.client — [pc2] Round 25 done — loss=0.9409 acc=0.5323  1.1s
09:58:24 [INFO] fl_coap_iroh.fl.client — [pc2] Round 26 — receiving model…
09:58:24 [INFO] fl_coap_iroh.transport.iroh_node — recv 13933B via direct in 0ms
09:58:24 [INFO] fl_coap_iroh.fl.client — [pc2] Round 26 — training locally…
09:58:26 [INFO] fl_coap_iroh.fl.client — [pc2] Round 26 — sending update…
09:58:26 [INFO] fl_coap_iroh.transport.iroh_node — send 13933B via direct in 15ms (7.42 Mbit/s) to 70738f558ecdb74a
09:58:27 [INFO] fl_coap_iroh.fl.client — [pc2] Round 26 done — loss=0.9352 acc=0.5457  3.1s
09:58:27 [INFO] fl_coap_iroh.fl.client — [pc2] Round 27 — receiving model…
09:58:27 [INFO] fl_coap_iroh.transport.iroh_node — recv 13933B via direct in 12ms
09:58:27 [INFO] fl_coap_iroh.fl.client — [pc2] Round 27 — training locally…
09:58:41 [INFO] fl_coap_iroh.fl.client — [pc2] Round 27 — sending update…
09:58:41 [INFO] fl_coap_iroh.transport.iroh_node — send 13933B via direct in 27ms (4.13 Mbit/s) to 70738f558ecdb74a
09:58:42 [INFO] fl_coap_iroh.fl.client — [pc2] Round 27 done — loss=0.9290 acc=0.5398  15.7s
09:58:42 [INFO] fl_coap_iroh.fl.client — [pc2] Round 28 — receiving model…
09:58:42 [INFO] fl_coap_iroh.transport.iroh_node — recv 13933B via direct in 15ms
09:58:42 [INFO] fl_coap_iroh.fl.client — [pc2] Round 28 — training locally…
09:58:50 [INFO] fl_coap_iroh.fl.client — [pc2] Round 28 — sending update…
09:58:50 [INFO] fl_coap_iroh.transport.iroh_node — send 13933B via direct in 14ms (7.87 Mbit/s) to 70738f558ecdb74a
09:58:51 [INFO] fl_coap_iroh.fl.client — [pc2] Round 28 done — loss=0.9324 acc=0.5398  8.4s
09:58:51 [INFO] fl_coap_iroh.fl.client — [pc2] Round 29 — receiving model…
09:58:51 [INFO] fl_coap_iroh.transport.iroh_node — recv 13933B via direct in 1ms
09:58:51 [INFO] fl_coap_iroh.fl.client — [pc2] Round 29 — training locally…
09:59:00 [INFO] fl_coap_iroh.fl.client — [pc2] Round 29 — sending update…
09:59:00 [INFO] fl_coap_iroh.transport.iroh_node — send 13933B via direct in 19ms (5.82 Mbit/s) to 70738f558ecdb74a
09:59:00 [INFO] fl_coap_iroh.fl.client — [pc2] Round 29 done — loss=0.9309 acc=0.5391  7.1s
09:59:00 [INFO] fl_coap_iroh.fl.client — [pc2] Round 30 — receiving model…
09:59:00 [INFO] fl_coap_iroh.transport.iroh_node — recv 13933B via direct in 0ms
09:59:00 [INFO] fl_coap_iroh.fl.client — [pc2] Round 30 — training locally…
09:59:07 [INFO] fl_coap_iroh.fl.client — [pc2] Round 30 — sending update…
09:59:07 [INFO] fl_coap_iroh.transport.iroh_node — send 13933B via direct in 18ms (6.27 Mbit/s) to 70738f558ecdb74a
09:59:08 [INFO] fl_coap_iroh.fl.client — [pc2] Round 30 done — loss=0.9373 acc=0.5419  7.8s
09:59:08 [INFO] fl_coap_iroh.coap.server — CoAP server [pc2] stopped
09:59:08 [INFO] fl_coap_iroh.metrics.collector — Exported 60 rows → results/h2h/fliroh/pc2/B_wan_transfers.csv
09:59:08 [INFO] fl_coap_iroh.metrics.collector — Exported 30 rows → results/h2h/fliroh/pc2/B_wan_fl_metrics.csv
09:59:08 [INFO] fl_coap_iroh — Results: {'transfers': 'results/h2h/fliroh/pc2/B_wan_transfers.csv', 'fl_metrics': 'results/h2h/fliroh/pc2/B_wan_fl_metrics.csv', 'resource_samples': 'results/h2h/fliroh/pc2/B_wan_pc2_resource_samples.csv', 'resource_phases': 'results/h2h/fliroh/pc2/B_wan_pc2_resource_phases.csv'}
