10:37:47 [INFO] fl_coap_iroh.data.partition — Air quality dataset loaded: 28514 train / 3561 test | 6 features | 3 classes
10:37:47 [INFO] fl_coap_iroh.data.partition — Geographic partition: 10 provinces  min=2305  max=2922  mean=2851
10:37:47 [INFO] fl_coap_iroh.metrics.resources — Power source: hwmon
10:37:48 [INFO] fl_coap_iroh.transport.iroh_node — Iroh node started: a521f0558f5b4c6a  addrs=['85.48.2.235:63159', '172.17.0.1:43793', '172.18.0.1:43793', '192.168.197.140:43793']
10:37:49 [INFO] fl_coap_iroh.coap.server — CoAP server [pc1] listening on 0.0.0.0:5991
10:37:49 [INFO] fl_coap_iroh.fl.client — FLClient pc1 started (mock=False)
10:37:49 [INFO] fl_coap_iroh.transport.iroh_node — send 349B via direct in 9ms (0.34 Mbit/s) to 70738f558ecdb74a
10:37:49 [INFO] fl_coap_iroh — Registered over Iroh with server 70738f558ecdb74a
10:37:49 [INFO] fl_coap_iroh.fl.client — [pc1] Round 1 — receiving model…
10:37:50 [INFO] fl_coap_iroh.transport.iroh_node — recv 13933B via direct in 9ms
10:37:50 [INFO] fl_coap_iroh.fl.client — [pc1] Round 1 — training locally…
10:38:41 [INFO] fl_coap_iroh.fl.client — [pc1] Round 1 — sending update…
10:38:41 [INFO] fl_coap_iroh.transport.iroh_node — send 13933B via direct in 9ms (12.99 Mbit/s) to 70738f558ecdb74a
10:38:41 [INFO] fl_coap_iroh.fl.client — [pc1] Round 1 done — loss=1.0748 acc=0.3915  50.2s
10:38:41 [INFO] fl_coap_iroh.fl.client — [pc1] Round 2 — receiving model…
10:38:43 [INFO] fl_coap_iroh.transport.iroh_node — recv 13933B via direct in 6ms
10:38:43 [INFO] fl_coap_iroh.fl.client — [pc1] Round 2 — training locally…
10:38:44 [INFO] fl_coap_iroh.fl.client — [pc1] Round 2 — sending update…
10:38:44 [INFO] fl_coap_iroh.transport.iroh_node — send 13933B via direct in 7ms (15.61 Mbit/s) to 70738f558ecdb74a
10:38:44 [INFO] fl_coap_iroh.fl.client — [pc1] Round 2 done — loss=1.0729 acc=0.3956  0.7s
10:38:44 [INFO] fl_coap_iroh.fl.client — [pc1] Round 3 — receiving model…
10:38:45 [INFO] fl_coap_iroh.transport.iroh_node — recv 13933B via direct in 5ms
10:38:45 [INFO] fl_coap_iroh.fl.client — [pc1] Round 3 — training locally…
10:38:45 [INFO] fl_coap_iroh.fl.client — [pc1] Round 3 — sending update…
10:38:45 [INFO] fl_coap_iroh.transport.iroh_node — send 13933B via direct in 9ms (12.27 Mbit/s) to 70738f558ecdb74a
10:38:45 [INFO] fl_coap_iroh.fl.client — [pc1] Round 3 done — loss=1.0687 acc=0.3966  1.0s
10:38:45 [INFO] fl_coap_iroh.fl.client — [pc1] Round 4 — receiving model…
10:38:48 [INFO] fl_coap_iroh.transport.iroh_node — recv 13933B via direct in 6ms
10:38:48 [INFO] fl_coap_iroh.fl.client — [pc1] Round 4 — training locally…
10:38:48 [INFO] fl_coap_iroh.fl.client — [pc1] Round 4 — sending update…
10:38:48 [INFO] fl_coap_iroh.transport.iroh_node — send 13933B via direct in 12ms (9.62 Mbit/s) to 70738f558ecdb74a
10:38:48 [INFO] fl_coap_iroh.fl.client — [pc1] Round 4 done — loss=1.0695 acc=0.4214  3.5s
10:38:48 [INFO] fl_coap_iroh.fl.client — [pc1] Round 5 — receiving model…
10:38:50 [INFO] fl_coap_iroh.transport.iroh_node — recv 13933B via direct in 7ms
10:38:50 [INFO] fl_coap_iroh.fl.client — [pc1] Round 5 — training locally…
10:38:51 [INFO] fl_coap_iroh.fl.client — [pc1] Round 5 — sending update…
10:38:51 [INFO] fl_coap_iroh.transport.iroh_node — send 13933B via direct in 13ms (8.79 Mbit/s) to 70738f558ecdb74a
10:38:51 [INFO] fl_coap_iroh.fl.client — [pc1] Round 5 done — loss=1.0630 acc=0.4166  2.2s
10:38:51 [INFO] fl_coap_iroh.fl.client — [pc1] Round 6 — receiving model…
10:38:52 [INFO] fl_coap_iroh.transport.iroh_node — recv 13933B via direct in 6ms
10:38:52 [INFO] fl_coap_iroh.fl.client — [pc1] Round 6 — training locally…
10:38:53 [INFO] fl_coap_iroh.fl.client — [pc1] Round 6 — sending update…
10:38:53 [INFO] fl_coap_iroh.transport.iroh_node — send 13933B via direct in 12ms (9.54 Mbit/s) to 70738f558ecdb74a
10:38:53 [INFO] fl_coap_iroh.fl.client — [pc1] Round 6 done — loss=1.0646 acc=0.4073  2.2s
10:38:53 [INFO] fl_coap_iroh.fl.client — [pc1] Round 7 — receiving model…
10:38:55 [INFO] fl_coap_iroh.transport.iroh_node — recv 13933B via direct in 5ms
10:38:55 [INFO] fl_coap_iroh.fl.client — [pc1] Round 7 — training locally…
10:38:55 [INFO] fl_coap_iroh.fl.client — [pc1] Round 7 — sending update…
10:38:55 [INFO] fl_coap_iroh.transport.iroh_node — send 13933B via direct in 12ms (9.50 Mbit/s) to 70738f558ecdb74a
10:38:55 [INFO] fl_coap_iroh.fl.client — [pc1] Round 7 done — loss=1.0647 acc=0.4138  2.4s
10:38:55 [INFO] fl_coap_iroh.fl.client — [pc1] Round 8 — receiving model…
10:38:57 [INFO] fl_coap_iroh.transport.iroh_node — recv 13933B via direct in 5ms
10:38:57 [INFO] fl_coap_iroh.fl.client — [pc1] Round 8 — training locally…
10:38:57 [INFO] fl_coap_iroh.fl.client — [pc1] Round 8 — sending update…
10:38:57 [INFO] fl_coap_iroh.transport.iroh_node — send 13933B via direct in 11ms (10.02 Mbit/s) to 70738f558ecdb74a
10:38:57 [INFO] fl_coap_iroh.fl.client — [pc1] Round 8 done — loss=1.0645 acc=0.4169  1.7s
10:38:57 [INFO] fl_coap_iroh.fl.client — [pc1] Round 9 — receiving model…
10:38:59 [INFO] fl_coap_iroh.transport.iroh_node — recv 13933B via direct in 8ms
10:38:59 [INFO] fl_coap_iroh.fl.client — [pc1] Round 9 — training locally…
10:38:59 [INFO] fl_coap_iroh.fl.client — [pc1] Round 9 — sending update…
10:38:59 [INFO] fl_coap_iroh.transport.iroh_node — send 13933B via direct in 9ms (12.07 Mbit/s) to 70738f558ecdb74a
10:38:59 [INFO] fl_coap_iroh.fl.client — [pc1] Round 9 done — loss=1.0664 acc=0.4159  2.4s
10:38:59 [INFO] fl_coap_iroh.fl.client — [pc1] Round 10 — receiving model…
10:39:02 [INFO] fl_coap_iroh.transport.iroh_node — recv 13933B via direct in 5ms
10:39:02 [INFO] fl_coap_iroh.fl.client — [pc1] Round 10 — training locally…
10:39:02 [INFO] fl_coap_iroh.fl.client — [pc1] Round 10 — sending update…
10:39:02 [INFO] fl_coap_iroh.transport.iroh_node — send 13933B via direct in 9ms (12.15 Mbit/s) to 70738f558ecdb74a
10:39:02 [INFO] fl_coap_iroh.fl.client — [pc1] Round 10 done — loss=1.0669 acc=0.4097  3.0s
10:39:02 [INFO] fl_coap_iroh.fl.client — [pc1] Round 11 — receiving model…
10:39:05 [INFO] fl_coap_iroh.transport.iroh_node — recv 13933B via direct in 7ms
10:39:05 [INFO] fl_coap_iroh.fl.client — [pc1] Round 11 — training locally…
10:39:06 [INFO] fl_coap_iroh.fl.client — [pc1] Round 11 — sending update…
10:39:06 [INFO] fl_coap_iroh.transport.iroh_node — send 13933B via direct in 11ms (10.36 Mbit/s) to 70738f558ecdb74a
10:39:06 [INFO] fl_coap_iroh.fl.client — [pc1] Round 11 done — loss=1.0604 acc=0.4251  3.6s
10:39:06 [INFO] fl_coap_iroh.fl.client — [pc1] Round 12 — receiving model…
10:39:08 [INFO] fl_coap_iroh.transport.iroh_node — recv 13933B via direct in 4ms
10:39:08 [INFO] fl_coap_iroh.fl.client — [pc1] Round 12 — training locally…
10:39:08 [INFO] fl_coap_iroh.fl.client — [pc1] Round 12 — sending update…
10:39:08 [INFO] fl_coap_iroh.transport.iroh_node — send 13933B via direct in 7ms (15.17 Mbit/s) to 70738f558ecdb74a
10:39:08 [INFO] fl_coap_iroh.fl.client — [pc1] Round 12 done — loss=1.0631 acc=0.4179  2.5s
10:39:08 [INFO] fl_coap_iroh.fl.client — [pc1] Round 13 — receiving model…
10:39:10 [INFO] fl_coap_iroh.transport.iroh_node — recv 13933B via direct in 5ms
10:39:10 [INFO] fl_coap_iroh.fl.client — [pc1] Round 13 — training locally…
10:39:10 [INFO] fl_coap_iroh.fl.client — [pc1] Round 13 — sending update…
10:39:10 [INFO] fl_coap_iroh.transport.iroh_node — send 13933B via direct in 6ms (17.54 Mbit/s) to 70738f558ecdb74a
10:39:10 [INFO] fl_coap_iroh.fl.client — [pc1] Round 13 done — loss=1.0662 acc=0.4131  1.9s
10:39:10 [INFO] fl_coap_iroh.fl.client — [pc1] Round 14 — receiving model…
10:39:12 [INFO] fl_coap_iroh.transport.iroh_node — recv 13933B via direct in 6ms
10:39:12 [INFO] fl_coap_iroh.fl.client — [pc1] Round 14 — training locally…
10:39:13 [INFO] fl_coap_iroh.fl.client — [pc1] Round 14 — sending update…
10:39:13 [INFO] fl_coap_iroh.transport.iroh_node — send 13933B via direct in 7ms (15.05 Mbit/s) to 70738f558ecdb74a
10:39:13 [INFO] fl_coap_iroh.fl.client — [pc1] Round 14 done — loss=1.0634 acc=0.4245  2.7s
10:39:13 [INFO] fl_coap_iroh.fl.client — [pc1] Round 15 — receiving model…
10:39:14 [INFO] fl_coap_iroh.transport.iroh_node — recv 13933B via direct in 5ms
10:39:14 [INFO] fl_coap_iroh.fl.client — [pc1] Round 15 — training locally…
10:39:15 [INFO] fl_coap_iroh.fl.client — [pc1] Round 15 — sending update…
10:39:15 [INFO] fl_coap_iroh.transport.iroh_node — send 13933B via direct in 9ms (12.07 Mbit/s) to 70738f558ecdb74a
10:39:15 [INFO] fl_coap_iroh.fl.client — [pc1] Round 15 done — loss=1.0632 acc=0.4262  1.8s
10:39:15 [INFO] fl_coap_iroh.fl.client — [pc1] Round 16 — receiving model…
10:39:18 [INFO] fl_coap_iroh.transport.iroh_node — recv 13933B via direct in 5ms
10:39:18 [INFO] fl_coap_iroh.fl.client — [pc1] Round 16 — training locally…
10:39:19 [INFO] fl_coap_iroh.fl.client — [pc1] Round 16 — sending update…
10:39:19 [INFO] fl_coap_iroh.transport.iroh_node — send 13933B via direct in 7ms (15.99 Mbit/s) to 70738f558ecdb74a
10:39:19 [INFO] fl_coap_iroh.fl.client — [pc1] Round 16 done — loss=1.0640 acc=0.4183  1.6s
10:39:19 [INFO] fl_coap_iroh.fl.client — [pc1] Round 17 — receiving model…
10:39:21 [INFO] fl_coap_iroh.transport.iroh_node — recv 13933B via direct in 8ms
10:39:21 [INFO] fl_coap_iroh.fl.client — [pc1] Round 17 — training locally…
10:39:21 [INFO] fl_coap_iroh.fl.client — [pc1] Round 17 — sending update…
10:39:21 [INFO] fl_coap_iroh.transport.iroh_node — send 13933B via direct in 7ms (15.99 Mbit/s) to 70738f558ecdb74a
10:39:21 [INFO] fl_coap_iroh.fl.client — [pc1] Round 17 done — loss=1.0621 acc=0.4282  2.7s
10:39:21 [INFO] fl_coap_iroh.fl.client — [pc1] Round 18 — receiving model…
10:39:23 [INFO] fl_coap_iroh.transport.iroh_node — recv 13933B via direct in 6ms
10:39:23 [INFO] fl_coap_iroh.fl.client — [pc1] Round 18 — training locally…
10:39:23 [INFO] fl_coap_iroh.fl.client — [pc1] Round 18 — sending update…
10:39:23 [INFO] fl_coap_iroh.transport.iroh_node — send 13933B via direct in 10ms (11.61 Mbit/s) to 70738f558ecdb74a
10:39:23 [INFO] fl_coap_iroh.fl.client — [pc1] Round 18 done — loss=1.0597 acc=0.4203  2.0s
10:39:23 [INFO] fl_coap_iroh.fl.client — [pc1] Round 19 — receiving model…
10:39:25 [INFO] fl_coap_iroh.transport.iroh_node — recv 13933B via direct in 6ms
10:39:25 [INFO] fl_coap_iroh.fl.client — [pc1] Round 19 — training locally…
10:39:25 [INFO] fl_coap_iroh.fl.client — [pc1] Round 19 — sending update…
10:39:25 [INFO] fl_coap_iroh.transport.iroh_node — send 13933B via direct in 8ms (14.09 Mbit/s) to 70738f558ecdb74a
10:39:25 [INFO] fl_coap_iroh.fl.client — [pc1] Round 19 done — loss=1.0587 acc=0.4231  1.6s
10:39:25 [INFO] fl_coap_iroh.fl.client — [pc1] Round 20 — receiving model…
10:39:27 [INFO] fl_coap_iroh.transport.iroh_node — recv 13933B via direct in 6ms
10:39:27 [INFO] fl_coap_iroh.fl.client — [pc1] Round 20 — training locally…
10:39:27 [INFO] fl_coap_iroh.fl.client — [pc1] Round 20 — sending update…
10:39:27 [INFO] fl_coap_iroh.transport.iroh_node — send 13933B via direct in 9ms (12.55 Mbit/s) to 70738f558ecdb74a
10:39:27 [INFO] fl_coap_iroh.fl.client — [pc1] Round 20 done — loss=1.0580 acc=0.4214  2.5s
10:39:27 [INFO] fl_coap_iroh.fl.client — [pc1] Round 21 — receiving model…
10:39:29 [INFO] fl_coap_iroh.transport.iroh_node — recv 13933B via direct in 8ms
10:39:29 [INFO] fl_coap_iroh.fl.client — [pc1] Round 21 — training locally…
10:39:29 [INFO] fl_coap_iroh.fl.client — [pc1] Round 21 — sending update…
10:39:29 [INFO] fl_coap_iroh.transport.iroh_node — send 13933B via direct in 8ms (14.73 Mbit/s) to 70738f558ecdb74a
10:39:29 [INFO] fl_coap_iroh.fl.client — [pc1] Round 21 done — loss=1.0654 acc=0.4220  2.0s
10:39:29 [INFO] fl_coap_iroh.fl.client — [pc1] Round 22 — receiving model…
10:39:31 [INFO] fl_coap_iroh.transport.iroh_node — recv 13933B via direct in 7ms
10:39:31 [INFO] fl_coap_iroh.fl.client — [pc1] Round 22 — training locally…
10:39:32 [INFO] fl_coap_iroh.fl.client — [pc1] Round 22 — sending update…
10:39:32 [INFO] fl_coap_iroh.transport.iroh_node — send 13933B via direct in 10ms (11.38 Mbit/s) to 70738f558ecdb74a
10:39:32 [INFO] fl_coap_iroh.fl.client — [pc1] Round 22 done — loss=1.0636 acc=0.4076  2.1s
10:39:32 [INFO] fl_coap_iroh.fl.client — [pc1] Round 23 — receiving model…
10:39:33 [INFO] fl_coap_iroh.transport.iroh_node — recv 13933B via direct in 7ms
10:39:33 [INFO] fl_coap_iroh.fl.client — [pc1] Round 23 — training locally…
10:39:34 [INFO] fl_coap_iroh.fl.client — [pc1] Round 23 — sending update…
10:39:34 [INFO] fl_coap_iroh.transport.iroh_node — send 13933B via direct in 8ms (13.95 Mbit/s) to 70738f558ecdb74a
10:39:34 [INFO] fl_coap_iroh.fl.client — [pc1] Round 23 done — loss=1.0603 acc=0.4227  2.2s
10:39:34 [INFO] fl_coap_iroh.fl.client — [pc1] Round 24 — receiving model…
10:39:35 [INFO] fl_coap_iroh.transport.iroh_node — recv 13933B via direct in 4ms
10:39:35 [INFO] fl_coap_iroh.fl.client — [pc1] Round 24 — training locally…
10:39:36 [INFO] fl_coap_iroh.fl.client — [pc1] Round 24 — sending update…
10:39:36 [INFO] fl_coap_iroh.transport.iroh_node — send 13933B via direct in 6ms (17.64 Mbit/s) to 70738f558ecdb74a
10:39:36 [INFO] fl_coap_iroh.fl.client — [pc1] Round 24 done — loss=1.0626 acc=0.4227  2.1s
10:39:36 [INFO] fl_coap_iroh.fl.client — [pc1] Round 25 — receiving model…
10:39:37 [INFO] fl_coap_iroh.transport.iroh_node — recv 13933B via direct in 8ms
10:39:37 [INFO] fl_coap_iroh.fl.client — [pc1] Round 25 — training locally…
10:39:38 [INFO] fl_coap_iroh.fl.client — [pc1] Round 25 — sending update…
10:39:38 [INFO] fl_coap_iroh.transport.iroh_node — send 13933B via direct in 12ms (9.24 Mbit/s) to 70738f558ecdb74a
10:39:38 [INFO] fl_coap_iroh.fl.client — [pc1] Round 25 done — loss=1.0565 acc=0.4227  2.1s
10:39:38 [INFO] fl_coap_iroh.fl.client — [pc1] Round 26 — receiving model…
10:39:39 [INFO] fl_coap_iroh.transport.iroh_node — recv 13933B via direct in 7ms
10:39:39 [INFO] fl_coap_iroh.fl.client — [pc1] Round 26 — training locally…
10:39:40 [INFO] fl_coap_iroh.fl.client — [pc1] Round 26 — sending update…
10:39:40 [INFO] fl_coap_iroh.transport.iroh_node — send 13933B via direct in 5ms (20.87 Mbit/s) to 70738f558ecdb74a
10:39:40 [INFO] fl_coap_iroh.fl.client — [pc1] Round 26 done — loss=1.0583 acc=0.4234  2.1s
10:39:40 [INFO] fl_coap_iroh.fl.client — [pc1] Round 27 — receiving model…
10:39:42 [INFO] fl_coap_iroh.transport.iroh_node — recv 13933B via direct in 5ms
10:39:42 [INFO] fl_coap_iroh.fl.client — [pc1] Round 27 — training locally…
10:39:42 [INFO] fl_coap_iroh.fl.client — [pc1] Round 27 — sending update…
10:39:42 [INFO] fl_coap_iroh.transport.iroh_node — send 13933B via direct in 7ms (16.37 Mbit/s) to 70738f558ecdb74a
10:39:42 [INFO] fl_coap_iroh.fl.client — [pc1] Round 27 done — loss=1.0621 acc=0.4200  1.9s
10:39:42 [INFO] fl_coap_iroh.fl.client — [pc1] Round 28 — receiving model…
10:39:44 [INFO] fl_coap_iroh.transport.iroh_node — recv 13933B via direct in 7ms
10:39:44 [INFO] fl_coap_iroh.fl.client — [pc1] Round 28 — training locally…
10:39:44 [INFO] fl_coap_iroh.fl.client — [pc1] Round 28 — sending update…
10:39:44 [INFO] fl_coap_iroh.transport.iroh_node — send 13933B via direct in 8ms (13.16 Mbit/s) to 70738f558ecdb74a
10:39:44 [INFO] fl_coap_iroh.fl.client — [pc1] Round 28 done — loss=1.0586 acc=0.4286  2.0s
10:39:44 [INFO] fl_coap_iroh.fl.client — [pc1] Round 29 — receiving model…
10:39:46 [INFO] fl_coap_iroh.transport.iroh_node — recv 13933B via direct in 4ms
10:39:46 [INFO] fl_coap_iroh.fl.client — [pc1] Round 29 — training locally…
10:39:47 [INFO] fl_coap_iroh.fl.client — [pc1] Round 29 — sending update…
10:39:47 [INFO] fl_coap_iroh.transport.iroh_node — send 13933B via direct in 7ms (15.01 Mbit/s) to 70738f558ecdb74a
10:39:47 [INFO] fl_coap_iroh.fl.client — [pc1] Round 29 done — loss=1.0612 acc=0.4251  2.5s
10:39:47 [INFO] fl_coap_iroh.fl.client — [pc1] Round 30 — receiving model…
10:39:48 [INFO] fl_coap_iroh.transport.iroh_node — recv 13933B via direct in 6ms
10:39:48 [INFO] fl_coap_iroh.fl.client — [pc1] Round 30 — training locally…
10:39:49 [INFO] fl_coap_iroh.fl.client — [pc1] Round 30 — sending update…
10:39:49 [INFO] fl_coap_iroh.transport.iroh_node — send 13933B via direct in 8ms (13.75 Mbit/s) to 70738f558ecdb74a
10:39:49 [INFO] fl_coap_iroh.fl.client — [pc1] Round 30 done — loss=1.0626 acc=0.4310  2.2s
10:39:49 [INFO] fl_coap_iroh.coap.server — CoAP server [pc1] stopped
10:39:49 [INFO] fl_coap_iroh.metrics.collector — Exported 60 rows → results/h2h/fliroh_v2/pc1/B_wan_transfers.csv
10:39:49 [INFO] fl_coap_iroh.metrics.collector — Exported 30 rows → results/h2h/fliroh_v2/pc1/B_wan_fl_metrics.csv
10:39:49 [INFO] fl_coap_iroh — Results: {'transfers': 'results/h2h/fliroh_v2/pc1/B_wan_transfers.csv', 'fl_metrics': 'results/h2h/fliroh_v2/pc1/B_wan_fl_metrics.csv', 'resource_samples': 'results/h2h/fliroh_v2/pc1/B_wan_pc1_resource_samples.csv', 'resource_phases': 'results/h2h/fliroh_v2/pc1/B_wan_pc1_resource_phases.csv'}
