10:37:47 [INFO] fl_coap_iroh.data.partition — Air quality dataset loaded: 28514 train / 3561 test | 6 features | 3 classes
10:37:47 [INFO] fl_coap_iroh.data.partition — Geographic partition: 10 provinces  min=2305  max=2922  mean=2851
10:37:47 [INFO] fl_coap_iroh.metrics.resources — Power source: hwmon
10:37:48 [INFO] fl_coap_iroh.transport.iroh_node — Iroh node started: 5055684860c43a38  addrs=['85.48.2.235:63137', '172.17.0.1:34149', '172.18.0.1:34149', '192.168.197.140:34149']
10:37:49 [INFO] fl_coap_iroh.coap.server — CoAP server [pc2] listening on 0.0.0.0:5992
10:37:49 [INFO] fl_coap_iroh.fl.client — FLClient pc2 started (mock=False)
10:37:49 [INFO] fl_coap_iroh.transport.iroh_node — send 349B via direct in 10ms (0.30 Mbit/s) to 70738f558ecdb74a
10:37:49 [INFO] fl_coap_iroh — Registered over Iroh with server 70738f558ecdb74a
10:37:49 [INFO] fl_coap_iroh.fl.client — [pc2] Round 1 — receiving model…
10:37:50 [INFO] fl_coap_iroh.transport.iroh_node — recv 13933B via direct in 14ms
10:37:50 [INFO] fl_coap_iroh.fl.client — [pc2] Round 1 — training locally…
10:38:41 [INFO] fl_coap_iroh.fl.client — [pc2] Round 1 — sending update…
10:38:41 [INFO] fl_coap_iroh.transport.iroh_node — send 13933B via direct in 14ms (8.09 Mbit/s) to 70738f558ecdb74a
10:38:41 [INFO] fl_coap_iroh.fl.client — [pc2] Round 1 done — loss=1.0401 acc=0.4615  50.1s
10:38:41 [INFO] fl_coap_iroh.fl.client — [pc2] Round 2 — receiving model…
10:38:43 [INFO] fl_coap_iroh.transport.iroh_node — recv 13933B via direct in 6ms
10:38:43 [INFO] fl_coap_iroh.fl.client — [pc2] Round 2 — training locally…
10:38:44 [INFO] fl_coap_iroh.fl.client — [pc2] Round 2 — sending update…
10:38:44 [INFO] fl_coap_iroh.transport.iroh_node — send 13933B via direct in 9ms (11.94 Mbit/s) to 70738f558ecdb74a
10:38:44 [INFO] fl_coap_iroh.fl.client — [pc2] Round 2 done — loss=0.9857 acc=0.5093  0.6s
10:38:44 [INFO] fl_coap_iroh.fl.client — [pc2] Round 3 — receiving model…
10:38:45 [INFO] fl_coap_iroh.transport.iroh_node — recv 13933B via direct in 7ms
10:38:45 [INFO] fl_coap_iroh.fl.client — [pc2] Round 3 — training locally…
10:38:45 [INFO] fl_coap_iroh.fl.client — [pc2] Round 3 — sending update…
10:38:45 [INFO] fl_coap_iroh.transport.iroh_node — send 13933B via direct in 7ms (15.76 Mbit/s) to 70738f558ecdb74a
10:38:45 [INFO] fl_coap_iroh.fl.client — [pc2] Round 3 done — loss=0.9647 acc=0.5275  1.1s
10:38:45 [INFO] fl_coap_iroh.fl.client — [pc2] Round 4 — receiving model…
10:38:48 [INFO] fl_coap_iroh.transport.iroh_node — recv 13933B via direct in 4ms
10:38:48 [INFO] fl_coap_iroh.fl.client — [pc2] Round 4 — training locally…
10:38:49 [INFO] fl_coap_iroh.fl.client — [pc2] Round 4 — sending update…
10:38:49 [INFO] fl_coap_iroh.transport.iroh_node — send 13933B via direct in 5ms (20.85 Mbit/s) to 70738f558ecdb74a
10:38:49 [INFO] fl_coap_iroh.fl.client — [pc2] Round 4 done — loss=0.9587 acc=0.5295  3.5s
10:38:49 [INFO] fl_coap_iroh.fl.client — [pc2] Round 5 — receiving model…
10:38:50 [INFO] fl_coap_iroh.transport.iroh_node — recv 13933B via direct in 9ms
10:38:50 [INFO] fl_coap_iroh.fl.client — [pc2] Round 5 — training locally…
10:38:51 [INFO] fl_coap_iroh.fl.client — [pc2] Round 5 — sending update…
10:38:51 [INFO] fl_coap_iroh.transport.iroh_node — send 13933B via direct in 8ms (13.44 Mbit/s) to 70738f558ecdb74a
10:38:51 [INFO] fl_coap_iroh.fl.client — [pc2] Round 5 done — loss=0.9553 acc=0.5337  2.2s
10:38:51 [INFO] fl_coap_iroh.fl.client — [pc2] Round 6 — receiving model…
10:38:52 [INFO] fl_coap_iroh.transport.iroh_node — recv 13933B via direct in 6ms
10:38:52 [INFO] fl_coap_iroh.fl.client — [pc2] Round 6 — training locally…
10:38:53 [INFO] fl_coap_iroh.fl.client — [pc2] Round 6 — sending update…
10:38:53 [INFO] fl_coap_iroh.transport.iroh_node — send 13933B via direct in 6ms (18.93 Mbit/s) to 70738f558ecdb74a
10:38:53 [INFO] fl_coap_iroh.fl.client — [pc2] Round 6 done — loss=0.9557 acc=0.5326  2.2s
10:38:53 [INFO] fl_coap_iroh.fl.client — [pc2] Round 7 — receiving model…
10:38:55 [INFO] fl_coap_iroh.transport.iroh_node — recv 13933B via direct in 6ms
10:38:55 [INFO] fl_coap_iroh.fl.client — [pc2] Round 7 — training locally…
10:38:55 [INFO] fl_coap_iroh.fl.client — [pc2] Round 7 — sending update…
10:38:55 [INFO] fl_coap_iroh.transport.iroh_node — send 13933B via direct in 8ms (13.57 Mbit/s) to 70738f558ecdb74a
10:38:55 [INFO] fl_coap_iroh.fl.client — [pc2] Round 7 done — loss=0.9498 acc=0.5330  2.4s
10:38:55 [INFO] fl_coap_iroh.fl.client — [pc2] Round 8 — receiving model…
10:38:57 [INFO] fl_coap_iroh.transport.iroh_node — recv 13933B via direct in 7ms
10:38:57 [INFO] fl_coap_iroh.fl.client — [pc2] Round 8 — training locally…
10:38:57 [INFO] fl_coap_iroh.fl.client — [pc2] Round 8 — sending update…
10:38:57 [INFO] fl_coap_iroh.transport.iroh_node — send 13933B via direct in 13ms (8.86 Mbit/s) to 70738f558ecdb74a
10:38:57 [INFO] fl_coap_iroh.fl.client — [pc2] Round 8 done — loss=0.9518 acc=0.5316  1.7s
10:38:57 [INFO] fl_coap_iroh.fl.client — [pc2] Round 9 — receiving model…
10:38:59 [INFO] fl_coap_iroh.transport.iroh_node — recv 13933B via direct in 6ms
10:38:59 [INFO] fl_coap_iroh.fl.client — [pc2] Round 9 — training locally…
10:38:59 [INFO] fl_coap_iroh.fl.client — [pc2] Round 9 — sending update…
10:38:59 [INFO] fl_coap_iroh.transport.iroh_node — send 13933B via direct in 10ms (11.34 Mbit/s) to 70738f558ecdb74a
10:38:59 [INFO] fl_coap_iroh.fl.client — [pc2] Round 9 done — loss=0.9545 acc=0.5278  2.4s
10:38:59 [INFO] fl_coap_iroh.fl.client — [pc2] Round 10 — receiving model…
10:39:02 [INFO] fl_coap_iroh.transport.iroh_node — recv 13933B via direct in 6ms
10:39:02 [INFO] fl_coap_iroh.fl.client — [pc2] Round 10 — training locally…
10:39:02 [INFO] fl_coap_iroh.fl.client — [pc2] Round 10 — sending update…
10:39:02 [INFO] fl_coap_iroh.transport.iroh_node — send 13933B via direct in 10ms (11.27 Mbit/s) to 70738f558ecdb74a
10:39:02 [INFO] fl_coap_iroh.fl.client — [pc2] Round 10 done — loss=0.9514 acc=0.5367  2.9s
10:39:02 [INFO] fl_coap_iroh.fl.client — [pc2] Round 11 — receiving model…
10:39:05 [INFO] fl_coap_iroh.transport.iroh_node — recv 13933B via direct in 6ms
10:39:05 [INFO] fl_coap_iroh.fl.client — [pc2] Round 11 — training locally…
10:39:06 [INFO] fl_coap_iroh.fl.client — [pc2] Round 11 — sending update…
10:39:06 [INFO] fl_coap_iroh.transport.iroh_node — send 13933B via direct in 6ms (19.09 Mbit/s) to 70738f558ecdb74a
10:39:06 [INFO] fl_coap_iroh.fl.client — [pc2] Round 11 done — loss=0.9464 acc=0.5419  3.7s
10:39:06 [INFO] fl_coap_iroh.fl.client — [pc2] Round 12 — receiving model…
10:39:08 [INFO] fl_coap_iroh.transport.iroh_node — recv 13933B via direct in 4ms
10:39:08 [INFO] fl_coap_iroh.fl.client — [pc2] Round 12 — training locally…
10:39:08 [INFO] fl_coap_iroh.fl.client — [pc2] Round 12 — sending update…
10:39:08 [INFO] fl_coap_iroh.transport.iroh_node — send 13933B via direct in 11ms (10.19 Mbit/s) to 70738f558ecdb74a
10:39:08 [INFO] fl_coap_iroh.fl.client — [pc2] Round 12 done — loss=0.9427 acc=0.5409  2.4s
10:39:08 [INFO] fl_coap_iroh.fl.client — [pc2] Round 13 — receiving model…
10:39:10 [INFO] fl_coap_iroh.transport.iroh_node — recv 13933B via direct in 6ms
10:39:10 [INFO] fl_coap_iroh.fl.client — [pc2] Round 13 — training locally…
10:39:10 [INFO] fl_coap_iroh.fl.client — [pc2] Round 13 — sending update…
10:39:10 [INFO] fl_coap_iroh.transport.iroh_node — send 13933B via direct in 14ms (7.95 Mbit/s) to 70738f558ecdb74a
10:39:10 [INFO] fl_coap_iroh.fl.client — [pc2] Round 13 done — loss=0.9398 acc=0.5388  1.8s
10:39:10 [INFO] fl_coap_iroh.fl.client — [pc2] Round 14 — receiving model…
10:39:12 [INFO] fl_coap_iroh.transport.iroh_node — recv 13933B via direct in 7ms
10:39:12 [INFO] fl_coap_iroh.fl.client — [pc2] Round 14 — training locally…
10:39:13 [INFO] fl_coap_iroh.fl.client — [pc2] Round 14 — sending update…
10:39:13 [INFO] fl_coap_iroh.transport.iroh_node — send 13933B via direct in 17ms (6.65 Mbit/s) to 70738f558ecdb74a
10:39:13 [INFO] fl_coap_iroh.fl.client — [pc2] Round 14 done — loss=0.9341 acc=0.5457  2.6s
10:39:13 [INFO] fl_coap_iroh.fl.client — [pc2] Round 15 — receiving model…
10:39:14 [INFO] fl_coap_iroh.transport.iroh_node — recv 13933B via direct in 7ms
10:39:14 [INFO] fl_coap_iroh.fl.client — [pc2] Round 15 — training locally…
10:39:15 [INFO] fl_coap_iroh.fl.client — [pc2] Round 15 — sending update…
10:39:15 [INFO] fl_coap_iroh.transport.iroh_node — send 13933B via direct in 14ms (7.83 Mbit/s) to 70738f558ecdb74a
10:39:15 [INFO] fl_coap_iroh.fl.client — [pc2] Round 15 done — loss=0.9329 acc=0.5453  1.9s
10:39:15 [INFO] fl_coap_iroh.fl.client — [pc2] Round 16 — receiving model…
10:39:18 [INFO] fl_coap_iroh.transport.iroh_node — recv 13933B via direct in 6ms
10:39:18 [INFO] fl_coap_iroh.fl.client — [pc2] Round 16 — training locally…
10:39:19 [INFO] fl_coap_iroh.fl.client — [pc2] Round 16 — sending update…
10:39:19 [INFO] fl_coap_iroh.transport.iroh_node — send 13933B via direct in 7ms (15.99 Mbit/s) to 70738f558ecdb74a
10:39:19 [INFO] fl_coap_iroh.fl.client — [pc2] Round 16 done — loss=0.9295 acc=0.5474  1.6s
10:39:19 [INFO] fl_coap_iroh.fl.client — [pc2] Round 17 — receiving model…
10:39:21 [INFO] fl_coap_iroh.transport.iroh_node — recv 13933B via direct in 9ms
10:39:21 [INFO] fl_coap_iroh.fl.client — [pc2] Round 17 — training locally…
10:39:21 [INFO] fl_coap_iroh.fl.client — [pc2] Round 17 — sending update…
10:39:21 [INFO] fl_coap_iroh.transport.iroh_node — send 13933B via direct in 11ms (10.05 Mbit/s) to 70738f558ecdb74a
10:39:21 [INFO] fl_coap_iroh.fl.client — [pc2] Round 17 done — loss=0.9306 acc=0.5443  2.7s
10:39:21 [INFO] fl_coap_iroh.fl.client — [pc2] Round 18 — receiving model…
10:39:23 [INFO] fl_coap_iroh.transport.iroh_node — recv 13933B via direct in 3ms
10:39:23 [INFO] fl_coap_iroh.fl.client — [pc2] Round 18 — training locally…
10:39:23 [INFO] fl_coap_iroh.fl.client — [pc2] Round 18 — sending update…
10:39:23 [INFO] fl_coap_iroh.transport.iroh_node — send 13933B via direct in 8ms (13.17 Mbit/s) to 70738f558ecdb74a
10:39:23 [INFO] fl_coap_iroh.fl.client — [pc2] Round 18 done — loss=0.9352 acc=0.5464  2.0s
10:39:23 [INFO] fl_coap_iroh.fl.client — [pc2] Round 19 — receiving model…
10:39:25 [INFO] fl_coap_iroh.transport.iroh_node — recv 13933B via direct in 5ms
10:39:25 [INFO] fl_coap_iroh.fl.client — [pc2] Round 19 — training locally…
10:39:25 [INFO] fl_coap_iroh.fl.client — [pc2] Round 19 — sending update…
10:39:25 [INFO] fl_coap_iroh.transport.iroh_node — send 13933B via direct in 8ms (14.71 Mbit/s) to 70738f558ecdb74a
10:39:25 [INFO] fl_coap_iroh.fl.client — [pc2] Round 19 done — loss=0.9397 acc=0.5436  1.7s
10:39:25 [INFO] fl_coap_iroh.fl.client — [pc2] Round 20 — receiving model…
10:39:27 [INFO] fl_coap_iroh.transport.iroh_node — recv 13933B via direct in 4ms
10:39:27 [INFO] fl_coap_iroh.fl.client — [pc2] Round 20 — training locally…
10:39:27 [INFO] fl_coap_iroh.fl.client — [pc2] Round 20 — sending update…
10:39:27 [INFO] fl_coap_iroh.transport.iroh_node — send 13933B via direct in 11ms (9.88 Mbit/s) to 70738f558ecdb74a
10:39:27 [INFO] fl_coap_iroh.fl.client — [pc2] Round 20 done — loss=0.9344 acc=0.5378  2.4s
10:39:27 [INFO] fl_coap_iroh.fl.client — [pc2] Round 21 — receiving model…
10:39:29 [INFO] fl_coap_iroh.transport.iroh_node — recv 13933B via direct in 7ms
10:39:29 [INFO] fl_coap_iroh.fl.client — [pc2] Round 21 — training locally…
10:39:30 [INFO] fl_coap_iroh.fl.client — [pc2] Round 21 — sending update…
10:39:30 [INFO] fl_coap_iroh.transport.iroh_node — send 13933B via direct in 8ms (14.86 Mbit/s) to 70738f558ecdb74a
10:39:30 [INFO] fl_coap_iroh.fl.client — [pc2] Round 21 done — loss=0.9334 acc=0.5450  2.2s
10:39:30 [INFO] fl_coap_iroh.fl.client — [pc2] Round 22 — receiving model…
10:39:31 [INFO] fl_coap_iroh.transport.iroh_node — recv 13933B via direct in 5ms
10:39:31 [INFO] fl_coap_iroh.fl.client — [pc2] Round 22 — training locally…
10:39:32 [INFO] fl_coap_iroh.fl.client — [pc2] Round 22 — sending update…
10:39:32 [INFO] fl_coap_iroh.transport.iroh_node — send 13933B via direct in 15ms (7.29 Mbit/s) to 70738f558ecdb74a
10:39:32 [INFO] fl_coap_iroh.fl.client — [pc2] Round 22 done — loss=0.9376 acc=0.5422  2.1s
10:39:32 [INFO] fl_coap_iroh.fl.client — [pc2] Round 23 — receiving model…
10:39:33 [INFO] fl_coap_iroh.transport.iroh_node — recv 13933B via direct in 6ms
10:39:33 [INFO] fl_coap_iroh.fl.client — [pc2] Round 23 — training locally…
10:39:34 [INFO] fl_coap_iroh.fl.client — [pc2] Round 23 — sending update…
10:39:34 [INFO] fl_coap_iroh.transport.iroh_node — send 13933B via direct in 6ms (18.60 Mbit/s) to 70738f558ecdb74a
10:39:34 [INFO] fl_coap_iroh.fl.client — [pc2] Round 23 done — loss=0.9257 acc=0.5543  2.2s
10:39:34 [INFO] fl_coap_iroh.fl.client — [pc2] Round 24 — receiving model…
10:39:35 [INFO] fl_coap_iroh.transport.iroh_node — recv 13933B via direct in 5ms
10:39:35 [INFO] fl_coap_iroh.fl.client — [pc2] Round 24 — training locally…
10:39:36 [INFO] fl_coap_iroh.fl.client — [pc2] Round 24 — sending update…
10:39:36 [INFO] fl_coap_iroh.transport.iroh_node — send 13933B via direct in 16ms (6.88 Mbit/s) to 70738f558ecdb74a
10:39:36 [INFO] fl_coap_iroh.fl.client — [pc2] Round 24 done — loss=0.9352 acc=0.5419  2.0s
10:39:36 [INFO] fl_coap_iroh.fl.client — [pc2] Round 25 — receiving model…
10:39:37 [INFO] fl_coap_iroh.transport.iroh_node — recv 13933B via direct in 7ms
10:39:37 [INFO] fl_coap_iroh.fl.client — [pc2] Round 25 — training locally…
10:39:38 [INFO] fl_coap_iroh.fl.client — [pc2] Round 25 — sending update…
10:39:38 [INFO] fl_coap_iroh.transport.iroh_node — send 13933B via direct in 8ms (14.58 Mbit/s) to 70738f558ecdb74a
10:39:38 [INFO] fl_coap_iroh.fl.client — [pc2] Round 25 done — loss=0.9335 acc=0.5446  2.2s
10:39:38 [INFO] fl_coap_iroh.fl.client — [pc2] Round 26 — receiving model…
10:39:39 [INFO] fl_coap_iroh.transport.iroh_node — recv 13933B via direct in 7ms
10:39:39 [INFO] fl_coap_iroh.fl.client — [pc2] Round 26 — training locally…
10:39:40 [INFO] fl_coap_iroh.fl.client — [pc2] Round 26 — sending update…
10:39:40 [INFO] fl_coap_iroh.transport.iroh_node — send 13933B via direct in 10ms (11.68 Mbit/s) to 70738f558ecdb74a
10:39:40 [INFO] fl_coap_iroh.fl.client — [pc2] Round 26 done — loss=0.9305 acc=0.5491  2.0s
10:39:40 [INFO] fl_coap_iroh.fl.client — [pc2] Round 27 — receiving model…
10:39:42 [INFO] fl_coap_iroh.transport.iroh_node — recv 13933B via direct in 7ms
10:39:42 [INFO] fl_coap_iroh.fl.client — [pc2] Round 27 — training locally…
10:39:42 [INFO] fl_coap_iroh.fl.client — [pc2] Round 27 — sending update…
10:39:42 [INFO] fl_coap_iroh.transport.iroh_node — send 13933B via direct in 10ms (10.95 Mbit/s) to 70738f558ecdb74a
10:39:42 [INFO] fl_coap_iroh.fl.client — [pc2] Round 27 done — loss=0.9403 acc=0.5426  2.0s
10:39:42 [INFO] fl_coap_iroh.fl.client — [pc2] Round 28 — receiving model…
10:39:44 [INFO] fl_coap_iroh.transport.iroh_node — recv 13933B via direct in 6ms
10:39:44 [INFO] fl_coap_iroh.fl.client — [pc2] Round 28 — training locally…
10:39:44 [INFO] fl_coap_iroh.fl.client — [pc2] Round 28 — sending update…
10:39:44 [INFO] fl_coap_iroh.transport.iroh_node — send 13933B via direct in 6ms (19.84 Mbit/s) to 70738f558ecdb74a
10:39:44 [INFO] fl_coap_iroh.fl.client — [pc2] Round 28 done — loss=0.9278 acc=0.5464  2.1s
10:39:44 [INFO] fl_coap_iroh.fl.client — [pc2] Round 29 — receiving model…
10:39:46 [INFO] fl_coap_iroh.transport.iroh_node — recv 13933B via direct in 5ms
10:39:46 [INFO] fl_coap_iroh.fl.client — [pc2] Round 29 — training locally…
10:39:47 [INFO] fl_coap_iroh.fl.client — [pc2] Round 29 — sending update…
10:39:47 [INFO] fl_coap_iroh.transport.iroh_node — send 13933B via direct in 11ms (10.26 Mbit/s) to 70738f558ecdb74a
10:39:47 [INFO] fl_coap_iroh.fl.client — [pc2] Round 29 done — loss=0.9314 acc=0.5453  2.5s
10:39:47 [INFO] fl_coap_iroh.fl.client — [pc2] Round 30 — receiving model…
10:39:48 [INFO] fl_coap_iroh.transport.iroh_node — recv 13933B via direct in 5ms
10:39:48 [INFO] fl_coap_iroh.fl.client — [pc2] Round 30 — training locally…
10:39:49 [INFO] fl_coap_iroh.fl.client — [pc2] Round 30 — sending update…
10:39:49 [INFO] fl_coap_iroh.transport.iroh_node — send 13933B via direct in 9ms (13.03 Mbit/s) to 70738f558ecdb74a
10:39:49 [INFO] fl_coap_iroh.fl.client — [pc2] Round 30 done — loss=0.9294 acc=0.5495  2.1s
10:39:49 [INFO] fl_coap_iroh.coap.server — CoAP server [pc2] stopped
10:39:49 [INFO] fl_coap_iroh.metrics.collector — Exported 60 rows → results/h2h/fliroh_v2/pc2/B_wan_transfers.csv
10:39:49 [INFO] fl_coap_iroh.metrics.collector — Exported 30 rows → results/h2h/fliroh_v2/pc2/B_wan_fl_metrics.csv
10:39:49 [INFO] fl_coap_iroh — Results: {'transfers': 'results/h2h/fliroh_v2/pc2/B_wan_transfers.csv', 'fl_metrics': 'results/h2h/fliroh_v2/pc2/B_wan_fl_metrics.csv', 'resource_samples': 'results/h2h/fliroh_v2/pc2/B_wan_pc2_resource_samples.csv', 'resource_phases': 'results/h2h/fliroh_v2/pc2/B_wan_pc2_resource_phases.csv'}
