00:06:48 [INFO] fl_coap_iroh.data.partition — Air quality dataset loaded: 28514 train / 3561 test | 6 features | 3 classes
00:06:48 [INFO] fl_coap_iroh.data.partition — Geographic partition: 10 provinces  min=2305  max=2922  mean=2851
00:06:49 [INFO] fl_coap_iroh.transport.iroh_node — Iroh node started: 899b110ce8636010  addrs=['10.50.16.202:42154', '85.48.2.235:42154', '100.112.148.36:42154']
00:06:49 [INFO] fl_coap_iroh.coap.server — CoAP server [rpi01] listening on 0.0.0.0:5684
00:06:49 [INFO] fl_coap_iroh.fl.client — FLClient rpi01 started (mock=False)
00:06:52 [INFO] fl_coap_iroh.transport.iroh_node — send 332B via mixed in 383ms (0.01 Mbit/s) to 70738f558ecdb74a
00:06:52 [INFO] fl_coap_iroh — Registered over Iroh with server 70738f558ecdb74a
00:06:52 [INFO] fl_coap_iroh.fl.client — [rpi01] Round 1 — receiving model…
00:07:23 [INFO] fl_coap_iroh.transport.iroh_node — recv 13933B via mixed in 188ms
00:07:23 [INFO] fl_coap_iroh.fl.client — [rpi01] Round 1 — training locally…
00:07:37 [INFO] fl_coap_iroh.fl.client — [rpi01] Round 1 — sending update…
00:07:40 [INFO] fl_coap_iroh.transport.iroh_node — send 13933B via mixed in 323ms (0.35 Mbit/s) to 70738f558ecdb74a
00:07:41 [INFO] fl_coap_iroh.fl.client — [rpi01] Round 1 done — loss=1.0495 acc=0.4688  48.2s
00:07:41 [INFO] fl_coap_iroh.fl.client — [rpi01] Round 2 — receiving model…
00:07:44 [INFO] fl_coap_iroh.transport.iroh_node — recv 13933B via mixed in 3ms
00:07:44 [INFO] fl_coap_iroh.fl.client — [rpi01] Round 2 — training locally…
00:07:45 [INFO] fl_coap_iroh.fl.client — [rpi01] Round 2 — sending update…
00:07:48 [INFO] fl_coap_iroh.transport.iroh_node — send 13933B via mixed in 362ms (0.31 Mbit/s) to 70738f558ecdb74a
00:07:49 [INFO] fl_coap_iroh.fl.client — [rpi01] Round 2 done — loss=1.0492 acc=0.4635  8.1s
00:07:49 [INFO] fl_coap_iroh.fl.client — [rpi01] Round 3 — receiving model…
00:07:52 [INFO] fl_coap_iroh.transport.iroh_node — recv 13933B via mixed in 3ms
00:07:52 [INFO] fl_coap_iroh.fl.client — [rpi01] Round 3 — training locally…
00:07:53 [INFO] fl_coap_iroh.fl.client — [rpi01] Round 3 — sending update…
00:07:56 [INFO] fl_coap_iroh.transport.iroh_node — send 13933B via mixed in 371ms (0.30 Mbit/s) to 70738f558ecdb74a
00:07:57 [INFO] fl_coap_iroh.fl.client — [rpi01] Round 3 done — loss=1.0465 acc=0.4757  7.8s
00:07:57 [INFO] fl_coap_iroh.fl.client — [rpi01] Round 4 — receiving model…
00:08:00 [INFO] fl_coap_iroh.transport.iroh_node — recv 13933B via mixed in 10ms
00:08:00 [INFO] fl_coap_iroh.fl.client — [rpi01] Round 4 — training locally…
00:08:01 [INFO] fl_coap_iroh.fl.client — [rpi01] Round 4 — sending update…
00:08:04 [INFO] fl_coap_iroh.transport.iroh_node — send 13933B via mixed in 330ms (0.34 Mbit/s) to 70738f558ecdb74a
00:08:04 [INFO] fl_coap_iroh.fl.client — [rpi01] Round 4 done — loss=1.0498 acc=0.4579  7.8s
00:08:04 [INFO] fl_coap_iroh.fl.client — [rpi01] Round 5 — receiving model…
00:08:07 [INFO] fl_coap_iroh.transport.iroh_node — recv 13933B via mixed in 54ms
00:08:07 [INFO] fl_coap_iroh.fl.client — [rpi01] Round 5 — training locally…
00:08:09 [INFO] fl_coap_iroh.fl.client — [rpi01] Round 5 — sending update…
00:08:12 [INFO] fl_coap_iroh.transport.iroh_node — send 13933B via mixed in 356ms (0.31 Mbit/s) to 70738f558ecdb74a
00:08:12 [INFO] fl_coap_iroh.fl.client — [rpi01] Round 5 done — loss=1.0476 acc=0.4627  7.9s
00:08:12 [INFO] fl_coap_iroh.fl.client — [rpi01] Round 6 — receiving model…
00:08:15 [INFO] fl_coap_iroh.transport.iroh_node — recv 13933B via mixed in 39ms
00:08:15 [INFO] fl_coap_iroh.fl.client — [rpi01] Round 6 — training locally…
00:08:16 [INFO] fl_coap_iroh.fl.client — [rpi01] Round 6 — sending update…
00:08:20 [INFO] fl_coap_iroh.transport.iroh_node — send 13933B via mixed in 337ms (0.33 Mbit/s) to 70738f558ecdb74a
00:08:20 [INFO] fl_coap_iroh.fl.client — [rpi01] Round 6 done — loss=1.0423 acc=0.4666  7.8s
00:08:20 [INFO] fl_coap_iroh.fl.client — [rpi01] Round 7 — receiving model…
00:08:23 [INFO] fl_coap_iroh.transport.iroh_node — recv 13933B via mixed in 81ms
00:08:23 [INFO] fl_coap_iroh.fl.client — [rpi01] Round 7 — training locally…
00:08:24 [INFO] fl_coap_iroh.fl.client — [rpi01] Round 7 — sending update…
00:08:28 [INFO] fl_coap_iroh.transport.iroh_node — send 13933B via mixed in 377ms (0.30 Mbit/s) to 70738f558ecdb74a
00:08:28 [INFO] fl_coap_iroh.fl.client — [rpi01] Round 7 done — loss=1.0422 acc=0.4692  7.9s
00:08:28 [INFO] fl_coap_iroh.fl.client — [rpi01] Round 8 — receiving model…
00:08:31 [INFO] fl_coap_iroh.transport.iroh_node — recv 13933B via mixed in 128ms
00:08:31 [INFO] fl_coap_iroh.fl.client — [rpi01] Round 8 — training locally…
00:08:32 [INFO] fl_coap_iroh.fl.client — [rpi01] Round 8 — sending update…
00:08:36 [INFO] fl_coap_iroh.transport.iroh_node — send 13933B via mixed in 341ms (0.33 Mbit/s) to 70738f558ecdb74a
00:08:36 [INFO] fl_coap_iroh.fl.client — [rpi01] Round 8 done — loss=1.0421 acc=0.4648  7.9s
00:08:36 [INFO] fl_coap_iroh.fl.client — [rpi01] Round 9 — receiving model…
00:08:39 [INFO] fl_coap_iroh.transport.iroh_node — recv 13933B via mixed in 3ms
00:08:39 [INFO] fl_coap_iroh.fl.client — [rpi01] Round 9 — training locally…
00:08:40 [INFO] fl_coap_iroh.fl.client — [rpi01] Round 9 — sending update…
00:08:43 [INFO] fl_coap_iroh.transport.iroh_node — send 13933B via mixed in 335ms (0.33 Mbit/s) to 70738f558ecdb74a
00:08:44 [INFO] fl_coap_iroh.fl.client — [rpi01] Round 9 done — loss=1.0444 acc=0.4774  7.8s
00:08:44 [INFO] fl_coap_iroh.fl.client — [rpi01] Round 10 — receiving model…
00:08:47 [INFO] fl_coap_iroh.transport.iroh_node — recv 13933B via mixed in 56ms
00:08:47 [INFO] fl_coap_iroh.fl.client — [rpi01] Round 10 — training locally…
00:08:48 [INFO] fl_coap_iroh.fl.client — [rpi01] Round 10 — sending update…
00:08:51 [INFO] fl_coap_iroh.transport.iroh_node — send 13933B via mixed in 395ms (0.28 Mbit/s) to 70738f558ecdb74a
00:08:52 [INFO] fl_coap_iroh.fl.client — [rpi01] Round 10 done — loss=1.0458 acc=0.4648  7.9s
00:08:52 [INFO] fl_coap_iroh.fl.client — [rpi01] Round 11 — receiving model…
00:08:55 [INFO] fl_coap_iroh.transport.iroh_node — recv 13933B via mixed in 10ms
00:08:55 [INFO] fl_coap_iroh.fl.client — [rpi01] Round 11 — training locally…
00:08:56 [INFO] fl_coap_iroh.fl.client — [rpi01] Round 11 — sending update…
00:08:59 [INFO] fl_coap_iroh.transport.iroh_node — send 13933B via mixed in 403ms (0.28 Mbit/s) to 70738f558ecdb74a
00:09:00 [INFO] fl_coap_iroh.fl.client — [rpi01] Round 11 done — loss=1.0456 acc=0.4657  7.9s
00:09:00 [INFO] fl_coap_iroh.fl.client — [rpi01] Round 12 — receiving model…
00:09:03 [INFO] fl_coap_iroh.transport.iroh_node — recv 13933B via mixed in 30ms
00:09:03 [INFO] fl_coap_iroh.fl.client — [rpi01] Round 12 — training locally…
00:09:04 [INFO] fl_coap_iroh.fl.client — [rpi01] Round 12 — sending update…
00:09:07 [INFO] fl_coap_iroh.transport.iroh_node — send 13933B via mixed in 409ms (0.27 Mbit/s) to 70738f558ecdb74a
00:09:07 [INFO] fl_coap_iroh.fl.client — [rpi01] Round 12 done — loss=1.0413 acc=0.4748  7.9s
00:09:07 [INFO] fl_coap_iroh.fl.client — [rpi01] Round 13 — receiving model…
00:09:10 [INFO] fl_coap_iroh.transport.iroh_node — recv 13933B via mixed in 3ms
00:09:11 [INFO] fl_coap_iroh.fl.client — [rpi01] Round 13 — training locally…
00:09:12 [INFO] fl_coap_iroh.fl.client — [rpi01] Round 13 — sending update…
00:09:15 [INFO] fl_coap_iroh.transport.iroh_node — send 13933B via mixed in 333ms (0.34 Mbit/s) to 70738f558ecdb74a
00:09:15 [INFO] fl_coap_iroh.fl.client — [rpi01] Round 13 done — loss=1.0431 acc=0.4674  7.8s
00:09:15 [INFO] fl_coap_iroh.fl.client — [rpi01] Round 14 — receiving model…
00:09:18 [INFO] fl_coap_iroh.transport.iroh_node — recv 13933B via mixed in 3ms
00:09:18 [INFO] fl_coap_iroh.fl.client — [rpi01] Round 14 — training locally…
00:09:19 [INFO] fl_coap_iroh.fl.client — [rpi01] Round 14 — sending update…
00:09:23 [INFO] fl_coap_iroh.transport.iroh_node — send 13933B via mixed in 330ms (0.34 Mbit/s) to 70738f558ecdb74a
00:09:23 [INFO] fl_coap_iroh.fl.client — [rpi01] Round 14 done — loss=1.0479 acc=0.4670  7.9s
00:09:23 [INFO] fl_coap_iroh.fl.client — [rpi01] Round 15 — receiving model…
00:09:26 [INFO] fl_coap_iroh.transport.iroh_node — recv 13933B via mixed in 17ms
00:09:26 [INFO] fl_coap_iroh.fl.client — [rpi01] Round 15 — training locally…
00:09:27 [INFO] fl_coap_iroh.fl.client — [rpi01] Round 15 — sending update…
00:09:31 [INFO] fl_coap_iroh.transport.iroh_node — send 13933B via mixed in 316ms (0.35 Mbit/s) to 70738f558ecdb74a
00:09:31 [INFO] fl_coap_iroh.fl.client — [rpi01] Round 15 done — loss=1.0469 acc=0.4679  7.8s
00:09:31 [INFO] fl_coap_iroh.fl.client — [rpi01] Round 16 — receiving model…
00:09:34 [INFO] fl_coap_iroh.transport.iroh_node — recv 13933B via mixed in 94ms
00:09:34 [INFO] fl_coap_iroh.fl.client — [rpi01] Round 16 — training locally…
00:09:35 [INFO] fl_coap_iroh.fl.client — [rpi01] Round 16 — sending update…
00:09:38 [INFO] fl_coap_iroh.transport.iroh_node — send 13933B via mixed in 360ms (0.31 Mbit/s) to 70738f558ecdb74a
00:09:39 [INFO] fl_coap_iroh.fl.client — [rpi01] Round 16 done — loss=1.0423 acc=0.4696  7.9s
00:09:39 [INFO] fl_coap_iroh.fl.client — [rpi01] Round 17 — receiving model…
00:09:42 [INFO] fl_coap_iroh.transport.iroh_node — recv 13933B via mixed in 2ms
00:09:42 [INFO] fl_coap_iroh.fl.client — [rpi01] Round 17 — training locally…
00:09:43 [INFO] fl_coap_iroh.fl.client — [rpi01] Round 17 — sending update…
00:09:46 [INFO] fl_coap_iroh.transport.iroh_node — send 13933B via mixed in 403ms (0.28 Mbit/s) to 70738f558ecdb74a
00:09:47 [INFO] fl_coap_iroh.fl.client — [rpi01] Round 17 done — loss=1.0426 acc=0.4674  7.9s
00:09:47 [INFO] fl_coap_iroh.fl.client — [rpi01] Round 18 — receiving model…
00:09:50 [INFO] fl_coap_iroh.transport.iroh_node — recv 13933B via mixed in 3ms
00:09:50 [INFO] fl_coap_iroh.fl.client — [rpi01] Round 18 — training locally…
00:09:51 [INFO] fl_coap_iroh.fl.client — [rpi01] Round 18 — sending update…
00:09:54 [INFO] fl_coap_iroh.transport.iroh_node — send 13933B via mixed in 373ms (0.30 Mbit/s) to 70738f558ecdb74a
00:09:55 [INFO] fl_coap_iroh.fl.client — [rpi01] Round 18 done — loss=1.0428 acc=0.4696  7.9s
00:09:55 [INFO] fl_coap_iroh.fl.client — [rpi01] Round 19 — receiving model…
00:09:58 [INFO] fl_coap_iroh.transport.iroh_node — recv 13933B via mixed in 3ms
00:09:58 [INFO] fl_coap_iroh.fl.client — [rpi01] Round 19 — training locally…
00:09:59 [INFO] fl_coap_iroh.fl.client — [rpi01] Round 19 — sending update…
00:10:02 [INFO] fl_coap_iroh.transport.iroh_node — send 13933B via mixed in 387ms (0.29 Mbit/s) to 70738f558ecdb74a
00:10:02 [INFO] fl_coap_iroh.fl.client — [rpi01] Round 19 done — loss=1.0449 acc=0.4618  7.9s
00:10:02 [INFO] fl_coap_iroh.fl.client — [rpi01] Round 20 — receiving model…
00:10:05 [INFO] fl_coap_iroh.transport.iroh_node — recv 13933B via mixed in 3ms
00:10:05 [INFO] fl_coap_iroh.fl.client — [rpi01] Round 20 — training locally…
00:10:07 [INFO] fl_coap_iroh.fl.client — [rpi01] Round 20 — sending update…
00:10:10 [INFO] fl_coap_iroh.transport.iroh_node — send 13933B via mixed in 317ms (0.35 Mbit/s) to 70738f558ecdb74a
00:10:10 [INFO] fl_coap_iroh.fl.client — [rpi01] Round 20 done — loss=1.0445 acc=0.4688  7.8s
00:10:10 [INFO] fl_coap_iroh.fl.client — [rpi01] Round 21 — receiving model…
00:10:13 [INFO] fl_coap_iroh.transport.iroh_node — recv 13933B via mixed in 59ms
00:10:13 [INFO] fl_coap_iroh.fl.client — [rpi01] Round 21 — training locally…
00:10:14 [INFO] fl_coap_iroh.fl.client — [rpi01] Round 21 — sending update…
00:10:18 [INFO] fl_coap_iroh.transport.iroh_node — send 13933B via mixed in 398ms (0.28 Mbit/s) to 70738f558ecdb74a
00:10:18 [INFO] fl_coap_iroh.fl.client — [rpi01] Round 21 done — loss=1.0452 acc=0.4661  7.9s
00:10:18 [INFO] fl_coap_iroh.fl.client — [rpi01] Round 22 — receiving model…
00:10:21 [INFO] fl_coap_iroh.transport.iroh_node — recv 13933B via mixed in 4ms
00:10:21 [INFO] fl_coap_iroh.fl.client — [rpi01] Round 22 — training locally…
00:10:22 [INFO] fl_coap_iroh.fl.client — [rpi01] Round 22 — sending update…
00:10:26 [INFO] fl_coap_iroh.transport.iroh_node — send 13933B via mixed in 302ms (0.37 Mbit/s) to 70738f558ecdb74a
00:10:26 [INFO] fl_coap_iroh.fl.client — [rpi01] Round 22 done — loss=1.0426 acc=0.4653  7.8s
00:10:26 [INFO] fl_coap_iroh.fl.client — [rpi01] Round 23 — receiving model…
00:10:29 [INFO] fl_coap_iroh.transport.iroh_node — recv 13933B via mixed in 139ms
00:10:29 [INFO] fl_coap_iroh.fl.client — [rpi01] Round 23 — training locally…
00:10:30 [INFO] fl_coap_iroh.fl.client — [rpi01] Round 23 — sending update…
00:10:33 [INFO] fl_coap_iroh.transport.iroh_node — send 13933B via mixed in 310ms (0.36 Mbit/s) to 70738f558ecdb74a
00:10:34 [INFO] fl_coap_iroh.fl.client — [rpi01] Round 23 done — loss=1.0482 acc=0.4635  7.9s
00:10:34 [INFO] fl_coap_iroh.fl.client — [rpi01] Round 24 — receiving model…
00:10:37 [INFO] fl_coap_iroh.transport.iroh_node — recv 13933B via mixed in 3ms
00:10:37 [INFO] fl_coap_iroh.fl.client — [rpi01] Round 24 — training locally…
00:10:38 [INFO] fl_coap_iroh.fl.client — [rpi01] Round 24 — sending update…
00:10:41 [INFO] fl_coap_iroh.transport.iroh_node — send 13933B via mixed in 390ms (0.29 Mbit/s) to 70738f558ecdb74a
00:10:42 [INFO] fl_coap_iroh.fl.client — [rpi01] Round 24 done — loss=1.0424 acc=0.4701  7.8s
00:10:42 [INFO] fl_coap_iroh.fl.client — [rpi01] Round 25 — receiving model…
00:10:45 [INFO] fl_coap_iroh.transport.iroh_node — recv 13933B via mixed in 3ms
00:10:45 [INFO] fl_coap_iroh.fl.client — [rpi01] Round 25 — training locally…
00:10:46 [INFO] fl_coap_iroh.fl.client — [rpi01] Round 25 — sending update…
00:10:49 [INFO] fl_coap_iroh.transport.iroh_node — send 13933B via mixed in 396ms (0.28 Mbit/s) to 70738f558ecdb74a
00:10:49 [INFO] fl_coap_iroh.fl.client — [rpi01] Round 25 done — loss=1.0482 acc=0.4579  7.8s
00:10:49 [INFO] fl_coap_iroh.fl.client — [rpi01] Round 26 — receiving model…
00:10:52 [INFO] fl_coap_iroh.transport.iroh_node — recv 13933B via mixed in 32ms
00:10:52 [INFO] fl_coap_iroh.fl.client — [rpi01] Round 26 — training locally…
00:10:54 [INFO] fl_coap_iroh.fl.client — [rpi01] Round 26 — sending update…
00:10:57 [INFO] fl_coap_iroh.transport.iroh_node — send 13933B via mixed in 356ms (0.31 Mbit/s) to 70738f558ecdb74a
00:10:57 [INFO] fl_coap_iroh.fl.client — [rpi01] Round 26 done — loss=1.0437 acc=0.4740  7.8s
00:10:57 [INFO] fl_coap_iroh.fl.client — [rpi01] Round 27 — receiving model…
00:11:00 [INFO] fl_coap_iroh.transport.iroh_node — recv 13933B via mixed in 3ms
00:11:00 [INFO] fl_coap_iroh.fl.client — [rpi01] Round 27 — training locally…
00:11:01 [INFO] fl_coap_iroh.fl.client — [rpi01] Round 27 — sending update…
00:11:05 [INFO] fl_coap_iroh.transport.iroh_node — send 13933B via mixed in 396ms (0.28 Mbit/s) to 70738f558ecdb74a
00:11:05 [INFO] fl_coap_iroh.fl.client — [rpi01] Round 27 done — loss=1.0448 acc=0.4618  7.8s
00:11:05 [INFO] fl_coap_iroh.fl.client — [rpi01] Round 28 — receiving model…
00:11:08 [INFO] fl_coap_iroh.transport.iroh_node — recv 13933B via mixed in 5ms
00:11:08 [INFO] fl_coap_iroh.fl.client — [rpi01] Round 28 — training locally…
00:11:09 [INFO] fl_coap_iroh.fl.client — [rpi01] Round 28 — sending update…
00:11:13 [INFO] fl_coap_iroh.transport.iroh_node — send 13933B via mixed in 303ms (0.37 Mbit/s) to 70738f558ecdb74a
00:11:13 [INFO] fl_coap_iroh.fl.client — [rpi01] Round 28 done — loss=1.0416 acc=0.4614  7.8s
00:11:13 [INFO] fl_coap_iroh.fl.client — [rpi01] Round 29 — receiving model…
00:12:36 [INFO] fl_coap_iroh.transport.iroh_node — recv 13933B via direct in 31ms
00:12:36 [INFO] fl_coap_iroh.fl.client — [rpi01] Round 29 — training locally…
00:12:37 [INFO] fl_coap_iroh.fl.client — [rpi01] Round 29 — sending update…
00:12:37 [INFO] fl_coap_iroh.transport.iroh_node — send 13933B via direct in 126ms (0.89 Mbit/s) to 70738f558ecdb74a
00:12:38 [INFO] fl_coap_iroh.fl.client — [rpi01] Round 29 done — loss=1.0444 acc=0.4714  84.8s
00:12:38 [INFO] fl_coap_iroh.fl.client — [rpi01] Round 30 — receiving model…
00:27:38 [INFO] fl_coap_iroh — No model received for 900s — federation finished
00:27:38 [INFO] fl_coap_iroh.coap.server — CoAP server [rpi01] stopped
00:27:38 [INFO] fl_coap_iroh.metrics.collector — Exported 58 rows → results/wan/rpi01/B_wan_transfers.csv
00:27:38 [INFO] fl_coap_iroh.metrics.collector — Exported 29 rows → results/wan/rpi01/B_wan_fl_metrics.csv
00:27:38 [INFO] fl_coap_iroh — Results: {'transfers': 'results/wan/rpi01/B_wan_transfers.csv', 'fl_metrics': 'results/wan/rpi01/B_wan_fl_metrics.csv', 'resource_samples': 'results/wan/rpi01/B_wan_rpi01_resource_samples.csv', 'resource_phases': 'results/wan/rpi01/B_wan_rpi01_resource_phases.csv'}
