10:15:34 [INFO] fl_coap_iroh.data.partition — Air quality dataset loaded: 28514 train / 3561 test | 6 features | 3 classes
10:15:34 [INFO] fl_coap_iroh.data.partition — Geographic partition: 10 provinces  min=2305  max=2922  mean=2851
10:15:36 [INFO] fl_coap_iroh.transport.iroh_node — Iroh node started: 899b110ce8636010  addrs=['10.50.16.202:47059', '85.48.2.235:47059', '100.112.148.36:47059']
10:15:36 [INFO] fl_coap_iroh.coap.server — CoAP server [rpi01] listening on 0.0.0.0:5684
10:15:36 [INFO] fl_coap_iroh.fl.client — FLClient rpi01 started (mock=False)
10:15:37 [INFO] fl_coap_iroh.transport.iroh_node — send 332B via direct in 189ms (0.02 Mbit/s) to 70738f558ecdb74a
10:15:37 [INFO] fl_coap_iroh — Registered over Iroh with server 70738f558ecdb74a
10:15:37 [INFO] fl_coap_iroh.fl.client — [rpi01] Round 1 — receiving model…
10:15:48 [INFO] fl_coap_iroh.transport.iroh_node — recv 13933B via direct in 41ms
10:15:48 [INFO] fl_coap_iroh.fl.client — [rpi01] Round 1 — training locally…
10:16:07 [INFO] fl_coap_iroh.fl.client — [rpi01] Round 1 — sending update…
10:16:07 [INFO] fl_coap_iroh.transport.iroh_node — send 13933B via direct in 107ms (1.04 Mbit/s) to 70738f558ecdb74a
10:16:07 [INFO] fl_coap_iroh.fl.client — [rpi01] Round 1 done — loss=1.0578 acc=0.4601  30.6s
10:16:07 [INFO] fl_coap_iroh.fl.client — [rpi01] Round 2 — receiving model…
10:16:28 [INFO] fl_coap_iroh.transport.iroh_node — recv 13933B via direct in 23ms
10:16:28 [INFO] fl_coap_iroh.fl.client — [rpi01] Round 2 — training locally…
10:16:30 [INFO] fl_coap_iroh.fl.client — [rpi01] Round 2 — sending update…
10:16:31 [INFO] fl_coap_iroh.transport.iroh_node — send 13933B via direct in 177ms (0.63 Mbit/s) to 70738f558ecdb74a
10:16:31 [INFO] fl_coap_iroh.fl.client — [rpi01] Round 2 done — loss=1.0514 acc=0.4709  23.4s
10:16:31 [INFO] fl_coap_iroh.fl.client — [rpi01] Round 3 — receiving model…
10:16:31 [INFO] fl_coap_iroh.transport.iroh_node — recv 13933B via direct in 22ms
10:16:31 [INFO] fl_coap_iroh.fl.client — [rpi01] Round 3 — training locally…
10:16:33 [INFO] fl_coap_iroh.fl.client — [rpi01] Round 3 — sending update…
10:16:34 [INFO] fl_coap_iroh.transport.iroh_node — send 13933B via direct in 159ms (0.70 Mbit/s) to 70738f558ecdb74a
10:16:34 [INFO] fl_coap_iroh.fl.client — [rpi01] Round 3 done — loss=1.0524 acc=0.4670  3.0s
10:16:34 [INFO] fl_coap_iroh.fl.client — [rpi01] Round 4 — receiving model…
10:16:34 [INFO] fl_coap_iroh.transport.iroh_node — recv 13933B via direct in 56ms
10:16:34 [INFO] fl_coap_iroh.fl.client — [rpi01] Round 4 — training locally…
10:16:36 [INFO] fl_coap_iroh.fl.client — [rpi01] Round 4 — sending update…
10:16:36 [INFO] fl_coap_iroh.transport.iroh_node — send 13933B via direct in 149ms (0.75 Mbit/s) to 70738f558ecdb74a
10:16:36 [INFO] fl_coap_iroh.fl.client — [rpi01] Round 4 done — loss=1.0459 acc=0.4688  2.4s
10:16:36 [INFO] fl_coap_iroh.fl.client — [rpi01] Round 5 — receiving model…
10:16:36 [INFO] fl_coap_iroh.transport.iroh_node — recv 13933B via direct in 32ms
10:16:36 [INFO] fl_coap_iroh.fl.client — [rpi01] Round 5 — training locally…
10:16:37 [INFO] fl_coap_iroh.fl.client — [rpi01] Round 5 — sending update…
10:16:37 [INFO] fl_coap_iroh.transport.iroh_node — send 13933B via direct in 114ms (0.98 Mbit/s) to 70738f558ecdb74a
10:16:37 [INFO] fl_coap_iroh.fl.client — [rpi01] Round 5 done — loss=1.0464 acc=0.4666  1.4s
10:16:37 [INFO] fl_coap_iroh.fl.client — [rpi01] Round 6 — receiving model…
10:16:38 [INFO] fl_coap_iroh.transport.iroh_node — recv 13933B via direct in 25ms
10:16:38 [INFO] fl_coap_iroh.fl.client — [rpi01] Round 6 — training locally…
10:16:40 [INFO] fl_coap_iroh.fl.client — [rpi01] Round 6 — sending update…
10:16:40 [INFO] fl_coap_iroh.transport.iroh_node — send 13933B via direct in 323ms (0.35 Mbit/s) to 70738f558ecdb74a
10:16:40 [INFO] fl_coap_iroh.fl.client — [rpi01] Round 6 done — loss=1.0439 acc=0.4644  2.6s
10:16:40 [INFO] fl_coap_iroh.fl.client — [rpi01] Round 7 — receiving model…
10:16:40 [INFO] fl_coap_iroh.transport.iroh_node — recv 13933B via direct in 49ms
10:16:40 [INFO] fl_coap_iroh.fl.client — [rpi01] Round 7 — training locally…
10:16:42 [INFO] fl_coap_iroh.fl.client — [rpi01] Round 7 — sending update…
10:16:42 [INFO] fl_coap_iroh.transport.iroh_node — send 13933B via direct in 133ms (0.84 Mbit/s) to 70738f558ecdb74a
10:16:42 [INFO] fl_coap_iroh.fl.client — [rpi01] Round 7 done — loss=1.0449 acc=0.4727  1.9s
10:16:42 [INFO] fl_coap_iroh.fl.client — [rpi01] Round 8 — receiving model…
10:16:43 [INFO] fl_coap_iroh.transport.iroh_node — recv 13933B via direct in 23ms
10:16:43 [INFO] fl_coap_iroh.fl.client — [rpi01] Round 8 — training locally…
10:16:45 [INFO] fl_coap_iroh.fl.client — [rpi01] Round 8 — sending update…
10:16:45 [INFO] fl_coap_iroh.transport.iroh_node — send 13933B via direct in 178ms (0.63 Mbit/s) to 70738f558ecdb74a
10:16:45 [INFO] fl_coap_iroh.fl.client — [rpi01] Round 8 done — loss=1.0461 acc=0.4666  2.9s
10:16:45 [INFO] fl_coap_iroh.fl.client — [rpi01] Round 9 — receiving model…
10:16:51 [INFO] fl_coap_iroh.transport.iroh_node — recv 13933B via direct in 32ms
10:16:51 [INFO] fl_coap_iroh.fl.client — [rpi01] Round 9 — training locally…
10:16:53 [INFO] fl_coap_iroh.fl.client — [rpi01] Round 9 — sending update…
10:16:53 [INFO] fl_coap_iroh.transport.iroh_node — send 13933B via direct in 173ms (0.65 Mbit/s) to 70738f558ecdb74a
10:16:53 [INFO] fl_coap_iroh.fl.client — [rpi01] Round 9 done — loss=1.0476 acc=0.4679  8.0s
10:16:53 [INFO] fl_coap_iroh.fl.client — [rpi01] Round 10 — receiving model…
10:16:55 [INFO] fl_coap_iroh.transport.iroh_node — recv 13933B via direct in 59ms
10:16:55 [INFO] fl_coap_iroh.fl.client — [rpi01] Round 10 — training locally…
10:16:56 [INFO] fl_coap_iroh.fl.client — [rpi01] Round 10 — sending update…
10:16:57 [INFO] fl_coap_iroh.transport.iroh_node — send 13933B via direct in 220ms (0.51 Mbit/s) to 70738f558ecdb74a
10:16:57 [INFO] fl_coap_iroh.fl.client — [rpi01] Round 10 done — loss=1.0418 acc=0.4709  3.8s
10:16:57 [INFO] fl_coap_iroh.fl.client — [rpi01] Round 11 — receiving model…
10:16:57 [INFO] fl_coap_iroh.transport.iroh_node — recv 13933B via direct in 28ms
10:16:57 [INFO] fl_coap_iroh.fl.client — [rpi01] Round 11 — training locally…
10:16:59 [INFO] fl_coap_iroh.fl.client — [rpi01] Round 11 — sending update…
10:16:59 [INFO] fl_coap_iroh.transport.iroh_node — send 13933B via direct in 87ms (1.28 Mbit/s) to 70738f558ecdb74a
10:16:59 [INFO] fl_coap_iroh.fl.client — [rpi01] Round 11 done — loss=1.0388 acc=0.4748  2.4s
10:16:59 [INFO] fl_coap_iroh.fl.client — [rpi01] Round 12 — receiving model…
10:16:59 [INFO] fl_coap_iroh.transport.iroh_node — recv 13933B via direct in 22ms
10:16:59 [INFO] fl_coap_iroh.fl.client — [rpi01] Round 12 — training locally…
10:17:01 [INFO] fl_coap_iroh.fl.client — [rpi01] Round 12 — sending update…
10:17:01 [INFO] fl_coap_iroh.transport.iroh_node — send 13933B via direct in 157ms (0.71 Mbit/s) to 70738f558ecdb74a
10:17:01 [INFO] fl_coap_iroh.fl.client — [rpi01] Round 12 done — loss=1.0459 acc=0.4683  2.1s
10:17:01 [INFO] fl_coap_iroh.fl.client — [rpi01] Round 13 — receiving model…
10:17:01 [INFO] fl_coap_iroh.transport.iroh_node — recv 13933B via direct in 27ms
10:17:01 [INFO] fl_coap_iroh.fl.client — [rpi01] Round 13 — training locally…
10:17:03 [INFO] fl_coap_iroh.fl.client — [rpi01] Round 13 — sending update…
10:17:04 [INFO] fl_coap_iroh.transport.iroh_node — send 13933B via direct in 146ms (0.77 Mbit/s) to 70738f558ecdb74a
10:17:04 [INFO] fl_coap_iroh.fl.client — [rpi01] Round 13 done — loss=1.0460 acc=0.4696  2.4s
10:17:04 [INFO] fl_coap_iroh.fl.client — [rpi01] Round 14 — receiving model…
10:17:04 [INFO] fl_coap_iroh.transport.iroh_node — recv 13933B via direct in 54ms
10:17:04 [INFO] fl_coap_iroh.fl.client — [rpi01] Round 14 — training locally…
10:17:05 [INFO] fl_coap_iroh.fl.client — [rpi01] Round 14 — sending update…
10:17:05 [INFO] fl_coap_iroh.transport.iroh_node — send 13933B via direct in 243ms (0.46 Mbit/s) to 70738f558ecdb74a
10:17:05 [INFO] fl_coap_iroh.fl.client — [rpi01] Round 14 done — loss=1.0445 acc=0.4701  1.8s
10:17:05 [INFO] fl_coap_iroh.fl.client — [rpi01] Round 15 — receiving model…
10:17:05 [INFO] fl_coap_iroh.transport.iroh_node — recv 13933B via direct in 56ms
10:17:05 [INFO] fl_coap_iroh.fl.client — [rpi01] Round 15 — training locally…
10:17:08 [INFO] fl_coap_iroh.fl.client — [rpi01] Round 15 — sending update…
10:17:08 [INFO] fl_coap_iroh.transport.iroh_node — send 13933B via direct in 170ms (0.66 Mbit/s) to 70738f558ecdb74a
10:17:08 [INFO] fl_coap_iroh.fl.client — [rpi01] Round 15 done — loss=1.0436 acc=0.4718  2.5s
10:17:08 [INFO] fl_coap_iroh.fl.client — [rpi01] Round 16 — receiving model…
10:17:08 [INFO] fl_coap_iroh.transport.iroh_node — recv 13933B via direct in 44ms
10:17:08 [INFO] fl_coap_iroh.fl.client — [rpi01] Round 16 — training locally…
10:17:10 [INFO] fl_coap_iroh.fl.client — [rpi01] Round 16 — sending update…
10:17:10 [INFO] fl_coap_iroh.transport.iroh_node — send 13933B via direct in 153ms (0.73 Mbit/s) to 70738f558ecdb74a
10:17:10 [INFO] fl_coap_iroh.fl.client — [rpi01] Round 16 done — loss=1.0419 acc=0.4696  2.4s
10:17:10 [INFO] fl_coap_iroh.fl.client — [rpi01] Round 17 — receiving model…
10:17:10 [INFO] fl_coap_iroh.transport.iroh_node — recv 13933B via direct in 40ms
10:17:10 [INFO] fl_coap_iroh.fl.client — [rpi01] Round 17 — training locally…
10:17:12 [INFO] fl_coap_iroh.fl.client — [rpi01] Round 17 — sending update…
10:17:12 [INFO] fl_coap_iroh.transport.iroh_node — send 13933B via direct in 88ms (1.28 Mbit/s) to 70738f558ecdb74a
10:17:12 [INFO] fl_coap_iroh.fl.client — [rpi01] Round 17 done — loss=1.0470 acc=0.4679  2.3s
10:17:12 [INFO] fl_coap_iroh.fl.client — [rpi01] Round 18 — receiving model…
10:17:13 [INFO] fl_coap_iroh.transport.iroh_node — recv 13933B via direct in 31ms
10:17:13 [INFO] fl_coap_iroh.fl.client — [rpi01] Round 18 — training locally…
10:17:15 [INFO] fl_coap_iroh.fl.client — [rpi01] Round 18 — sending update…
10:17:15 [INFO] fl_coap_iroh.transport.iroh_node — send 13933B via direct in 155ms (0.72 Mbit/s) to 70738f558ecdb74a
10:17:15 [INFO] fl_coap_iroh.fl.client — [rpi01] Round 18 done — loss=1.0474 acc=0.4688  2.5s
10:17:15 [INFO] fl_coap_iroh.fl.client — [rpi01] Round 19 — receiving model…
10:17:16 [INFO] fl_coap_iroh.transport.iroh_node — recv 13933B via direct in 30ms
10:17:16 [INFO] fl_coap_iroh.fl.client — [rpi01] Round 19 — training locally…
10:17:18 [INFO] fl_coap_iroh.fl.client — [rpi01] Round 19 — sending update…
10:17:19 [INFO] fl_coap_iroh.transport.iroh_node — send 13933B via direct in 278ms (0.40 Mbit/s) to 70738f558ecdb74a
10:17:19 [INFO] fl_coap_iroh.fl.client — [rpi01] Round 19 done — loss=1.0407 acc=0.4570  3.8s
10:17:19 [INFO] fl_coap_iroh.fl.client — [rpi01] Round 20 — receiving model…
10:17:19 [INFO] fl_coap_iroh.transport.iroh_node — recv 13933B via direct in 41ms
10:17:19 [INFO] fl_coap_iroh.fl.client — [rpi01] Round 20 — training locally…
10:17:21 [INFO] fl_coap_iroh.fl.client — [rpi01] Round 20 — sending update…
10:17:21 [INFO] fl_coap_iroh.transport.iroh_node — send 13933B via direct in 139ms (0.80 Mbit/s) to 70738f558ecdb74a
10:17:21 [INFO] fl_coap_iroh.fl.client — [rpi01] Round 20 done — loss=1.0436 acc=0.4705  2.4s
10:17:21 [INFO] fl_coap_iroh.fl.client — [rpi01] Round 21 — receiving model…
10:17:22 [INFO] fl_coap_iroh.transport.iroh_node — recv 13933B via direct in 41ms
10:17:22 [INFO] fl_coap_iroh.fl.client — [rpi01] Round 21 — training locally…
10:17:23 [INFO] fl_coap_iroh.fl.client — [rpi01] Round 21 — sending update…
10:17:24 [INFO] fl_coap_iroh.transport.iroh_node — send 13933B via direct in 213ms (0.52 Mbit/s) to 70738f558ecdb74a
10:17:24 [INFO] fl_coap_iroh.fl.client — [rpi01] Round 21 done — loss=1.0436 acc=0.4640  2.4s
10:17:24 [INFO] fl_coap_iroh.fl.client — [rpi01] Round 22 — receiving model…
10:17:25 [INFO] fl_coap_iroh.transport.iroh_node — recv 13933B via direct in 33ms
10:17:25 [INFO] fl_coap_iroh.fl.client — [rpi01] Round 22 — training locally…
10:17:27 [INFO] fl_coap_iroh.fl.client — [rpi01] Round 22 — sending update…
10:17:27 [INFO] fl_coap_iroh.transport.iroh_node — send 13933B via direct in 157ms (0.71 Mbit/s) to 70738f558ecdb74a
10:17:27 [INFO] fl_coap_iroh.fl.client — [rpi01] Round 22 done — loss=1.0427 acc=0.4609  3.3s
10:17:27 [INFO] fl_coap_iroh.fl.client — [rpi01] Round 23 — receiving model…
10:17:27 [INFO] fl_coap_iroh.transport.iroh_node — recv 13933B via direct in 28ms
10:17:27 [INFO] fl_coap_iroh.fl.client — [rpi01] Round 23 — training locally…
10:17:29 [INFO] fl_coap_iroh.fl.client — [rpi01] Round 23 — sending update…
10:17:29 [INFO] fl_coap_iroh.transport.iroh_node — send 13933B via direct in 181ms (0.62 Mbit/s) to 70738f558ecdb74a
10:17:29 [INFO] fl_coap_iroh.fl.client — [rpi01] Round 23 done — loss=1.0446 acc=0.4618  2.3s
10:17:29 [INFO] fl_coap_iroh.fl.client — [rpi01] Round 24 — receiving model…
10:17:29 [INFO] fl_coap_iroh.transport.iroh_node — recv 13933B via direct in 27ms
10:17:29 [INFO] fl_coap_iroh.fl.client — [rpi01] Round 24 — training locally…
10:17:31 [INFO] fl_coap_iroh.fl.client — [rpi01] Round 24 — sending update…
10:17:32 [INFO] fl_coap_iroh.transport.iroh_node — send 13933B via direct in 168ms (0.67 Mbit/s) to 70738f558ecdb74a
10:17:32 [INFO] fl_coap_iroh.fl.client — [rpi01] Round 24 done — loss=1.0432 acc=0.4688  2.3s
10:17:32 [INFO] fl_coap_iroh.fl.client — [rpi01] Round 25 — receiving model…
10:17:32 [INFO] fl_coap_iroh.transport.iroh_node — recv 13933B via direct in 36ms
10:17:32 [INFO] fl_coap_iroh.fl.client — [rpi01] Round 25 — training locally…
10:17:34 [INFO] fl_coap_iroh.fl.client — [rpi01] Round 25 — sending update…
10:17:34 [INFO] fl_coap_iroh.transport.iroh_node — send 13933B via direct in 178ms (0.63 Mbit/s) to 70738f558ecdb74a
10:17:34 [INFO] fl_coap_iroh.fl.client — [rpi01] Round 25 done — loss=1.0401 acc=0.4670  2.2s
10:17:34 [INFO] fl_coap_iroh.fl.client — [rpi01] Round 26 — receiving model…
10:17:34 [INFO] fl_coap_iroh.transport.iroh_node — recv 13933B via direct in 46ms
10:17:34 [INFO] fl_coap_iroh.fl.client — [rpi01] Round 26 — training locally…
10:17:36 [INFO] fl_coap_iroh.fl.client — [rpi01] Round 26 — sending update…
10:17:36 [INFO] fl_coap_iroh.transport.iroh_node — send 13933B via direct in 215ms (0.52 Mbit/s) to 70738f558ecdb74a
10:17:36 [INFO] fl_coap_iroh.fl.client — [rpi01] Round 26 done — loss=1.0437 acc=0.4622  2.2s
10:17:36 [INFO] fl_coap_iroh.fl.client — [rpi01] Round 27 — receiving model…
10:17:36 [INFO] fl_coap_iroh.transport.iroh_node — recv 13933B via direct in 19ms
10:17:36 [INFO] fl_coap_iroh.fl.client — [rpi01] Round 27 — training locally…
10:17:38 [INFO] fl_coap_iroh.fl.client — [rpi01] Round 27 — sending update…
10:17:38 [INFO] fl_coap_iroh.transport.iroh_node — send 13933B via direct in 105ms (1.07 Mbit/s) to 70738f558ecdb74a
10:17:38 [INFO] fl_coap_iroh.fl.client — [rpi01] Round 27 done — loss=1.0443 acc=0.4644  2.3s
10:17:38 [INFO] fl_coap_iroh.fl.client — [rpi01] Round 28 — receiving model…
10:17:38 [INFO] fl_coap_iroh.transport.iroh_node — recv 13933B via direct in 25ms
10:17:38 [INFO] fl_coap_iroh.fl.client — [rpi01] Round 28 — training locally…
10:17:40 [INFO] fl_coap_iroh.fl.client — [rpi01] Round 28 — sending update…
10:17:40 [INFO] fl_coap_iroh.transport.iroh_node — send 13933B via direct in 141ms (0.79 Mbit/s) to 70738f558ecdb74a
10:17:41 [INFO] fl_coap_iroh.fl.client — [rpi01] Round 28 done — loss=1.0439 acc=0.4614  2.2s
10:17:41 [INFO] fl_coap_iroh.fl.client — [rpi01] Round 29 — receiving model…
10:18:41 [INFO] fl_coap_iroh — No model received for 60s — federation finished
10:18:41 [INFO] fl_coap_iroh.coap.server — CoAP server [rpi01] stopped
10:18:41 [INFO] fl_coap_iroh.metrics.collector — Exported 56 rows → results/wan/rpi01/B_wan_transfers.csv
10:18:41 [INFO] fl_coap_iroh.metrics.collector — Exported 28 rows → results/wan/rpi01/B_wan_fl_metrics.csv
10:18:41 [INFO] fl_coap_iroh — Results: {'transfers': 'results/wan/rpi01/B_wan_transfers.csv', 'fl_metrics': 'results/wan/rpi01/B_wan_fl_metrics.csv', 'resource_samples': 'results/wan/rpi01/B_wan_rpi01_resource_samples.csv', 'resource_phases': 'results/wan/rpi01/B_wan_rpi01_resource_phases.csv'}
