10:37:28 [INFO] fl_coap_iroh.data.partition — Air quality dataset loaded: 28514 train / 3561 test | 6 features | 3 classes
10:37:28 [INFO] fl_coap_iroh.data.partition — Geographic partition: 10 provinces  min=2305  max=2922  mean=2851
10:37:30 [INFO] fl_coap_iroh.transport.iroh_node — Iroh node started: 899b110ce8636010  addrs=['10.50.16.202:45773', '85.48.2.235:45773', '100.112.148.36:45773']
10:37:30 [INFO] fl_coap_iroh.coap.server — CoAP server [rpi01] listening on 0.0.0.0:5684
10:37:30 [INFO] fl_coap_iroh.fl.client — FLClient rpi01 started (mock=False)
10:37:30 [INFO] fl_coap_iroh.transport.iroh_node — send 332B via direct in 159ms (0.02 Mbit/s) to 70738f558ecdb74a
10:37:30 [INFO] fl_coap_iroh — Registered over Iroh with server 70738f558ecdb74a
10:37:30 [INFO] fl_coap_iroh.fl.client — [rpi01] Round 1 — receiving model…
10:37:51 [INFO] fl_coap_iroh.transport.iroh_node — recv 13933B via direct in 25ms
10:37:51 [INFO] fl_coap_iroh.fl.client — [rpi01] Round 1 — training locally…
10:38:06 [INFO] fl_coap_iroh.fl.client — [rpi01] Round 1 — sending update…
10:38:06 [INFO] fl_coap_iroh.transport.iroh_node — send 13933B via direct in 84ms (1.33 Mbit/s) to 70738f558ecdb74a
10:38:06 [INFO] fl_coap_iroh.fl.client — [rpi01] Round 1 done — loss=1.0578 acc=0.4601  35.7s
10:38:06 [INFO] fl_coap_iroh.fl.client — [rpi01] Round 2 — receiving model…
10:38:43 [INFO] fl_coap_iroh.transport.iroh_node — recv 13933B via direct in 38ms
10:38:43 [INFO] fl_coap_iroh.fl.client — [rpi01] Round 2 — training locally…
10:38:45 [INFO] fl_coap_iroh.fl.client — [rpi01] Round 2 — sending update…
10:38:45 [INFO] fl_coap_iroh.transport.iroh_node — send 13933B via direct in 122ms (0.92 Mbit/s) to 70738f558ecdb74a
10:38:45 [INFO] fl_coap_iroh.fl.client — [rpi01] Round 2 done — loss=1.0514 acc=0.4709  38.9s
10:38:45 [INFO] fl_coap_iroh.fl.client — [rpi01] Round 3 — receiving model…
10:38:45 [INFO] fl_coap_iroh.transport.iroh_node — recv 13933B via direct in 22ms
10:38:45 [INFO] fl_coap_iroh.fl.client — [rpi01] Round 3 — training locally…
10:38:48 [INFO] fl_coap_iroh.fl.client — [rpi01] Round 3 — sending update…
10:38:48 [INFO] fl_coap_iroh.transport.iroh_node — send 13933B via direct in 86ms (1.31 Mbit/s) to 70738f558ecdb74a
10:38:48 [INFO] fl_coap_iroh.fl.client — [rpi01] Round 3 done — loss=1.0524 acc=0.4670  3.5s
10:38:48 [INFO] fl_coap_iroh.fl.client — [rpi01] Round 4 — receiving model…
10:38:48 [INFO] fl_coap_iroh.transport.iroh_node — recv 13933B via direct in 43ms
10:38:48 [INFO] fl_coap_iroh.fl.client — [rpi01] Round 4 — training locally…
10:38:51 [INFO] fl_coap_iroh.fl.client — [rpi01] Round 4 — sending update…
10:38:51 [INFO] fl_coap_iroh.transport.iroh_node — send 13933B via direct in 201ms (0.56 Mbit/s) to 70738f558ecdb74a
10:38:51 [INFO] fl_coap_iroh.fl.client — [rpi01] Round 4 done — loss=1.0459 acc=0.4688  2.5s
10:38:51 [INFO] fl_coap_iroh.fl.client — [rpi01] Round 5 — receiving model…
10:38:51 [INFO] fl_coap_iroh.transport.iroh_node — recv 13933B via direct in 18ms
10:38:51 [INFO] fl_coap_iroh.fl.client — [rpi01] Round 5 — training locally…
10:38:53 [INFO] fl_coap_iroh.fl.client — [rpi01] Round 5 — sending update…
10:38:53 [INFO] fl_coap_iroh.transport.iroh_node — send 13933B via direct in 203ms (0.55 Mbit/s) to 70738f558ecdb74a
10:38:53 [INFO] fl_coap_iroh.fl.client — [rpi01] Round 5 done — loss=1.0464 acc=0.4666  2.1s
10:38:53 [INFO] fl_coap_iroh.fl.client — [rpi01] Round 6 — receiving model…
10:38:53 [INFO] fl_coap_iroh.transport.iroh_node — recv 13933B via direct in 51ms
10:38:53 [INFO] fl_coap_iroh.fl.client — [rpi01] Round 6 — training locally…
10:38:55 [INFO] fl_coap_iroh.fl.client — [rpi01] Round 6 — sending update…
10:38:56 [INFO] fl_coap_iroh.transport.iroh_node — send 13933B via direct in 149ms (0.75 Mbit/s) to 70738f558ecdb74a
10:38:56 [INFO] fl_coap_iroh.fl.client — [rpi01] Round 6 done — loss=1.0439 acc=0.4644  2.6s
10:38:56 [INFO] fl_coap_iroh.fl.client — [rpi01] Round 7 — receiving model…
10:38:56 [INFO] fl_coap_iroh.transport.iroh_node — recv 13933B via direct in 40ms
10:38:56 [INFO] fl_coap_iroh.fl.client — [rpi01] Round 7 — training locally…
10:38:57 [INFO] fl_coap_iroh.fl.client — [rpi01] Round 7 — sending update…
10:38:57 [INFO] fl_coap_iroh.transport.iroh_node — send 13933B via direct in 156ms (0.72 Mbit/s) to 70738f558ecdb74a
10:38:57 [INFO] fl_coap_iroh.fl.client — [rpi01] Round 7 done — loss=1.0449 acc=0.4727  1.9s
10:38:57 [INFO] fl_coap_iroh.fl.client — [rpi01] Round 8 — receiving model…
10:38:58 [INFO] fl_coap_iroh.transport.iroh_node — recv 13933B via direct in 48ms
10:38:58 [INFO] fl_coap_iroh.fl.client — [rpi01] Round 8 — training locally…
10:39:00 [INFO] fl_coap_iroh.fl.client — [rpi01] Round 8 — sending update…
10:39:00 [INFO] fl_coap_iroh.transport.iroh_node — send 13933B via direct in 139ms (0.80 Mbit/s) to 70738f558ecdb74a
10:39:00 [INFO] fl_coap_iroh.fl.client — [rpi01] Round 8 done — loss=1.0461 acc=0.4666  2.5s
10:39:00 [INFO] fl_coap_iroh.fl.client — [rpi01] Round 9 — receiving model…
10:39:00 [INFO] fl_coap_iroh.transport.iroh_node — recv 13933B via direct in 41ms
10:39:00 [INFO] fl_coap_iroh.fl.client — [rpi01] Round 9 — training locally…
10:39:03 [INFO] fl_coap_iroh.fl.client — [rpi01] Round 9 — sending update…
10:39:03 [INFO] fl_coap_iroh.transport.iroh_node — send 13933B via direct in 181ms (0.62 Mbit/s) to 70738f558ecdb74a
10:39:03 [INFO] fl_coap_iroh.fl.client — [rpi01] Round 9 done — loss=1.0476 acc=0.4679  3.2s
10:39:03 [INFO] fl_coap_iroh.fl.client — [rpi01] Round 10 — receiving model…
10:39:03 [INFO] fl_coap_iroh.transport.iroh_node — recv 13933B via direct in 77ms
10:39:03 [INFO] fl_coap_iroh.fl.client — [rpi01] Round 10 — training locally…
10:39:07 [INFO] fl_coap_iroh.fl.client — [rpi01] Round 10 — sending update…
10:39:07 [INFO] fl_coap_iroh.transport.iroh_node — send 13933B via direct in 169ms (0.66 Mbit/s) to 70738f558ecdb74a
10:39:07 [INFO] fl_coap_iroh.fl.client — [rpi01] Round 10 done — loss=1.0418 acc=0.4709  3.6s
10:39:07 [INFO] fl_coap_iroh.fl.client — [rpi01] Round 11 — receiving model…
10:39:07 [INFO] fl_coap_iroh.transport.iroh_node — recv 13933B via direct in 28ms
10:39:07 [INFO] fl_coap_iroh.fl.client — [rpi01] Round 11 — training locally…
10:39:09 [INFO] fl_coap_iroh.fl.client — [rpi01] Round 11 — sending update…
10:39:09 [INFO] fl_coap_iroh.transport.iroh_node — send 13933B via direct in 144ms (0.78 Mbit/s) to 70738f558ecdb74a
10:39:09 [INFO] fl_coap_iroh.fl.client — [rpi01] Round 11 done — loss=1.0388 acc=0.4748  2.4s
10:39:09 [INFO] fl_coap_iroh.fl.client — [rpi01] Round 12 — receiving model…
10:39:09 [INFO] fl_coap_iroh.transport.iroh_node — recv 13933B via direct in 27ms
10:39:09 [INFO] fl_coap_iroh.fl.client — [rpi01] Round 12 — training locally…
10:39:11 [INFO] fl_coap_iroh.fl.client — [rpi01] Round 12 — sending update…
10:39:11 [INFO] fl_coap_iroh.transport.iroh_node — send 13933B via direct in 91ms (1.23 Mbit/s) to 70738f558ecdb74a
10:39:11 [INFO] fl_coap_iroh.fl.client — [rpi01] Round 12 done — loss=1.0459 acc=0.4683  2.2s
10:39:11 [INFO] fl_coap_iroh.fl.client — [rpi01] Round 13 — receiving model…
10:39:11 [INFO] fl_coap_iroh.transport.iroh_node — recv 13933B via direct in 21ms
10:39:11 [INFO] fl_coap_iroh.fl.client — [rpi01] Round 13 — training locally…
10:39:13 [INFO] fl_coap_iroh.fl.client — [rpi01] Round 13 — sending update…
10:39:13 [INFO] fl_coap_iroh.transport.iroh_node — send 13933B via direct in 252ms (0.44 Mbit/s) to 70738f558ecdb74a
10:39:13 [INFO] fl_coap_iroh.fl.client — [rpi01] Round 13 done — loss=1.0449 acc=0.4688  2.0s
10:39:13 [INFO] fl_coap_iroh.fl.client — [rpi01] Round 14 — receiving model…
10:39:14 [INFO] fl_coap_iroh.transport.iroh_node — recv 13933B via direct in 56ms
10:39:14 [INFO] fl_coap_iroh.fl.client — [rpi01] Round 14 — training locally…
10:39:16 [INFO] fl_coap_iroh.fl.client — [rpi01] Round 14 — sending update…
10:39:16 [INFO] fl_coap_iroh.transport.iroh_node — send 13933B via direct in 84ms (1.33 Mbit/s) to 70738f558ecdb74a
10:39:16 [INFO] fl_coap_iroh.fl.client — [rpi01] Round 14 done — loss=1.0453 acc=0.4705  2.4s
10:39:16 [INFO] fl_coap_iroh.fl.client — [rpi01] Round 15 — receiving model…
10:39:16 [INFO] fl_coap_iroh.transport.iroh_node — recv 13933B via direct in 33ms
10:39:16 [INFO] fl_coap_iroh.fl.client — [rpi01] Round 15 — training locally…
10:39:18 [INFO] fl_coap_iroh.fl.client — [rpi01] Round 15 — sending update…
10:39:18 [INFO] fl_coap_iroh.transport.iroh_node — send 13933B via direct in 139ms (0.80 Mbit/s) to 70738f558ecdb74a
10:39:18 [INFO] fl_coap_iroh.fl.client — [rpi01] Round 15 done — loss=1.0438 acc=0.4766  2.4s
10:39:18 [INFO] fl_coap_iroh.fl.client — [rpi01] Round 16 — receiving model…
10:39:18 [INFO] fl_coap_iroh.transport.iroh_node — recv 13933B via direct in 27ms
10:39:18 [INFO] fl_coap_iroh.fl.client — [rpi01] Round 16 — training locally…
10:39:20 [INFO] fl_coap_iroh.fl.client — [rpi01] Round 16 — sending update…
10:39:21 [INFO] fl_coap_iroh.transport.iroh_node — send 13933B via direct in 195ms (0.57 Mbit/s) to 70738f558ecdb74a
10:39:21 [INFO] fl_coap_iroh.fl.client — [rpi01] Round 16 done — loss=1.0408 acc=0.4688  2.5s
10:39:21 [INFO] fl_coap_iroh.fl.client — [rpi01] Round 17 — receiving model…
10:39:21 [INFO] fl_coap_iroh.transport.iroh_node — recv 13933B via direct in 39ms
10:39:21 [INFO] fl_coap_iroh.fl.client — [rpi01] Round 17 — training locally…
10:39:23 [INFO] fl_coap_iroh.fl.client — [rpi01] Round 17 — sending update…
10:39:23 [INFO] fl_coap_iroh.transport.iroh_node — send 13933B via direct in 143ms (0.78 Mbit/s) to 70738f558ecdb74a
10:39:23 [INFO] fl_coap_iroh.fl.client — [rpi01] Round 17 done — loss=1.0473 acc=0.4631  2.5s
10:39:23 [INFO] fl_coap_iroh.fl.client — [rpi01] Round 18 — receiving model…
10:39:23 [INFO] fl_coap_iroh.transport.iroh_node — recv 13933B via direct in 31ms
10:39:23 [INFO] fl_coap_iroh.fl.client — [rpi01] Round 18 — training locally…
10:39:25 [INFO] fl_coap_iroh.fl.client — [rpi01] Round 18 — sending update…
10:39:25 [INFO] fl_coap_iroh.transport.iroh_node — send 13933B via direct in 145ms (0.77 Mbit/s) to 70738f558ecdb74a
10:39:25 [INFO] fl_coap_iroh.fl.client — [rpi01] Round 18 done — loss=1.0466 acc=0.4666  2.0s
10:39:25 [INFO] fl_coap_iroh.fl.client — [rpi01] Round 19 — receiving model…
10:39:25 [INFO] fl_coap_iroh.transport.iroh_node — recv 13933B via direct in 42ms
10:39:25 [INFO] fl_coap_iroh.fl.client — [rpi01] Round 19 — training locally…
10:39:27 [INFO] fl_coap_iroh.fl.client — [rpi01] Round 19 — sending update…
10:39:28 [INFO] fl_coap_iroh.transport.iroh_node — send 13933B via direct in 128ms (0.87 Mbit/s) to 70738f558ecdb74a
10:39:28 [INFO] fl_coap_iroh.fl.client — [rpi01] Round 19 done — loss=1.0411 acc=0.4575  2.5s
10:39:28 [INFO] fl_coap_iroh.fl.client — [rpi01] Round 20 — receiving model…
10:39:28 [INFO] fl_coap_iroh.transport.iroh_node — recv 13933B via direct in 31ms
10:39:28 [INFO] fl_coap_iroh.fl.client — [rpi01] Round 20 — training locally…
10:39:29 [INFO] fl_coap_iroh.fl.client — [rpi01] Round 20 — sending update…
10:39:30 [INFO] fl_coap_iroh.transport.iroh_node — send 13933B via direct in 135ms (0.83 Mbit/s) to 70738f558ecdb74a
10:39:30 [INFO] fl_coap_iroh.fl.client — [rpi01] Round 20 done — loss=1.0437 acc=0.4705  1.9s
10:39:30 [INFO] fl_coap_iroh.fl.client — [rpi01] Round 21 — receiving model…
10:39:30 [INFO] fl_coap_iroh.transport.iroh_node — recv 13933B via direct in 22ms
10:39:30 [INFO] fl_coap_iroh.fl.client — [rpi01] Round 21 — training locally…
10:39:32 [INFO] fl_coap_iroh.fl.client — [rpi01] Round 21 — sending update…
10:39:32 [INFO] fl_coap_iroh.transport.iroh_node — send 13933B via direct in 120ms (0.94 Mbit/s) to 70738f558ecdb74a
10:39:32 [INFO] fl_coap_iroh.fl.client — [rpi01] Round 21 done — loss=1.0429 acc=0.4661  2.4s
10:39:32 [INFO] fl_coap_iroh.fl.client — [rpi01] Round 22 — receiving model…
10:39:32 [INFO] fl_coap_iroh.transport.iroh_node — recv 13933B via direct in 38ms
10:39:32 [INFO] fl_coap_iroh.fl.client — [rpi01] Round 22 — training locally…
10:39:34 [INFO] fl_coap_iroh.fl.client — [rpi01] Round 22 — sending update…
10:39:34 [INFO] fl_coap_iroh.transport.iroh_node — send 13933B via direct in 160ms (0.70 Mbit/s) to 70738f558ecdb74a
10:39:34 [INFO] fl_coap_iroh.fl.client — [rpi01] Round 22 done — loss=1.0429 acc=0.4570  2.4s
10:39:34 [INFO] fl_coap_iroh.fl.client — [rpi01] Round 23 — receiving model…
10:39:35 [INFO] fl_coap_iroh.transport.iroh_node — recv 13933B via direct in 48ms
10:39:35 [INFO] fl_coap_iroh.fl.client — [rpi01] Round 23 — training locally…
10:39:36 [INFO] fl_coap_iroh.fl.client — [rpi01] Round 23 — sending update…
10:39:36 [INFO] fl_coap_iroh.transport.iroh_node — send 13933B via direct in 104ms (1.08 Mbit/s) to 70738f558ecdb74a
10:39:36 [INFO] fl_coap_iroh.fl.client — [rpi01] Round 23 done — loss=1.0448 acc=0.4648  2.1s
10:39:36 [INFO] fl_coap_iroh.fl.client — [rpi01] Round 24 — receiving model…
10:39:37 [INFO] fl_coap_iroh.transport.iroh_node — recv 13933B via direct in 31ms
10:39:37 [INFO] fl_coap_iroh.fl.client — [rpi01] Round 24 — training locally…
10:39:38 [INFO] fl_coap_iroh.fl.client — [rpi01] Round 24 — sending update…
10:39:39 [INFO] fl_coap_iroh.transport.iroh_node — send 13933B via direct in 132ms (0.85 Mbit/s) to 70738f558ecdb74a
10:39:39 [INFO] fl_coap_iroh.fl.client — [rpi01] Round 24 done — loss=1.0430 acc=0.4622  2.2s
10:39:39 [INFO] fl_coap_iroh.fl.client — [rpi01] Round 25 — receiving model…
10:39:39 [INFO] fl_coap_iroh.transport.iroh_node — recv 13933B via direct in 34ms
10:39:39 [INFO] fl_coap_iroh.fl.client — [rpi01] Round 25 — training locally…
10:39:41 [INFO] fl_coap_iroh.fl.client — [rpi01] Round 25 — sending update…
10:39:41 [INFO] fl_coap_iroh.transport.iroh_node — send 13933B via direct in 94ms (1.19 Mbit/s) to 70738f558ecdb74a
10:39:41 [INFO] fl_coap_iroh.fl.client — [rpi01] Round 25 done — loss=1.0402 acc=0.4679  2.2s
10:39:41 [INFO] fl_coap_iroh.fl.client — [rpi01] Round 26 — receiving model…
10:39:41 [INFO] fl_coap_iroh.transport.iroh_node — recv 13933B via direct in 24ms
10:39:41 [INFO] fl_coap_iroh.fl.client — [rpi01] Round 26 — training locally…
10:39:43 [INFO] fl_coap_iroh.fl.client — [rpi01] Round 26 — sending update…
10:39:43 [INFO] fl_coap_iroh.transport.iroh_node — send 13933B via direct in 142ms (0.79 Mbit/s) to 70738f558ecdb74a
10:39:43 [INFO] fl_coap_iroh.fl.client — [rpi01] Round 26 done — loss=1.0429 acc=0.4683  2.3s
10:39:43 [INFO] fl_coap_iroh.fl.client — [rpi01] Round 27 — receiving model…
10:39:43 [INFO] fl_coap_iroh.transport.iroh_node — recv 13933B via direct in 42ms
10:39:43 [INFO] fl_coap_iroh.fl.client — [rpi01] Round 27 — training locally…
10:39:45 [INFO] fl_coap_iroh.fl.client — [rpi01] Round 27 — sending update…
10:39:45 [INFO] fl_coap_iroh.transport.iroh_node — send 13933B via direct in 110ms (1.01 Mbit/s) to 70738f558ecdb74a
10:39:45 [INFO] fl_coap_iroh.fl.client — [rpi01] Round 27 done — loss=1.0448 acc=0.4631  2.1s
10:39:45 [INFO] fl_coap_iroh.fl.client — [rpi01] Round 28 — receiving model…
10:39:45 [INFO] fl_coap_iroh.transport.iroh_node — recv 13933B via direct in 32ms
10:39:45 [INFO] fl_coap_iroh.fl.client — [rpi01] Round 28 — training locally…
10:39:48 [INFO] fl_coap_iroh.fl.client — [rpi01] Round 28 — sending update…
10:39:48 [INFO] fl_coap_iroh.transport.iroh_node — send 13933B via direct in 352ms (0.32 Mbit/s) to 70738f558ecdb74a
10:39:48 [INFO] fl_coap_iroh.fl.client — [rpi01] Round 28 done — loss=1.0446 acc=0.4557  2.8s
10:39:48 [INFO] fl_coap_iroh.fl.client — [rpi01] Round 29 — receiving model…
10:39:48 [INFO] fl_coap_iroh.transport.iroh_node — recv 13933B via direct in 16ms
10:39:48 [INFO] fl_coap_iroh.fl.client — [rpi01] Round 29 — training locally…
10:39:50 [INFO] fl_coap_iroh.fl.client — [rpi01] Round 29 — sending update…
10:39:50 [INFO] fl_coap_iroh.transport.iroh_node — send 13933B via direct in 134ms (0.83 Mbit/s) to 70738f558ecdb74a
10:39:50 [INFO] fl_coap_iroh.fl.client — [rpi01] Round 29 done — loss=1.0440 acc=0.4618  2.2s
10:39:50 [INFO] fl_coap_iroh.fl.client — [rpi01] Round 30 — receiving model…
10:39:50 [INFO] fl_coap_iroh.transport.iroh_node — recv 13933B via direct in 28ms
10:39:50 [INFO] fl_coap_iroh.fl.client — [rpi01] Round 30 — training locally…
10:39:52 [INFO] fl_coap_iroh.fl.client — [rpi01] Round 30 — sending update…
10:39:53 [INFO] fl_coap_iroh.transport.iroh_node — send 13933B via direct in 80ms (1.39 Mbit/s) to 70738f558ecdb74a
10:39:53 [INFO] fl_coap_iroh.fl.client — [rpi01] Round 30 done — loss=1.0445 acc=0.4718  2.3s
10:39:53 [INFO] fl_coap_iroh.coap.server — CoAP server [rpi01] stopped
10:39:53 [INFO] fl_coap_iroh.metrics.collector — Exported 60 rows → results/wan/rpi01/B_wan_transfers.csv
10:39:53 [INFO] fl_coap_iroh.metrics.collector — Exported 30 rows → results/wan/rpi01/B_wan_fl_metrics.csv
10:39:53 [INFO] fl_coap_iroh — Results: {'transfers': 'results/wan/rpi01/B_wan_transfers.csv', 'fl_metrics': 'results/wan/rpi01/B_wan_fl_metrics.csv', 'resource_samples': 'results/wan/rpi01/B_wan_rpi01_resource_samples.csv', 'resource_phases': 'results/wan/rpi01/B_wan_rpi01_resource_phases.csv'}
