09:55:12 [INFO] fl_coap_iroh.data.partition — Air quality dataset loaded: 28514 train / 3561 test | 6 features | 3 classes
09:55:12 [INFO] fl_coap_iroh.data.partition — Geographic partition: 10 provinces  min=2305  max=2922  mean=2851
09:55:14 [INFO] fl_coap_iroh.transport.iroh_node — Iroh node started: 899b110ce8636010  addrs=['10.50.16.202:44279', '85.48.2.235:44279', '100.112.148.36:44279']
09:55:15 [INFO] fl_coap_iroh.coap.server — CoAP server [rpi01] listening on 0.0.0.0:5684
09:55:15 [INFO] fl_coap_iroh.fl.client — FLClient rpi01 started (mock=False)
09:55:15 [INFO] fl_coap_iroh.transport.iroh_node — send 332B via direct in 131ms (0.02 Mbit/s) to 70738f558ecdb74a
09:55:15 [INFO] fl_coap_iroh — Registered over Iroh with server 70738f558ecdb74a
09:55:15 [INFO] fl_coap_iroh.fl.client — [rpi01] Round 1 — receiving model…
09:55:16 [INFO] fl_coap_iroh.transport.iroh_node — recv 13933B via direct in 24ms
09:55:16 [INFO] fl_coap_iroh.fl.client — [rpi01] Round 1 — training locally…
09:55:32 [INFO] fl_coap_iroh.fl.client — [rpi01] Round 1 — sending update…
09:55:32 [INFO] fl_coap_iroh.transport.iroh_node — send 13933B via direct in 80ms (1.39 Mbit/s) to 70738f558ecdb74a
09:55:32 [INFO] fl_coap_iroh.fl.client — [rpi01] Round 1 done — loss=1.0578 acc=0.4601  17.8s
09:55:32 [INFO] fl_coap_iroh.fl.client — [rpi01] Round 2 — receiving model…
09:55:44 [INFO] fl_coap_iroh.transport.iroh_node — recv 13933B via direct in 55ms
09:55:44 [INFO] fl_coap_iroh.fl.client — [rpi01] Round 2 — training locally…
09:55:46 [INFO] fl_coap_iroh.fl.client — [rpi01] Round 2 — sending update…
09:55:47 [INFO] fl_coap_iroh.transport.iroh_node — send 13933B via direct in 180ms (0.62 Mbit/s) to 70738f558ecdb74a
09:55:47 [INFO] fl_coap_iroh.fl.client — [rpi01] Round 2 done — loss=1.0497 acc=0.4709  14.6s
09:55:47 [INFO] fl_coap_iroh.fl.client — [rpi01] Round 3 — receiving model…
09:55:48 [INFO] fl_coap_iroh.transport.iroh_node — recv 13933B via direct in 34ms
09:55:48 [INFO] fl_coap_iroh.fl.client — [rpi01] Round 3 — training locally…
09:55:50 [INFO] fl_coap_iroh.fl.client — [rpi01] Round 3 — sending update…
09:55:50 [INFO] fl_coap_iroh.transport.iroh_node — send 13933B via direct in 159ms (0.70 Mbit/s) to 70738f558ecdb74a
09:55:50 [INFO] fl_coap_iroh.fl.client — [rpi01] Round 3 done — loss=1.0473 acc=0.4731  3.2s
09:55:50 [INFO] fl_coap_iroh.fl.client — [rpi01] Round 4 — receiving model…
09:55:50 [INFO] fl_coap_iroh.transport.iroh_node — recv 13933B via direct in 5ms
09:55:50 [INFO] fl_coap_iroh.fl.client — [rpi01] Round 4 — training locally…
09:55:52 [INFO] fl_coap_iroh.fl.client — [rpi01] Round 4 — sending update…
09:55:52 [INFO] fl_coap_iroh.transport.iroh_node — send 13933B via direct in 84ms (1.33 Mbit/s) to 70738f558ecdb74a
09:55:53 [INFO] fl_coap_iroh.fl.client — [rpi01] Round 4 done — loss=1.0487 acc=0.4635  2.2s
09:55:53 [INFO] fl_coap_iroh.fl.client — [rpi01] Round 5 — receiving model…
09:56:05 [INFO] fl_coap_iroh.transport.iroh_node — recv 13933B via direct in 39ms
09:56:05 [INFO] fl_coap_iroh.fl.client — [rpi01] Round 5 — training locally…
09:56:06 [INFO] fl_coap_iroh.fl.client — [rpi01] Round 5 — sending update…
09:56:06 [INFO] fl_coap_iroh.transport.iroh_node — send 13933B via direct in 132ms (0.85 Mbit/s) to 70738f558ecdb74a
09:56:07 [INFO] fl_coap_iroh.fl.client — [rpi01] Round 5 done — loss=1.0501 acc=0.4627  14.2s
09:56:07 [INFO] fl_coap_iroh.fl.client — [rpi01] Round 6 — receiving model…
09:56:16 [INFO] fl_coap_iroh.transport.iroh_node — recv 13933B via direct in 26ms
09:56:16 [INFO] fl_coap_iroh.fl.client — [rpi01] Round 6 — training locally…
09:56:17 [INFO] fl_coap_iroh.fl.client — [rpi01] Round 6 — sending update…
09:56:17 [INFO] fl_coap_iroh.transport.iroh_node — send 13933B via direct in 86ms (1.30 Mbit/s) to 70738f558ecdb74a
09:56:17 [INFO] fl_coap_iroh.fl.client — [rpi01] Round 6 done — loss=1.0431 acc=0.4709  10.8s
09:56:17 [INFO] fl_coap_iroh.fl.client — [rpi01] Round 7 — receiving model…
09:56:26 [INFO] fl_coap_iroh.transport.iroh_node — recv 13933B via direct in 25ms
09:56:26 [INFO] fl_coap_iroh.fl.client — [rpi01] Round 7 — training locally…
09:56:27 [INFO] fl_coap_iroh.fl.client — [rpi01] Round 7 — sending update…
09:56:27 [INFO] fl_coap_iroh.transport.iroh_node — send 13933B via direct in 98ms (1.14 Mbit/s) to 70738f558ecdb74a
09:56:28 [INFO] fl_coap_iroh.fl.client — [rpi01] Round 7 done — loss=1.0425 acc=0.4740  10.1s
09:56:28 [INFO] fl_coap_iroh.fl.client — [rpi01] Round 8 — receiving model…
09:56:35 [INFO] fl_coap_iroh.transport.iroh_node — recv 13933B via direct in 39ms
09:56:35 [INFO] fl_coap_iroh.fl.client — [rpi01] Round 8 — training locally…
09:56:36 [INFO] fl_coap_iroh.fl.client — [rpi01] Round 8 — sending update…
09:56:36 [INFO] fl_coap_iroh.transport.iroh_node — send 13933B via direct in 91ms (1.23 Mbit/s) to 70738f558ecdb74a
09:56:37 [INFO] fl_coap_iroh.fl.client — [rpi01] Round 8 done — loss=1.0418 acc=0.4666  9.1s
09:56:37 [INFO] fl_coap_iroh.fl.client — [rpi01] Round 9 — receiving model…
09:56:49 [INFO] fl_coap_iroh.transport.iroh_node — recv 13933B via direct in 37ms
09:56:49 [INFO] fl_coap_iroh.fl.client — [rpi01] Round 9 — training locally…
09:56:51 [INFO] fl_coap_iroh.fl.client — [rpi01] Round 9 — sending update…
09:56:51 [INFO] fl_coap_iroh.transport.iroh_node — send 13933B via direct in 152ms (0.74 Mbit/s) to 70738f558ecdb74a
09:56:52 [INFO] fl_coap_iroh.fl.client — [rpi01] Round 9 done — loss=1.0450 acc=0.4831  15.5s
09:56:52 [INFO] fl_coap_iroh.fl.client — [rpi01] Round 10 — receiving model…
09:57:07 [INFO] fl_coap_iroh.transport.iroh_node — recv 13933B via direct in 49ms
09:57:07 [INFO] fl_coap_iroh.fl.client — [rpi01] Round 10 — training locally…
09:57:08 [INFO] fl_coap_iroh.fl.client — [rpi01] Round 10 — sending update…
09:57:08 [INFO] fl_coap_iroh.transport.iroh_node — send 13933B via direct in 96ms (1.17 Mbit/s) to 70738f558ecdb74a
09:57:08 [INFO] fl_coap_iroh.fl.client — [rpi01] Round 10 done — loss=1.0452 acc=0.4614  16.0s
09:57:08 [INFO] fl_coap_iroh.fl.client — [rpi01] Round 11 — receiving model…
09:57:14 [INFO] fl_coap_iroh.transport.iroh_node — recv 13933B via direct in 32ms
09:57:14 [INFO] fl_coap_iroh.fl.client — [rpi01] Round 11 — training locally…
09:57:16 [INFO] fl_coap_iroh.fl.client — [rpi01] Round 11 — sending update…
09:57:16 [INFO] fl_coap_iroh.transport.iroh_node — send 13933B via direct in 152ms (0.73 Mbit/s) to 70738f558ecdb74a
09:57:16 [INFO] fl_coap_iroh.fl.client — [rpi01] Round 11 done — loss=1.0465 acc=0.4618  7.8s
09:57:16 [INFO] fl_coap_iroh.fl.client — [rpi01] Round 12 — receiving model…
09:57:25 [INFO] fl_coap_iroh.transport.iroh_node — recv 13933B via direct in 41ms
09:57:25 [INFO] fl_coap_iroh.fl.client — [rpi01] Round 12 — training locally…
09:57:28 [INFO] fl_coap_iroh.fl.client — [rpi01] Round 12 — sending update…
09:57:28 [INFO] fl_coap_iroh.transport.iroh_node — send 13933B via direct in 149ms (0.75 Mbit/s) to 70738f558ecdb74a
09:57:28 [INFO] fl_coap_iroh.fl.client — [rpi01] Round 12 done — loss=1.0415 acc=0.4774  12.4s
09:57:28 [INFO] fl_coap_iroh.fl.client — [rpi01] Round 13 — receiving model…
09:57:28 [INFO] fl_coap_iroh.transport.iroh_node — recv 13933B via direct in 3ms
09:57:28 [INFO] fl_coap_iroh.fl.client — [rpi01] Round 13 — training locally…
09:57:30 [INFO] fl_coap_iroh.fl.client — [rpi01] Round 13 — sending update…
09:57:30 [INFO] fl_coap_iroh.transport.iroh_node — send 13933B via direct in 264ms (0.42 Mbit/s) to 70738f558ecdb74a
09:57:31 [INFO] fl_coap_iroh.fl.client — [rpi01] Round 13 done — loss=1.0435 acc=0.4679  2.7s
09:57:31 [INFO] fl_coap_iroh.fl.client — [rpi01] Round 14 — receiving model…
09:57:34 [INFO] fl_coap_iroh.transport.iroh_node — recv 13933B via direct in 34ms
09:57:34 [INFO] fl_coap_iroh.fl.client — [rpi01] Round 14 — training locally…
09:57:36 [INFO] fl_coap_iroh.fl.client — [rpi01] Round 14 — sending update…
09:57:36 [INFO] fl_coap_iroh.transport.iroh_node — send 13933B via direct in 139ms (0.80 Mbit/s) to 70738f558ecdb74a
09:57:37 [INFO] fl_coap_iroh.fl.client — [rpi01] Round 14 done — loss=1.0472 acc=0.4709  5.7s
09:57:37 [INFO] fl_coap_iroh.fl.client — [rpi01] Round 15 — receiving model…
09:57:41 [INFO] fl_coap_iroh.transport.iroh_node — recv 13933B via direct in 35ms
09:57:41 [INFO] fl_coap_iroh.fl.client — [rpi01] Round 15 — training locally…
09:57:44 [INFO] fl_coap_iroh.fl.client — [rpi01] Round 15 — sending update…
09:57:44 [INFO] fl_coap_iroh.transport.iroh_node — send 13933B via direct in 102ms (1.09 Mbit/s) to 70738f558ecdb74a
09:57:45 [INFO] fl_coap_iroh.fl.client — [rpi01] Round 15 done — loss=1.0466 acc=0.4635  8.0s
09:57:45 [INFO] fl_coap_iroh.fl.client — [rpi01] Round 16 — receiving model…
09:57:48 [INFO] fl_coap_iroh.transport.iroh_node — recv 13933B via direct in 25ms
09:57:48 [INFO] fl_coap_iroh.fl.client — [rpi01] Round 16 — training locally…
09:57:49 [INFO] fl_coap_iroh.fl.client — [rpi01] Round 16 — sending update…
09:57:50 [INFO] fl_coap_iroh.transport.iroh_node — send 13933B via direct in 141ms (0.79 Mbit/s) to 70738f558ecdb74a
09:57:50 [INFO] fl_coap_iroh.fl.client — [rpi01] Round 16 done — loss=1.0440 acc=0.4670  5.7s
09:57:50 [INFO] fl_coap_iroh.fl.client — [rpi01] Round 17 — receiving model…
09:57:50 [INFO] fl_coap_iroh.transport.iroh_node — recv 13933B via direct in 14ms
09:57:51 [INFO] fl_coap_iroh.fl.client — [rpi01] Round 17 — training locally…
09:57:53 [INFO] fl_coap_iroh.fl.client — [rpi01] Round 17 — sending update…
09:57:53 [INFO] fl_coap_iroh.transport.iroh_node — send 13933B via direct in 86ms (1.30 Mbit/s) to 70738f558ecdb74a
09:57:53 [INFO] fl_coap_iroh.fl.client — [rpi01] Round 17 done — loss=1.0447 acc=0.4696  2.7s
09:57:53 [INFO] fl_coap_iroh.fl.client — [rpi01] Round 18 — receiving model…
09:57:57 [INFO] fl_coap_iroh.transport.iroh_node — recv 13933B via direct in 28ms
09:57:57 [INFO] fl_coap_iroh.fl.client — [rpi01] Round 18 — training locally…
09:57:58 [INFO] fl_coap_iroh.fl.client — [rpi01] Round 18 — sending update…
09:57:59 [INFO] fl_coap_iroh.transport.iroh_node — send 13933B via direct in 140ms (0.80 Mbit/s) to 70738f558ecdb74a
09:57:59 [INFO] fl_coap_iroh.fl.client — [rpi01] Round 18 done — loss=1.0419 acc=0.4701  5.7s
09:57:59 [INFO] fl_coap_iroh.fl.client — [rpi01] Round 19 — receiving model…
09:57:59 [INFO] fl_coap_iroh.transport.iroh_node — recv 13933B via direct in 29ms
09:57:59 [INFO] fl_coap_iroh.fl.client — [rpi01] Round 19 — training locally…
09:58:01 [INFO] fl_coap_iroh.fl.client — [rpi01] Round 19 — sending update…
09:58:01 [INFO] fl_coap_iroh.transport.iroh_node — send 13933B via direct in 78ms (1.44 Mbit/s) to 70738f558ecdb74a
09:58:01 [INFO] fl_coap_iroh.fl.client — [rpi01] Round 19 done — loss=1.0446 acc=0.4609  2.2s
09:58:01 [INFO] fl_coap_iroh.fl.client — [rpi01] Round 20 — receiving model…
09:58:08 [INFO] fl_coap_iroh.transport.iroh_node — recv 13933B via direct in 130ms
09:58:08 [INFO] fl_coap_iroh.fl.client — [rpi01] Round 20 — training locally…
09:58:09 [INFO] fl_coap_iroh.fl.client — [rpi01] Round 20 — sending update…
09:58:09 [INFO] fl_coap_iroh.transport.iroh_node — send 13933B via direct in 83ms (1.35 Mbit/s) to 70738f558ecdb74a
09:58:09 [INFO] fl_coap_iroh.fl.client — [rpi01] Round 20 done — loss=1.0450 acc=0.4670  8.3s
09:58:09 [INFO] fl_coap_iroh.fl.client — [rpi01] Round 21 — receiving model…
09:58:10 [INFO] fl_coap_iroh.transport.iroh_node — recv 13933B via direct in 38ms
09:58:10 [INFO] fl_coap_iroh.fl.client — [rpi01] Round 21 — training locally…
09:58:11 [INFO] fl_coap_iroh.fl.client — [rpi01] Round 21 — sending update…
09:58:12 [INFO] fl_coap_iroh.transport.iroh_node — send 13933B via direct in 147ms (0.76 Mbit/s) to 70738f558ecdb74a
09:58:13 [INFO] fl_coap_iroh.fl.client — [rpi01] Round 21 done — loss=1.0462 acc=0.4631  3.2s
09:58:13 [INFO] fl_coap_iroh.fl.client — [rpi01] Round 22 — receiving model…
09:58:17 [INFO] fl_coap_iroh.transport.iroh_node — recv 13933B via direct in 46ms
09:58:17 [INFO] fl_coap_iroh.fl.client — [rpi01] Round 22 — training locally…
09:58:19 [INFO] fl_coap_iroh.fl.client — [rpi01] Round 22 — sending update…
09:58:20 [INFO] fl_coap_iroh.transport.iroh_node — send 13933B via direct in 128ms (0.88 Mbit/s) to 70738f558ecdb74a
09:58:20 [INFO] fl_coap_iroh.fl.client — [rpi01] Round 22 done — loss=1.0432 acc=0.4674  7.6s
09:58:20 [INFO] fl_coap_iroh.fl.client — [rpi01] Round 23 — receiving model…
09:58:21 [INFO] fl_coap_iroh.transport.iroh_node — recv 13933B via direct in 33ms
09:58:21 [INFO] fl_coap_iroh.fl.client — [rpi01] Round 23 — training locally…
09:58:22 [INFO] fl_coap_iroh.fl.client — [rpi01] Round 23 — sending update…
09:58:23 [INFO] fl_coap_iroh.transport.iroh_node — send 13933B via direct in 286ms (0.39 Mbit/s) to 70738f558ecdb74a
09:58:23 [INFO] fl_coap_iroh.fl.client — [rpi01] Round 23 done — loss=1.0479 acc=0.4640  3.1s
09:58:23 [INFO] fl_coap_iroh.fl.client — [rpi01] Round 24 — receiving model…
09:58:23 [INFO] fl_coap_iroh.transport.iroh_node — recv 13933B via direct in 10ms
09:58:23 [INFO] fl_coap_iroh.fl.client — [rpi01] Round 24 — training locally…
09:58:25 [INFO] fl_coap_iroh.fl.client — [rpi01] Round 24 — sending update…
09:58:25 [INFO] fl_coap_iroh.transport.iroh_node — send 13933B via direct in 103ms (1.09 Mbit/s) to 70738f558ecdb74a
09:58:26 [INFO] fl_coap_iroh.fl.client — [rpi01] Round 24 done — loss=1.0429 acc=0.4735  2.4s
09:58:26 [INFO] fl_coap_iroh.fl.client — [rpi01] Round 25 — receiving model…
09:58:26 [INFO] fl_coap_iroh.transport.iroh_node — recv 13933B via direct in 16ms
09:58:26 [INFO] fl_coap_iroh.fl.client — [rpi01] Round 25 — training locally…
09:58:27 [INFO] fl_coap_iroh.fl.client — [rpi01] Round 25 — sending update…
09:58:27 [INFO] fl_coap_iroh.transport.iroh_node — send 13933B via direct in 77ms (1.46 Mbit/s) to 70738f558ecdb74a
09:58:28 [INFO] fl_coap_iroh.fl.client — [rpi01] Round 25 done — loss=1.0466 acc=0.4683  1.9s
09:58:28 [INFO] fl_coap_iroh.fl.client — [rpi01] Round 26 — receiving model…
09:58:28 [INFO] fl_coap_iroh.transport.iroh_node — recv 13933B via direct in 49ms
09:58:28 [INFO] fl_coap_iroh.fl.client — [rpi01] Round 26 — training locally…
09:58:30 [INFO] fl_coap_iroh.fl.client — [rpi01] Round 26 — sending update…
09:58:31 [INFO] fl_coap_iroh.transport.iroh_node — send 13933B via direct in 156ms (0.72 Mbit/s) to 70738f558ecdb74a
09:58:32 [INFO] fl_coap_iroh.fl.client — [rpi01] Round 26 done — loss=1.0441 acc=0.4731  4.0s
09:58:32 [INFO] fl_coap_iroh.fl.client — [rpi01] Round 27 — receiving model…
09:58:44 [INFO] fl_coap_iroh.transport.iroh_node — recv 13933B via direct in 43ms
09:58:44 [INFO] fl_coap_iroh.fl.client — [rpi01] Round 27 — training locally…
09:58:45 [INFO] fl_coap_iroh.fl.client — [rpi01] Round 27 — sending update…
09:58:45 [INFO] fl_coap_iroh.transport.iroh_node — send 13933B via direct in 110ms (1.02 Mbit/s) to 70738f558ecdb74a
09:58:46 [INFO] fl_coap_iroh.fl.client — [rpi01] Round 27 done — loss=1.0462 acc=0.4666  14.2s
09:58:46 [INFO] fl_coap_iroh.fl.client — [rpi01] Round 28 — receiving model…
09:58:53 [INFO] fl_coap_iroh.transport.iroh_node — recv 13933B via direct in 46ms
09:58:53 [INFO] fl_coap_iroh.fl.client — [rpi01] Round 28 — training locally…
09:58:55 [INFO] fl_coap_iroh.fl.client — [rpi01] Round 28 — sending update…
09:58:55 [INFO] fl_coap_iroh.transport.iroh_node — send 13933B via direct in 143ms (0.78 Mbit/s) to 70738f558ecdb74a
09:58:56 [INFO] fl_coap_iroh.fl.client — [rpi01] Round 28 done — loss=1.0434 acc=0.4661  10.3s
09:58:56 [INFO] fl_coap_iroh.fl.client — [rpi01] Round 29 — receiving model…
09:59:03 [INFO] fl_coap_iroh.transport.iroh_node — recv 13933B via direct in 35ms
09:59:03 [INFO] fl_coap_iroh.fl.client — [rpi01] Round 29 — training locally…
09:59:06 [INFO] fl_coap_iroh.fl.client — [rpi01] Round 29 — sending update…
09:59:06 [INFO] fl_coap_iroh.transport.iroh_node — send 13933B via direct in 134ms (0.84 Mbit/s) to 70738f558ecdb74a
09:59:07 [INFO] fl_coap_iroh.fl.client — [rpi01] Round 29 done — loss=1.0467 acc=0.4705  10.8s
09:59:07 [INFO] fl_coap_iroh.fl.client — [rpi01] Round 30 — receiving model…
09:59:11 [INFO] fl_coap_iroh.transport.iroh_node — recv 13933B via direct in 24ms
09:59:11 [INFO] fl_coap_iroh.fl.client — [rpi01] Round 30 — training locally…
09:59:15 [INFO] fl_coap_iroh.fl.client — [rpi01] Round 30 — sending update…
09:59:15 [INFO] fl_coap_iroh.transport.iroh_node — send 13933B via direct in 211ms (0.53 Mbit/s) to 70738f558ecdb74a
09:59:15 [INFO] fl_coap_iroh.fl.client — [rpi01] Round 30 done — loss=1.0425 acc=0.4696  8.2s
09:59:15 [INFO] fl_coap_iroh.coap.server — CoAP server [rpi01] stopped
09:59:15 [INFO] fl_coap_iroh.metrics.collector — Exported 60 rows → results/wan/rpi01/B_wan_transfers.csv
09:59:15 [INFO] fl_coap_iroh.metrics.collector — Exported 30 rows → results/wan/rpi01/B_wan_fl_metrics.csv
09:59:15 [INFO] fl_coap_iroh — Results: {'transfers': 'results/wan/rpi01/B_wan_transfers.csv', 'fl_metrics': 'results/wan/rpi01/B_wan_fl_metrics.csv', 'resource_samples': 'results/wan/rpi01/B_wan_rpi01_resource_samples.csv', 'resource_phases': 'results/wan/rpi01/B_wan_rpi01_resource_phases.csv'}
