== E3 repeated cold-start establishment: scenario=net_office_to_home reps=30 pause=20s ==
--- run 1/30 (22:23:59) ---
    ok (45s)
--- run 2/30 (22:25:04) ---
    ok (47s)
--- run 3/30 (22:26:11) ---
    ok (53s)
--- run 4/30 (22:27:24) ---
    ok (51s)
--- run 5/30 (22:28:35) ---
    ok (50s)
--- run 6/30 (22:29:45) ---
    ok (49s)
--- run 7/30 (22:30:54) ---
    ok (47s)
--- run 8/30 (22:32:01) ---
    ok (50s)
--- run 9/30 (22:33:11) ---
    ok (49s)
--- run 10/30 (22:34:20) ---
    ok (51s)
--- run 11/30 (22:35:31) ---
    ok (47s)
--- run 12/30 (22:36:38) ---
    ok (46s)
--- run 13/30 (22:37:44) ---
    ok (49s)
--- run 14/30 (22:38:53) ---
    ok (49s)
--- run 15/30 (22:40:02) ---
    ok (50s)
--- run 16/30 (22:41:12) ---
    ok (49s)
--- run 17/30 (22:42:21) ---
    ok (50s)
--- run 18/30 (22:43:31) ---
    ok (48s)
--- run 19/30 (22:44:39) ---
    ok (49s)
--- run 20/30 (22:45:48) ---
    ok (49s)
--- run 21/30 (22:46:57) ---
    ok (49s)
--- run 22/30 (22:48:06) ---
    ok (50s)
--- run 23/30 (22:49:16) ---
    ok (52s)
--- run 24/30 (22:50:28) ---
    ok (50s)
--- run 25/30 (22:51:38) ---
    ok (49s)
--- run 26/30 (22:52:48) ---
    ok (48s)
--- run 27/30 (22:53:56) ---
    ok (53s)
--- run 28/30 (22:55:09) ---
    ok (46s)
--- run 29/30 (22:56:15) ---
    ok (48s)
--- run 30/30 (22:57:23) ---
    ok (49s)

== summary (results/e3/establish/net_office_to_home/summary.csv) ==
   ok=30  failed=0
   per-connection conn_type/active_addr: results/e3/establish/net_office_to_home/run_*/e3_nat_net_office_to_home_client.csv
