10:15:45 [INFO] fl_coap_iroh.data.partition — Air quality dataset loaded: 28514 train / 3561 test | 6 features | 3 classes
10:15:45 [INFO] fl_coap_iroh.data.partition — Geographic partition: 10 provinces  min=2305  max=2922  mean=2851
10:15:45 [INFO] fl_coap_iroh.metrics.resources — Power source: hwmon
10:15:45 [INFO] fl_coap_iroh.transport.iroh_node — Iroh node started: a521f0558f5b4c6a  addrs=['85.48.2.235:64968', '172.17.0.1:42202', '172.18.0.1:42202', '192.168.197.140:42202']
10:15:46 [INFO] fl_coap_iroh.coap.server — CoAP server [pc1] listening on 0.0.0.0:5991
10:15:46 [INFO] fl_coap_iroh.fl.client — FLClient pc1 started (mock=False)
10:15:46 [INFO] fl_coap_iroh.transport.iroh_node — send 349B via direct in 71ms (0.04 Mbit/s) to 70738f558ecdb74a
10:15:46 [INFO] fl_coap_iroh — Registered over Iroh with server 70738f558ecdb74a
10:15:46 [INFO] fl_coap_iroh.fl.client — [pc1] Round 1 — receiving model…
10:15:47 [INFO] fl_coap_iroh.transport.iroh_node — recv 13933B via direct in 19ms
10:15:47 [INFO] fl_coap_iroh.fl.client — [pc1] Round 1 — training locally…
10:16:27 [INFO] fl_coap_iroh.fl.client — [pc1] Round 1 — sending update…
10:16:27 [INFO] fl_coap_iroh.transport.iroh_node — send 13933B via direct in 16ms (7.15 Mbit/s) to 70738f558ecdb74a
10:16:27 [INFO] fl_coap_iroh.fl.client — [pc1] Round 1 done — loss=1.0748 acc=0.3915  38.3s
10:16:27 [INFO] fl_coap_iroh.fl.client — [pc1] Round 2 — receiving model…
10:16:27 [INFO] fl_coap_iroh.transport.iroh_node — recv 13933B via direct in 6ms
10:16:27 [INFO] fl_coap_iroh.fl.client — [pc1] Round 2 — training locally…
10:16:28 [INFO] fl_coap_iroh.fl.client — [pc1] Round 2 — sending update…
10:16:28 [INFO] fl_coap_iroh.transport.iroh_node — send 13933B via direct in 10ms (11.75 Mbit/s) to 70738f558ecdb74a
10:16:28 [INFO] fl_coap_iroh.fl.client — [pc1] Round 2 done — loss=1.0729 acc=0.3956  1.1s
10:16:28 [INFO] fl_coap_iroh.fl.client — [pc1] Round 3 — receiving model…
10:16:30 [INFO] fl_coap_iroh.transport.iroh_node — recv 13933B via direct in 4ms
10:16:30 [INFO] fl_coap_iroh.fl.client — [pc1] Round 3 — training locally…
10:16:30 [INFO] fl_coap_iroh.fl.client — [pc1] Round 3 — sending update…
10:16:30 [INFO] fl_coap_iroh.transport.iroh_node — send 13933B via direct in 11ms (10.50 Mbit/s) to 70738f558ecdb74a
10:16:30 [INFO] fl_coap_iroh.fl.client — [pc1] Round 3 done — loss=1.0687 acc=0.3966  1.8s
10:16:30 [INFO] fl_coap_iroh.fl.client — [pc1] Round 4 — receiving model…
10:16:32 [INFO] fl_coap_iroh.transport.iroh_node — recv 13933B via direct in 5ms
10:16:32 [INFO] fl_coap_iroh.fl.client — [pc1] Round 4 — training locally…
10:16:33 [INFO] fl_coap_iroh.fl.client — [pc1] Round 4 — sending update…
10:16:33 [INFO] fl_coap_iroh.transport.iroh_node — send 13933B via direct in 11ms (9.97 Mbit/s) to 70738f558ecdb74a
10:16:33 [INFO] fl_coap_iroh.fl.client — [pc1] Round 4 done — loss=1.0695 acc=0.4214  2.9s
10:16:33 [INFO] fl_coap_iroh.fl.client — [pc1] Round 5 — receiving model…
10:16:35 [INFO] fl_coap_iroh.transport.iroh_node — recv 13933B via direct in 6ms
10:16:35 [INFO] fl_coap_iroh.fl.client — [pc1] Round 5 — training locally…
10:16:35 [INFO] fl_coap_iroh.fl.client — [pc1] Round 5 — sending update…
10:16:35 [INFO] fl_coap_iroh.transport.iroh_node — send 13933B via direct in 8ms (14.27 Mbit/s) to 70738f558ecdb74a
10:16:35 [INFO] fl_coap_iroh.fl.client — [pc1] Round 5 done — loss=1.0630 acc=0.4166  2.3s
10:16:35 [INFO] fl_coap_iroh.fl.client — [pc1] Round 6 — receiving model…
10:16:36 [INFO] fl_coap_iroh.transport.iroh_node — recv 13933B via direct in 6ms
10:16:36 [INFO] fl_coap_iroh.fl.client — [pc1] Round 6 — training locally…
10:16:37 [INFO] fl_coap_iroh.fl.client — [pc1] Round 6 — sending update…
10:16:37 [INFO] fl_coap_iroh.transport.iroh_node — send 13933B via direct in 12ms (9.20 Mbit/s) to 70738f558ecdb74a
10:16:37 [INFO] fl_coap_iroh.fl.client — [pc1] Round 6 done — loss=1.0646 acc=0.4073  1.4s
10:16:37 [INFO] fl_coap_iroh.fl.client — [pc1] Round 7 — receiving model…
10:16:38 [INFO] fl_coap_iroh.transport.iroh_node — recv 13933B via direct in 8ms
10:16:38 [INFO] fl_coap_iroh.fl.client — [pc1] Round 7 — training locally…
10:16:41 [INFO] fl_coap_iroh.fl.client — [pc1] Round 7 — sending update…
10:16:41 [INFO] fl_coap_iroh.transport.iroh_node — send 13933B via direct in 23ms (4.92 Mbit/s) to 70738f558ecdb74a
10:16:41 [INFO] fl_coap_iroh.fl.client — [pc1] Round 7 done — loss=1.0647 acc=0.4138  4.1s
10:16:41 [INFO] fl_coap_iroh.fl.client — [pc1] Round 8 — receiving model…
10:16:41 [INFO] fl_coap_iroh.transport.iroh_node — recv 13933B via direct in 10ms
10:16:41 [INFO] fl_coap_iroh.fl.client — [pc1] Round 8 — training locally…
10:16:50 [INFO] fl_coap_iroh.fl.client — [pc1] Round 8 — sending update…
10:16:50 [INFO] fl_coap_iroh.transport.iroh_node — send 13933B via direct in 17ms (6.40 Mbit/s) to 70738f558ecdb74a
10:16:50 [INFO] fl_coap_iroh.fl.client — [pc1] Round 8 done — loss=1.0645 acc=0.4169  7.2s
10:16:50 [INFO] fl_coap_iroh.fl.client — [pc1] Round 9 — receiving model…
10:16:50 [INFO] fl_coap_iroh.transport.iroh_node — recv 13933B via direct in 8ms
10:16:50 [INFO] fl_coap_iroh.fl.client — [pc1] Round 9 — training locally…
10:16:54 [INFO] fl_coap_iroh.fl.client — [pc1] Round 9 — sending update…
10:16:54 [INFO] fl_coap_iroh.transport.iroh_node — send 13933B via direct in 24ms (4.70 Mbit/s) to 70738f558ecdb74a
10:16:54 [INFO] fl_coap_iroh.fl.client — [pc1] Round 9 done — loss=1.0664 acc=0.4159  3.9s
10:16:54 [INFO] fl_coap_iroh.fl.client — [pc1] Round 10 — receiving model…
10:16:54 [INFO] fl_coap_iroh.transport.iroh_node — recv 13933B via direct in 18ms
10:16:54 [INFO] fl_coap_iroh.fl.client — [pc1] Round 10 — training locally…
10:16:56 [INFO] fl_coap_iroh.fl.client — [pc1] Round 10 — sending update…
10:16:56 [INFO] fl_coap_iroh.transport.iroh_node — send 13933B via direct in 11ms (10.33 Mbit/s) to 70738f558ecdb74a
10:16:56 [INFO] fl_coap_iroh.fl.client — [pc1] Round 10 done — loss=1.0669 acc=0.4097  1.6s
10:16:56 [INFO] fl_coap_iroh.fl.client — [pc1] Round 11 — receiving model…
10:16:56 [INFO] fl_coap_iroh.transport.iroh_node — recv 13933B via direct in 11ms
10:16:56 [INFO] fl_coap_iroh.fl.client — [pc1] Round 11 — training locally…
10:16:58 [INFO] fl_coap_iroh.fl.client — [pc1] Round 11 — sending update…
10:16:58 [INFO] fl_coap_iroh.transport.iroh_node — send 13933B via direct in 18ms (6.25 Mbit/s) to 70738f558ecdb74a
10:16:58 [INFO] fl_coap_iroh.fl.client — [pc1] Round 11 done — loss=1.0604 acc=0.4251  1.9s
10:16:58 [INFO] fl_coap_iroh.fl.client — [pc1] Round 12 — receiving model…
10:16:58 [INFO] fl_coap_iroh.transport.iroh_node — recv 13933B via direct in 2ms
10:16:58 [INFO] fl_coap_iroh.fl.client — [pc1] Round 12 — training locally…
10:16:58 [INFO] fl_coap_iroh.fl.client — [pc1] Round 12 — sending update…
10:16:58 [INFO] fl_coap_iroh.transport.iroh_node — send 13933B via direct in 10ms (10.77 Mbit/s) to 70738f558ecdb74a
10:16:58 [INFO] fl_coap_iroh.fl.client — [pc1] Round 12 done — loss=1.0635 acc=0.4193  0.5s
10:16:58 [INFO] fl_coap_iroh.fl.client — [pc1] Round 13 — receiving model…
10:16:58 [INFO] fl_coap_iroh.transport.iroh_node — recv 13933B via direct in 3ms
10:16:58 [INFO] fl_coap_iroh.fl.client — [pc1] Round 13 — training locally…
10:16:59 [INFO] fl_coap_iroh.fl.client — [pc1] Round 13 — sending update…
10:16:59 [INFO] fl_coap_iroh.transport.iroh_node — send 13933B via direct in 15ms (7.26 Mbit/s) to 70738f558ecdb74a
10:16:59 [INFO] fl_coap_iroh.fl.client — [pc1] Round 13 done — loss=1.0660 acc=0.4135  0.8s
10:16:59 [INFO] fl_coap_iroh.fl.client — [pc1] Round 14 — receiving model…
10:17:00 [INFO] fl_coap_iroh.transport.iroh_node — recv 13933B via direct in 9ms
10:17:00 [INFO] fl_coap_iroh.fl.client — [pc1] Round 14 — training locally…
10:17:01 [INFO] fl_coap_iroh.fl.client — [pc1] Round 14 — sending update…
10:17:01 [INFO] fl_coap_iroh.transport.iroh_node — send 13933B via direct in 19ms (5.99 Mbit/s) to 70738f558ecdb74a
10:17:01 [INFO] fl_coap_iroh.fl.client — [pc1] Round 14 done — loss=1.0654 acc=0.4269  1.9s
10:17:01 [INFO] fl_coap_iroh.fl.client — [pc1] Round 15 — receiving model…
10:17:03 [INFO] fl_coap_iroh.transport.iroh_node — recv 13933B via direct in 5ms
10:17:03 [INFO] fl_coap_iroh.fl.client — [pc1] Round 15 — training locally…
10:17:04 [INFO] fl_coap_iroh.fl.client — [pc1] Round 15 — sending update…
10:17:04 [INFO] fl_coap_iroh.transport.iroh_node — send 13933B via direct in 13ms (8.74 Mbit/s) to 70738f558ecdb74a
10:17:04 [INFO] fl_coap_iroh.fl.client — [pc1] Round 15 done — loss=1.0625 acc=0.4296  2.7s
10:17:04 [INFO] fl_coap_iroh.fl.client — [pc1] Round 16 — receiving model…
10:17:04 [INFO] fl_coap_iroh.transport.iroh_node — recv 13933B via direct in 5ms
10:17:04 [INFO] fl_coap_iroh.fl.client — [pc1] Round 16 — training locally…
10:17:06 [INFO] fl_coap_iroh.fl.client — [pc1] Round 16 — sending update…
10:17:06 [INFO] fl_coap_iroh.transport.iroh_node — send 13933B via direct in 18ms (6.06 Mbit/s) to 70738f558ecdb74a
10:17:06 [INFO] fl_coap_iroh.fl.client — [pc1] Round 16 done — loss=1.0644 acc=0.4131  2.3s
10:17:06 [INFO] fl_coap_iroh.fl.client — [pc1] Round 17 — receiving model…
10:17:07 [INFO] fl_coap_iroh.transport.iroh_node — recv 13933B via direct in 7ms
10:17:07 [INFO] fl_coap_iroh.fl.client — [pc1] Round 17 — training locally…
10:17:08 [INFO] fl_coap_iroh.fl.client — [pc1] Round 17 — sending update…
10:17:08 [INFO] fl_coap_iroh.transport.iroh_node — send 13933B via direct in 16ms (6.95 Mbit/s) to 70738f558ecdb74a
10:17:08 [INFO] fl_coap_iroh.fl.client — [pc1] Round 17 done — loss=1.0617 acc=0.4310  1.9s
10:17:08 [INFO] fl_coap_iroh.fl.client — [pc1] Round 18 — receiving model…
10:17:09 [INFO] fl_coap_iroh.transport.iroh_node — recv 13933B via direct in 10ms
10:17:09 [INFO] fl_coap_iroh.fl.client — [pc1] Round 18 — training locally…
10:17:11 [INFO] fl_coap_iroh.fl.client — [pc1] Round 18 — sending update…
10:17:11 [INFO] fl_coap_iroh.transport.iroh_node — send 13933B via direct in 20ms (5.53 Mbit/s) to 70738f558ecdb74a
10:17:11 [INFO] fl_coap_iroh.fl.client — [pc1] Round 18 done — loss=1.0603 acc=0.4203  3.4s
10:17:11 [INFO] fl_coap_iroh.fl.client — [pc1] Round 19 — receiving model…
10:17:11 [INFO] fl_coap_iroh.transport.iroh_node — recv 13933B via direct in 17ms
10:17:11 [INFO] fl_coap_iroh.fl.client — [pc1] Round 19 — training locally…
10:17:14 [INFO] fl_coap_iroh.fl.client — [pc1] Round 19 — sending update…
10:17:14 [INFO] fl_coap_iroh.transport.iroh_node — send 13933B via direct in 14ms (7.86 Mbit/s) to 70738f558ecdb74a
10:17:14 [INFO] fl_coap_iroh.fl.client — [pc1] Round 19 done — loss=1.0591 acc=0.4245  2.8s
10:17:14 [INFO] fl_coap_iroh.fl.client — [pc1] Round 20 — receiving model…
10:17:14 [INFO] fl_coap_iroh.transport.iroh_node — recv 13933B via direct in 15ms
10:17:14 [INFO] fl_coap_iroh.fl.client — [pc1] Round 20 — training locally…
10:17:16 [INFO] fl_coap_iroh.fl.client — [pc1] Round 20 — sending update…
10:17:16 [INFO] fl_coap_iroh.transport.iroh_node — send 13933B via direct in 16ms (6.99 Mbit/s) to 70738f558ecdb74a
10:17:16 [INFO] fl_coap_iroh.fl.client — [pc1] Round 20 done — loss=1.0581 acc=0.4241  1.7s
10:17:16 [INFO] fl_coap_iroh.fl.client — [pc1] Round 21 — receiving model…
10:17:16 [INFO] fl_coap_iroh.transport.iroh_node — recv 13933B via direct in 1ms
10:17:16 [INFO] fl_coap_iroh.fl.client — [pc1] Round 21 — training locally…
10:17:16 [INFO] fl_coap_iroh.fl.client — [pc1] Round 21 — sending update…
10:17:16 [INFO] fl_coap_iroh.transport.iroh_node — send 13933B via direct in 20ms (5.56 Mbit/s) to 70738f558ecdb74a
10:17:16 [INFO] fl_coap_iroh.fl.client — [pc1] Round 21 done — loss=1.0663 acc=0.4255  0.5s
10:17:16 [INFO] fl_coap_iroh.fl.client — [pc1] Round 22 — receiving model…
10:17:17 [INFO] fl_coap_iroh.transport.iroh_node — recv 13933B via direct in 9ms
10:17:17 [INFO] fl_coap_iroh.fl.client — [pc1] Round 22 — training locally…
10:17:18 [INFO] fl_coap_iroh.fl.client — [pc1] Round 22 — sending update…
10:17:19 [INFO] fl_coap_iroh.transport.iroh_node — send 13933B via direct in 23ms (4.77 Mbit/s) to 70738f558ecdb74a
10:17:19 [INFO] fl_coap_iroh.fl.client — [pc1] Round 22 done — loss=1.0647 acc=0.4090  2.3s
10:17:19 [INFO] fl_coap_iroh.fl.client — [pc1] Round 23 — receiving model…
10:17:19 [INFO] fl_coap_iroh.transport.iroh_node — recv 13933B via direct in 11ms
10:17:19 [INFO] fl_coap_iroh.fl.client — [pc1] Round 23 — training locally…
10:17:24 [INFO] fl_coap_iroh.fl.client — [pc1] Round 23 — sending update…
10:17:24 [INFO] fl_coap_iroh.transport.iroh_node — send 13933B via direct in 21ms (5.41 Mbit/s) to 70738f558ecdb74a
10:17:24 [INFO] fl_coap_iroh.fl.client — [pc1] Round 23 done — loss=1.0603 acc=0.4203  3.3s
10:17:24 [INFO] fl_coap_iroh.fl.client — [pc1] Round 24 — receiving model…
10:17:24 [INFO] fl_coap_iroh.transport.iroh_node — recv 13933B via direct in 16ms
10:17:24 [INFO] fl_coap_iroh.fl.client — [pc1] Round 24 — training locally…
10:17:26 [INFO] fl_coap_iroh.fl.client — [pc1] Round 24 — sending update…
10:17:26 [INFO] fl_coap_iroh.transport.iroh_node — send 13933B via direct in 17ms (6.66 Mbit/s) to 70738f558ecdb74a
10:17:26 [INFO] fl_coap_iroh.fl.client — [pc1] Round 24 done — loss=1.0627 acc=0.4238  1.9s
10:17:26 [INFO] fl_coap_iroh.fl.client — [pc1] Round 25 — receiving model…
10:17:27 [INFO] fl_coap_iroh.transport.iroh_node — recv 13933B via direct in 12ms
10:17:27 [INFO] fl_coap_iroh.fl.client — [pc1] Round 25 — training locally…
10:17:28 [INFO] fl_coap_iroh.fl.client — [pc1] Round 25 — sending update…
10:17:28 [INFO] fl_coap_iroh.transport.iroh_node — send 13933B via direct in 8ms (13.41 Mbit/s) to 70738f558ecdb74a
10:17:28 [INFO] fl_coap_iroh.fl.client — [pc1] Round 25 done — loss=1.0557 acc=0.4286  1.4s
10:17:28 [INFO] fl_coap_iroh.fl.client — [pc1] Round 26 — receiving model…
10:17:29 [INFO] fl_coap_iroh.transport.iroh_node — recv 13933B via direct in 12ms
10:17:29 [INFO] fl_coap_iroh.fl.client — [pc1] Round 26 — training locally…
10:17:29 [INFO] fl_coap_iroh.fl.client — [pc1] Round 26 — sending update…
10:17:29 [INFO] fl_coap_iroh.transport.iroh_node — send 13933B via direct in 20ms (5.58 Mbit/s) to 70738f558ecdb74a
10:17:29 [INFO] fl_coap_iroh.fl.client — [pc1] Round 26 done — loss=1.0596 acc=0.4224  1.9s
10:17:29 [INFO] fl_coap_iroh.fl.client — [pc1] Round 27 — receiving model…
10:17:31 [INFO] fl_coap_iroh.transport.iroh_node — recv 13933B via direct in 11ms
10:17:31 [INFO] fl_coap_iroh.fl.client — [pc1] Round 27 — training locally…
10:17:32 [INFO] fl_coap_iroh.fl.client — [pc1] Round 27 — sending update…
10:17:32 [INFO] fl_coap_iroh.transport.iroh_node — send 13933B via direct in 10ms (11.65 Mbit/s) to 70738f558ecdb74a
10:17:32 [INFO] fl_coap_iroh.fl.client — [pc1] Round 27 done — loss=1.0633 acc=0.4169  2.3s
10:17:32 [INFO] fl_coap_iroh.fl.client — [pc1] Round 28 — receiving model…
10:17:33 [INFO] fl_coap_iroh.transport.iroh_node — recv 13933B via direct in 11ms
10:17:33 [INFO] fl_coap_iroh.fl.client — [pc1] Round 28 — training locally…
10:17:34 [INFO] fl_coap_iroh.fl.client — [pc1] Round 28 — sending update…
10:17:34 [INFO] fl_coap_iroh.transport.iroh_node — send 13933B via direct in 20ms (5.72 Mbit/s) to 70738f558ecdb74a
10:17:34 [INFO] fl_coap_iroh.fl.client — [pc1] Round 28 done — loss=1.0595 acc=0.4227  2.3s
10:17:34 [INFO] fl_coap_iroh.fl.client — [pc1] Round 29 — receiving model…
10:17:35 [INFO] fl_coap_iroh.transport.iroh_node — recv 13933B via direct in 11ms
10:17:35 [INFO] fl_coap_iroh.fl.client — [pc1] Round 29 — training locally…
10:17:36 [INFO] fl_coap_iroh.fl.client — [pc1] Round 29 — sending update…
10:17:36 [INFO] fl_coap_iroh.transport.iroh_node — send 13933B via direct in 13ms (8.31 Mbit/s) to 70738f558ecdb74a
10:17:36 [INFO] fl_coap_iroh.fl.client — [pc1] Round 29 done — loss=1.0599 acc=0.4275  2.3s
10:17:36 [INFO] fl_coap_iroh.fl.client — [pc1] Round 30 — receiving model…
10:17:36 [INFO] fl_coap_iroh.transport.iroh_node — recv 13933B via direct in 1ms
10:17:36 [INFO] fl_coap_iroh.fl.client — [pc1] Round 30 — training locally…
10:17:37 [INFO] fl_coap_iroh.fl.client — [pc1] Round 30 — sending update…
10:17:37 [INFO] fl_coap_iroh.transport.iroh_node — send 13933B via direct in 13ms (8.81 Mbit/s) to 70738f558ecdb74a
10:17:37 [INFO] fl_coap_iroh.fl.client — [pc1] Round 30 done — loss=1.0614 acc=0.4320  0.4s
10:17:37 [INFO] fl_coap_iroh.coap.server — CoAP server [pc1] stopped
10:17:37 [INFO] fl_coap_iroh.metrics.collector — Exported 60 rows → results/h2h/fliroh_noeval/pc1/B_wan_transfers.csv
10:17:37 [INFO] fl_coap_iroh.metrics.collector — Exported 30 rows → results/h2h/fliroh_noeval/pc1/B_wan_fl_metrics.csv
10:17:37 [INFO] fl_coap_iroh — Results: {'transfers': 'results/h2h/fliroh_noeval/pc1/B_wan_transfers.csv', 'fl_metrics': 'results/h2h/fliroh_noeval/pc1/B_wan_fl_metrics.csv', 'resource_samples': 'results/h2h/fliroh_noeval/pc1/B_wan_pc1_resource_samples.csv', 'resource_phases': 'results/h2h/fliroh_noeval/pc1/B_wan_pc1_resource_phases.csv'}
