10:15:45 [INFO] fl_coap_iroh.data.partition — Air quality dataset loaded: 28514 train / 3561 test | 6 features | 3 classes
10:15:45 [INFO] fl_coap_iroh.data.partition — Geographic partition: 10 provinces  min=2305  max=2922  mean=2851
10:15:45 [INFO] fl_coap_iroh.metrics.resources — Power source: hwmon
10:15:45 [INFO] fl_coap_iroh.transport.iroh_node — Iroh node started: 5055684860c43a38  addrs=['85.48.2.235:64928', '172.17.0.1:57714', '172.18.0.1:57714', '192.168.197.140:57714']
10:15:46 [INFO] fl_coap_iroh.coap.server — CoAP server [pc2] listening on 0.0.0.0:5992
10:15:46 [INFO] fl_coap_iroh.fl.client — FLClient pc2 started (mock=False)
10:15:46 [INFO] fl_coap_iroh.transport.iroh_node — send 349B via direct in 7ms (0.42 Mbit/s) to 70738f558ecdb74a
10:15:46 [INFO] fl_coap_iroh — Registered over Iroh with server 70738f558ecdb74a
10:15:46 [INFO] fl_coap_iroh.fl.client — [pc2] Round 1 — receiving model…
10:15:47 [INFO] fl_coap_iroh.transport.iroh_node — recv 13933B via direct in 13ms
10:15:47 [INFO] fl_coap_iroh.fl.client — [pc2] Round 1 — training locally…
10:16:27 [INFO] fl_coap_iroh.fl.client — [pc2] Round 1 — sending update…
10:16:27 [INFO] fl_coap_iroh.transport.iroh_node — send 13933B via direct in 8ms (13.48 Mbit/s) to 70738f558ecdb74a
10:16:27 [INFO] fl_coap_iroh.fl.client — [pc2] Round 1 done — loss=1.0401 acc=0.4615  38.5s
10:16:27 [INFO] fl_coap_iroh.fl.client — [pc2] Round 2 — receiving model…
10:16:27 [INFO] fl_coap_iroh.transport.iroh_node — recv 13933B via direct in 9ms
10:16:27 [INFO] fl_coap_iroh.fl.client — [pc2] Round 2 — training locally…
10:16:28 [INFO] fl_coap_iroh.fl.client — [pc2] Round 2 — sending update…
10:16:28 [INFO] fl_coap_iroh.transport.iroh_node — send 13933B via direct in 9ms (12.43 Mbit/s) to 70738f558ecdb74a
10:16:28 [INFO] fl_coap_iroh.fl.client — [pc2] Round 2 done — loss=0.9857 acc=0.5093  1.0s
10:16:28 [INFO] fl_coap_iroh.fl.client — [pc2] Round 3 — receiving model…
10:16:30 [INFO] fl_coap_iroh.transport.iroh_node — recv 13933B via direct in 6ms
10:16:30 [INFO] fl_coap_iroh.fl.client — [pc2] Round 3 — training locally…
10:16:30 [INFO] fl_coap_iroh.fl.client — [pc2] Round 3 — sending update…
10:16:30 [INFO] fl_coap_iroh.transport.iroh_node — send 13933B via direct in 10ms (11.36 Mbit/s) to 70738f558ecdb74a
10:16:30 [INFO] fl_coap_iroh.fl.client — [pc2] Round 3 done — loss=0.9647 acc=0.5275  1.9s
10:16:30 [INFO] fl_coap_iroh.fl.client — [pc2] Round 4 — receiving model…
10:16:32 [INFO] fl_coap_iroh.transport.iroh_node — recv 13933B via direct in 5ms
10:16:32 [INFO] fl_coap_iroh.fl.client — [pc2] Round 4 — training locally…
10:16:33 [INFO] fl_coap_iroh.fl.client — [pc2] Round 4 — sending update…
10:16:33 [INFO] fl_coap_iroh.transport.iroh_node — send 13933B via direct in 17ms (6.51 Mbit/s) to 70738f558ecdb74a
10:16:33 [INFO] fl_coap_iroh.fl.client — [pc2] Round 4 done — loss=0.9587 acc=0.5295  2.8s
10:16:33 [INFO] fl_coap_iroh.fl.client — [pc2] Round 5 — receiving model…
10:16:35 [INFO] fl_coap_iroh.transport.iroh_node — recv 13933B via direct in 9ms
10:16:35 [INFO] fl_coap_iroh.fl.client — [pc2] Round 5 — training locally…
10:16:35 [INFO] fl_coap_iroh.fl.client — [pc2] Round 5 — sending update…
10:16:35 [INFO] fl_coap_iroh.transport.iroh_node — send 13933B via direct in 19ms (5.86 Mbit/s) to 70738f558ecdb74a
10:16:35 [INFO] fl_coap_iroh.fl.client — [pc2] Round 5 done — loss=0.9553 acc=0.5337  2.3s
10:16:35 [INFO] fl_coap_iroh.fl.client — [pc2] Round 6 — receiving model…
10:16:36 [INFO] fl_coap_iroh.transport.iroh_node — recv 13933B via direct in 6ms
10:16:36 [INFO] fl_coap_iroh.fl.client — [pc2] Round 6 — training locally…
10:16:37 [INFO] fl_coap_iroh.fl.client — [pc2] Round 6 — sending update…
10:16:37 [INFO] fl_coap_iroh.transport.iroh_node — send 13933B via direct in 12ms (9.68 Mbit/s) to 70738f558ecdb74a
10:16:37 [INFO] fl_coap_iroh.fl.client — [pc2] Round 6 done — loss=0.9557 acc=0.5326  1.3s
10:16:37 [INFO] fl_coap_iroh.fl.client — [pc2] Round 7 — receiving model…
10:16:38 [INFO] fl_coap_iroh.transport.iroh_node — recv 13933B via direct in 8ms
10:16:38 [INFO] fl_coap_iroh.fl.client — [pc2] Round 7 — training locally…
10:16:41 [INFO] fl_coap_iroh.fl.client — [pc2] Round 7 — sending update…
10:16:41 [INFO] fl_coap_iroh.transport.iroh_node — send 13933B via direct in 11ms (10.33 Mbit/s) to 70738f558ecdb74a
10:16:41 [INFO] fl_coap_iroh.fl.client — [pc2] Round 7 done — loss=0.9498 acc=0.5330  4.4s
10:16:41 [INFO] fl_coap_iroh.fl.client — [pc2] Round 8 — receiving model…
10:16:41 [INFO] fl_coap_iroh.transport.iroh_node — recv 13933B via direct in 11ms
10:16:41 [INFO] fl_coap_iroh.fl.client — [pc2] Round 8 — training locally…
10:16:50 [INFO] fl_coap_iroh.fl.client — [pc2] Round 8 — sending update…
10:16:50 [INFO] fl_coap_iroh.transport.iroh_node — send 13933B via direct in 11ms (9.88 Mbit/s) to 70738f558ecdb74a
10:16:50 [INFO] fl_coap_iroh.fl.client — [pc2] Round 8 done — loss=0.9518 acc=0.5316  7.1s
10:16:50 [INFO] fl_coap_iroh.fl.client — [pc2] Round 9 — receiving model…
10:16:50 [INFO] fl_coap_iroh.transport.iroh_node — recv 13933B via direct in 11ms
10:16:50 [INFO] fl_coap_iroh.fl.client — [pc2] Round 9 — training locally…
10:16:54 [INFO] fl_coap_iroh.fl.client — [pc2] Round 9 — sending update…
10:16:54 [INFO] fl_coap_iroh.transport.iroh_node — send 13933B via direct in 12ms (9.06 Mbit/s) to 70738f558ecdb74a
10:16:54 [INFO] fl_coap_iroh.fl.client — [pc2] Round 9 done — loss=0.9545 acc=0.5278  3.9s
10:16:54 [INFO] fl_coap_iroh.fl.client — [pc2] Round 10 — receiving model…
10:16:54 [INFO] fl_coap_iroh.transport.iroh_node — recv 13933B via direct in 11ms
10:16:54 [INFO] fl_coap_iroh.fl.client — [pc2] Round 10 — training locally…
10:16:56 [INFO] fl_coap_iroh.fl.client — [pc2] Round 10 — sending update…
10:16:56 [INFO] fl_coap_iroh.transport.iroh_node — send 13933B via direct in 18ms (6.25 Mbit/s) to 70738f558ecdb74a
10:16:56 [INFO] fl_coap_iroh.fl.client — [pc2] Round 10 done — loss=0.9514 acc=0.5367  1.5s
10:16:56 [INFO] fl_coap_iroh.fl.client — [pc2] Round 11 — receiving model…
10:16:56 [INFO] fl_coap_iroh.transport.iroh_node — recv 13933B via direct in 12ms
10:16:56 [INFO] fl_coap_iroh.fl.client — [pc2] Round 11 — training locally…
10:16:58 [INFO] fl_coap_iroh.fl.client — [pc2] Round 11 — sending update…
10:16:58 [INFO] fl_coap_iroh.transport.iroh_node — send 13933B via direct in 19ms (5.85 Mbit/s) to 70738f558ecdb74a
10:16:58 [INFO] fl_coap_iroh.fl.client — [pc2] Round 11 done — loss=0.9464 acc=0.5419  2.1s
10:16:58 [INFO] fl_coap_iroh.fl.client — [pc2] Round 12 — receiving model…
10:16:58 [INFO] fl_coap_iroh.transport.iroh_node — recv 13933B via direct in 8ms
10:16:58 [INFO] fl_coap_iroh.fl.client — [pc2] Round 12 — training locally…
10:16:59 [INFO] fl_coap_iroh.fl.client — [pc2] Round 12 — sending update…
10:16:59 [INFO] fl_coap_iroh.transport.iroh_node — send 13933B via direct in 13ms (8.80 Mbit/s) to 70738f558ecdb74a
10:16:59 [INFO] fl_coap_iroh.fl.client — [pc2] Round 12 done — loss=0.9427 acc=0.5409  1.3s
10:16:59 [INFO] fl_coap_iroh.fl.client — [pc2] Round 13 — receiving model…
10:17:00 [INFO] fl_coap_iroh.transport.iroh_node — recv 13933B via direct in 6ms
10:17:00 [INFO] fl_coap_iroh.fl.client — [pc2] Round 13 — training locally…
10:17:01 [INFO] fl_coap_iroh.fl.client — [pc2] Round 13 — sending update…
10:17:01 [INFO] fl_coap_iroh.transport.iroh_node — send 13933B via direct in 9ms (12.30 Mbit/s) to 70738f558ecdb74a
10:17:01 [INFO] fl_coap_iroh.fl.client — [pc2] Round 13 done — loss=0.9397 acc=0.5422  1.8s
10:17:01 [INFO] fl_coap_iroh.fl.client — [pc2] Round 14 — receiving model…
10:17:03 [INFO] fl_coap_iroh.transport.iroh_node — recv 13933B via direct in 8ms
10:17:03 [INFO] fl_coap_iroh.fl.client — [pc2] Round 14 — training locally…
10:17:04 [INFO] fl_coap_iroh.fl.client — [pc2] Round 14 — sending update…
10:17:04 [INFO] fl_coap_iroh.transport.iroh_node — send 13933B via direct in 11ms (10.56 Mbit/s) to 70738f558ecdb74a
10:17:04 [INFO] fl_coap_iroh.fl.client — [pc2] Round 14 done — loss=0.9324 acc=0.5543  2.6s
10:17:04 [INFO] fl_coap_iroh.fl.client — [pc2] Round 15 — receiving model…
10:17:04 [INFO] fl_coap_iroh.transport.iroh_node — recv 13933B via direct in 10ms
10:17:04 [INFO] fl_coap_iroh.fl.client — [pc2] Round 15 — training locally…
10:17:06 [INFO] fl_coap_iroh.fl.client — [pc2] Round 15 — sending update…
10:17:06 [INFO] fl_coap_iroh.transport.iroh_node — send 13933B via direct in 11ms (10.17 Mbit/s) to 70738f558ecdb74a
10:17:06 [INFO] fl_coap_iroh.fl.client — [pc2] Round 15 done — loss=0.9333 acc=0.5409  2.3s
10:17:06 [INFO] fl_coap_iroh.fl.client — [pc2] Round 16 — receiving model…
10:17:07 [INFO] fl_coap_iroh.transport.iroh_node — recv 13933B via direct in 13ms
10:17:07 [INFO] fl_coap_iroh.fl.client — [pc2] Round 16 — training locally…
10:17:08 [INFO] fl_coap_iroh.fl.client — [pc2] Round 16 — sending update…
10:17:08 [INFO] fl_coap_iroh.transport.iroh_node — send 13933B via direct in 15ms (7.69 Mbit/s) to 70738f558ecdb74a
10:17:08 [INFO] fl_coap_iroh.fl.client — [pc2] Round 16 done — loss=0.9283 acc=0.5512  1.9s
10:17:08 [INFO] fl_coap_iroh.fl.client — [pc2] Round 17 — receiving model…
10:17:09 [INFO] fl_coap_iroh.transport.iroh_node — recv 13933B via direct in 9ms
10:17:09 [INFO] fl_coap_iroh.fl.client — [pc2] Round 17 — training locally…
10:17:11 [INFO] fl_coap_iroh.fl.client — [pc2] Round 17 — sending update…
10:17:11 [INFO] fl_coap_iroh.transport.iroh_node — send 13933B via direct in 23ms (4.82 Mbit/s) to 70738f558ecdb74a
10:17:11 [INFO] fl_coap_iroh.fl.client — [pc2] Round 17 done — loss=0.9311 acc=0.5446  3.2s
10:17:11 [INFO] fl_coap_iroh.fl.client — [pc2] Round 18 — receiving model…
10:17:11 [INFO] fl_coap_iroh.transport.iroh_node — recv 13933B via direct in 17ms
10:17:11 [INFO] fl_coap_iroh.fl.client — [pc2] Round 18 — training locally…
10:17:14 [INFO] fl_coap_iroh.fl.client — [pc2] Round 18 — sending update…
10:17:14 [INFO] fl_coap_iroh.transport.iroh_node — send 13933B via direct in 13ms (8.32 Mbit/s) to 70738f558ecdb74a
10:17:14 [INFO] fl_coap_iroh.fl.client — [pc2] Round 18 done — loss=0.9348 acc=0.5446  2.9s
10:17:14 [INFO] fl_coap_iroh.fl.client — [pc2] Round 19 — receiving model…
10:17:14 [INFO] fl_coap_iroh.transport.iroh_node — recv 13933B via direct in 18ms
10:17:14 [INFO] fl_coap_iroh.fl.client — [pc2] Round 19 — training locally…
10:17:16 [INFO] fl_coap_iroh.fl.client — [pc2] Round 19 — sending update…
10:17:16 [INFO] fl_coap_iroh.transport.iroh_node — send 13933B via direct in 11ms (10.11 Mbit/s) to 70738f558ecdb74a
10:17:16 [INFO] fl_coap_iroh.fl.client — [pc2] Round 19 done — loss=0.9400 acc=0.5433  1.9s
10:17:16 [INFO] fl_coap_iroh.fl.client — [pc2] Round 20 — receiving model…
10:17:17 [INFO] fl_coap_iroh.transport.iroh_node — recv 13933B via direct in 5ms
10:17:17 [INFO] fl_coap_iroh.fl.client — [pc2] Round 20 — training locally…
10:17:19 [INFO] fl_coap_iroh.fl.client — [pc2] Round 20 — sending update…
10:17:19 [INFO] fl_coap_iroh.transport.iroh_node — send 13933B via direct in 14ms (7.78 Mbit/s) to 70738f558ecdb74a
10:17:19 [INFO] fl_coap_iroh.fl.client — [pc2] Round 20 done — loss=0.9340 acc=0.5354  2.8s
10:17:19 [INFO] fl_coap_iroh.fl.client — [pc2] Round 21 — receiving model…
10:17:19 [INFO] fl_coap_iroh.transport.iroh_node — recv 13933B via direct in 22ms
10:17:19 [INFO] fl_coap_iroh.fl.client — [pc2] Round 21 — training locally…
10:17:24 [INFO] fl_coap_iroh.fl.client — [pc2] Round 21 — sending update…
10:17:24 [INFO] fl_coap_iroh.transport.iroh_node — send 13933B via direct in 14ms (7.88 Mbit/s) to 70738f558ecdb74a
10:17:24 [INFO] fl_coap_iroh.fl.client — [pc2] Round 21 done — loss=0.9333 acc=0.5464  3.3s
10:17:24 [INFO] fl_coap_iroh.fl.client — [pc2] Round 22 — receiving model…
10:17:24 [INFO] fl_coap_iroh.transport.iroh_node — recv 13933B via direct in 18ms
10:17:24 [INFO] fl_coap_iroh.fl.client — [pc2] Round 22 — training locally…
10:17:26 [INFO] fl_coap_iroh.fl.client — [pc2] Round 22 — sending update…
10:17:26 [INFO] fl_coap_iroh.transport.iroh_node — send 13933B via direct in 9ms (11.94 Mbit/s) to 70738f558ecdb74a
10:17:26 [INFO] fl_coap_iroh.fl.client — [pc2] Round 22 done — loss=0.9367 acc=0.5361  1.9s
10:17:26 [INFO] fl_coap_iroh.fl.client — [pc2] Round 23 — receiving model…
10:17:27 [INFO] fl_coap_iroh.transport.iroh_node — recv 13933B via direct in 11ms
10:17:27 [INFO] fl_coap_iroh.fl.client — [pc2] Round 23 — training locally…
10:17:27 [INFO] fl_coap_iroh.fl.client — [pc2] Round 23 — sending update…
10:17:27 [INFO] fl_coap_iroh.transport.iroh_node — send 13933B via direct in 12ms (9.04 Mbit/s) to 70738f558ecdb74a
10:17:27 [INFO] fl_coap_iroh.fl.client — [pc2] Round 23 done — loss=0.9262 acc=0.5508  1.3s
10:17:27 [INFO] fl_coap_iroh.fl.client — [pc2] Round 24 — receiving model…
10:17:29 [INFO] fl_coap_iroh.transport.iroh_node — recv 13933B via direct in 10ms
10:17:29 [INFO] fl_coap_iroh.fl.client — [pc2] Round 24 — training locally…
10:17:29 [INFO] fl_coap_iroh.fl.client — [pc2] Round 24 — sending update…
10:17:29 [INFO] fl_coap_iroh.transport.iroh_node — send 13933B via direct in 16ms (7.09 Mbit/s) to 70738f558ecdb74a
10:17:29 [INFO] fl_coap_iroh.fl.client — [pc2] Round 24 done — loss=0.9346 acc=0.5402  2.0s
10:17:29 [INFO] fl_coap_iroh.fl.client — [pc2] Round 25 — receiving model…
10:17:31 [INFO] fl_coap_iroh.transport.iroh_node — recv 13933B via direct in 8ms
10:17:31 [INFO] fl_coap_iroh.fl.client — [pc2] Round 25 — training locally…
10:17:32 [INFO] fl_coap_iroh.fl.client — [pc2] Round 25 — sending update…
10:17:32 [INFO] fl_coap_iroh.transport.iroh_node — send 13933B via direct in 18ms (6.23 Mbit/s) to 70738f558ecdb74a
10:17:32 [INFO] fl_coap_iroh.fl.client — [pc2] Round 25 done — loss=0.9341 acc=0.5443  2.2s
10:17:32 [INFO] fl_coap_iroh.fl.client — [pc2] Round 26 — receiving model…
10:17:33 [INFO] fl_coap_iroh.transport.iroh_node — recv 13933B via direct in 9ms
10:17:33 [INFO] fl_coap_iroh.fl.client — [pc2] Round 26 — training locally…
10:17:34 [INFO] fl_coap_iroh.fl.client — [pc2] Round 26 — sending update…
10:17:34 [INFO] fl_coap_iroh.transport.iroh_node — send 13933B via direct in 12ms (9.10 Mbit/s) to 70738f558ecdb74a
10:17:34 [INFO] fl_coap_iroh.fl.client — [pc2] Round 26 done — loss=0.9311 acc=0.5519  2.4s
10:17:34 [INFO] fl_coap_iroh.fl.client — [pc2] Round 27 — receiving model…
10:17:34 [INFO] fl_coap_iroh.transport.iroh_node — recv 13933B via direct in 14ms
10:17:34 [INFO] fl_coap_iroh.fl.client — [pc2] Round 27 — training locally…
10:17:34 [INFO] fl_coap_iroh.fl.client — [pc2] Round 27 — sending update…
10:17:34 [INFO] fl_coap_iroh.transport.iroh_node — send 13933B via direct in 9ms (11.81 Mbit/s) to 70738f558ecdb74a
10:17:34 [INFO] fl_coap_iroh.fl.client — [pc2] Round 27 done — loss=0.9410 acc=0.5402  0.4s
10:17:34 [INFO] fl_coap_iroh.fl.client — [pc2] Round 28 — receiving model…
10:17:35 [INFO] fl_coap_iroh.transport.iroh_node — recv 13933B via direct in 14ms
10:17:35 [INFO] fl_coap_iroh.fl.client — [pc2] Round 28 — training locally…
10:17:37 [INFO] fl_coap_iroh.fl.client — [pc2] Round 28 — sending update…
10:17:37 [INFO] fl_coap_iroh.transport.iroh_node — send 13933B via direct in 15ms (7.57 Mbit/s) to 70738f558ecdb74a
10:17:37 [INFO] fl_coap_iroh.fl.client — [pc2] Round 28 done — loss=0.9285 acc=0.5470  2.2s
10:17:37 [INFO] fl_coap_iroh.fl.client — [pc2] Round 29 — receiving model…
10:17:37 [INFO] fl_coap_iroh.transport.iroh_node — recv 13933B via direct in 8ms
10:17:37 [INFO] fl_coap_iroh.fl.client — [pc2] Round 29 — training locally…
10:17:38 [INFO] fl_coap_iroh.fl.client — [pc2] Round 29 — sending update…
10:17:38 [INFO] fl_coap_iroh.transport.iroh_node — send 13933B via direct in 13ms (8.36 Mbit/s) to 70738f558ecdb74a
10:17:38 [INFO] fl_coap_iroh.fl.client — [pc2] Round 29 done — loss=0.9317 acc=0.5522  1.0s
10:17:38 [INFO] fl_coap_iroh.fl.client — [pc2] Round 30 — receiving model…
10:19:15 [INFO] fl_coap_iroh.transport.iroh_node — recv 13933B via direct in 18ms
10:19:16 [INFO] fl_coap_iroh.fl.client — [pc2] Round 30 — training locally…
10:19:23 [INFO] fl_coap_iroh.fl.client — [pc2] Round 30 — sending update…
10:19:23 [WARNING] fl_coap_iroh.transport.iroh_node — transfer attempt 1/2 failed (stream not acknowledged: IrohError:  closed by peer: 0) — retrying
10:19:24 [INFO] fl_coap_iroh.transport.iroh_node — send 13933B via direct in 1072ms (0.10 Mbit/s) to 70738f558ecdb74a (attempt 2)
10:19:24 [INFO] fl_coap_iroh.fl.client — [pc2] Round 30 done — loss=0.9319 acc=0.5512  99.5s
10:19:24 [INFO] fl_coap_iroh.coap.server — CoAP server [pc2] stopped
10:19:25 [INFO] fl_coap_iroh.metrics.collector — Exported 60 rows → results/h2h/fliroh_noeval/pc2/B_wan_transfers.csv
10:19:25 [INFO] fl_coap_iroh.metrics.collector — Exported 30 rows → results/h2h/fliroh_noeval/pc2/B_wan_fl_metrics.csv
10:19:25 [INFO] fl_coap_iroh — Results: {'transfers': 'results/h2h/fliroh_noeval/pc2/B_wan_transfers.csv', 'fl_metrics': 'results/h2h/fliroh_noeval/pc2/B_wan_fl_metrics.csv', 'resource_samples': 'results/h2h/fliroh_noeval/pc2/B_wan_pc2_resource_samples.csv', 'resource_phases': 'results/h2h/fliroh_noeval/pc2/B_wan_pc2_resource_phases.csv'}
