10:24:49 [INFO] fl_coap_iroh.data.partition — Air quality dataset loaded: 28514 train / 3561 test | 6 features | 3 classes
10:24:49 [INFO] fl_coap_iroh.data.partition — Geographic partition: 10 provinces  min=2305  max=2922  mean=2851
10:24:49 [INFO] fl_coap_iroh.metrics.resources — Power source: hwmon
10:24:49 [INFO] fl_coap_iroh.transport.iroh_node — Iroh node started: a521f0558f5b4c6a  addrs=['85.48.2.235:64931', '172.17.0.1:57185', '172.18.0.1:57185', '192.168.197.140:57185']
10:24:50 [INFO] fl_coap_iroh.coap.server — CoAP server [pc1] listening on 0.0.0.0:5991
10:24:50 [INFO] fl_coap_iroh.fl.client — FLClient pc1 started (mock=False)
10:24:50 [INFO] fl_coap_iroh.transport.iroh_node — send 349B via direct in 6ms (0.53 Mbit/s) to 70738f558ecdb74a
10:24:50 [INFO] fl_coap_iroh — Registered over Iroh with server 70738f558ecdb74a
10:24:50 [INFO] fl_coap_iroh.fl.client — [pc1] Round 1 — receiving model…
10:24:54 [INFO] fl_coap_iroh.transport.iroh_node — recv 13933B via direct in 9ms
10:24:54 [INFO] fl_coap_iroh.fl.client — [pc1] Round 1 — training locally…
10:25:23 [INFO] fl_coap_iroh.fl.client — [pc1] Round 1 — sending update…
10:25:23 [WARNING] fl_coap_iroh.transport.iroh_node — transfer attempt 1/2 failed (stream not acknowledged: IrohError:  closed by peer: 0) — retrying
10:25:24 [INFO] fl_coap_iroh.transport.iroh_node — send 13933B via direct in 1018ms (0.11 Mbit/s) to 70738f558ecdb74a (attempt 2)
10:25:24 [INFO] fl_coap_iroh.fl.client — [pc1] Round 1 done — loss=1.0748 acc=0.3915  32.1s
10:25:24 [INFO] fl_coap_iroh.fl.client — [pc1] Round 2 — receiving model…
10:25:24 [INFO] fl_coap_iroh.transport.iroh_node — recv 13933B via direct in 10ms
10:25:24 [INFO] fl_coap_iroh.fl.client — [pc1] Round 2 — training locally…
10:25:24 [INFO] fl_coap_iroh.fl.client — [pc1] Round 2 — sending update…
10:25:24 [INFO] fl_coap_iroh.transport.iroh_node — send 13933B via direct in 14ms (8.06 Mbit/s) to 70738f558ecdb74a
10:25:24 [INFO] fl_coap_iroh.fl.client — [pc1] Round 2 done — loss=1.0729 acc=0.3956  0.2s
10:25:24 [INFO] fl_coap_iroh.fl.client — [pc1] Round 3 — receiving model…
10:25:27 [INFO] fl_coap_iroh.transport.iroh_node — recv 13933B via direct in 10ms
10:25:27 [INFO] fl_coap_iroh.fl.client — [pc1] Round 3 — training locally…
10:25:30 [INFO] fl_coap_iroh.fl.client — [pc1] Round 3 — sending update…
10:25:30 [INFO] fl_coap_iroh.transport.iroh_node — send 13933B via direct in 22ms (5.11 Mbit/s) to 70738f558ecdb74a
10:25:30 [INFO] fl_coap_iroh.fl.client — [pc1] Round 3 done — loss=1.0699 acc=0.3987  3.6s
10:25:30 [INFO] fl_coap_iroh.fl.client — [pc1] Round 4 — receiving model…
10:25:31 [INFO] fl_coap_iroh.transport.iroh_node — recv 13933B via direct in 9ms
10:25:31 [INFO] fl_coap_iroh.fl.client — [pc1] Round 4 — training locally…
10:25:35 [INFO] fl_coap_iroh.fl.client — [pc1] Round 4 — sending update…
10:25:35 [INFO] fl_coap_iroh.transport.iroh_node — send 13933B via direct in 16ms (7.00 Mbit/s) to 70738f558ecdb74a
10:25:35 [INFO] fl_coap_iroh.fl.client — [pc1] Round 4 done — loss=1.0700 acc=0.4190  5.1s
10:25:35 [INFO] fl_coap_iroh.fl.client — [pc1] Round 5 — receiving model…
10:25:36 [INFO] fl_coap_iroh.transport.iroh_node — recv 13933B via direct in 7ms
10:25:36 [INFO] fl_coap_iroh.fl.client — [pc1] Round 5 — training locally…
10:25:41 [INFO] fl_coap_iroh.fl.client — [pc1] Round 5 — sending update…
10:25:41 [INFO] fl_coap_iroh.transport.iroh_node — send 13933B via direct in 18ms (6.26 Mbit/s) to 70738f558ecdb74a
10:25:41 [INFO] fl_coap_iroh.fl.client — [pc1] Round 5 done — loss=1.0633 acc=0.4172  5.7s
10:25:41 [INFO] fl_coap_iroh.fl.client — [pc1] Round 6 — receiving model…
10:25:42 [INFO] fl_coap_iroh.transport.iroh_node — recv 13933B via direct in 10ms
10:25:42 [INFO] fl_coap_iroh.fl.client — [pc1] Round 6 — training locally…
10:25:47 [INFO] fl_coap_iroh.fl.client — [pc1] Round 6 — sending update…
10:25:47 [INFO] fl_coap_iroh.transport.iroh_node — send 13933B via direct in 10ms (10.67 Mbit/s) to 70738f558ecdb74a
10:25:47 [INFO] fl_coap_iroh.fl.client — [pc1] Round 6 done — loss=1.0645 acc=0.4097  5.9s
10:25:47 [INFO] fl_coap_iroh.fl.client — [pc1] Round 7 — receiving model…
10:25:47 [INFO] fl_coap_iroh.transport.iroh_node — recv 13933B via direct in 6ms
10:25:47 [INFO] fl_coap_iroh.fl.client — [pc1] Round 7 — training locally…
10:25:47 [INFO] fl_coap_iroh.fl.client — [pc1] Round 7 — sending update…
10:25:47 [INFO] fl_coap_iroh.transport.iroh_node — send 13933B via direct in 14ms (8.28 Mbit/s) to 70738f558ecdb74a
10:25:47 [INFO] fl_coap_iroh.fl.client — [pc1] Round 7 done — loss=1.0644 acc=0.4138  0.4s
10:25:47 [INFO] fl_coap_iroh.fl.client — [pc1] Round 8 — receiving model…
10:25:48 [INFO] fl_coap_iroh.transport.iroh_node — recv 13933B via direct in 9ms
10:25:48 [INFO] fl_coap_iroh.fl.client — [pc1] Round 8 — training locally…
10:25:53 [INFO] fl_coap_iroh.fl.client — [pc1] Round 8 — sending update…
10:25:53 [INFO] fl_coap_iroh.transport.iroh_node — send 13933B via direct in 13ms (8.43 Mbit/s) to 70738f558ecdb74a
10:25:53 [INFO] fl_coap_iroh.fl.client — [pc1] Round 8 done — loss=1.0633 acc=0.4145  5.7s
10:25:53 [INFO] fl_coap_iroh.fl.client — [pc1] Round 9 — receiving model…
10:25:53 [INFO] fl_coap_iroh.transport.iroh_node — recv 13933B via direct in 11ms
10:25:53 [INFO] fl_coap_iroh.fl.client — [pc1] Round 9 — training locally…
10:25:57 [INFO] fl_coap_iroh.fl.client — [pc1] Round 9 — sending update…
10:25:57 [INFO] fl_coap_iroh.transport.iroh_node — send 13933B via direct in 16ms (6.88 Mbit/s) to 70738f558ecdb74a
10:25:57 [INFO] fl_coap_iroh.fl.client — [pc1] Round 9 done — loss=1.0663 acc=0.4179  4.1s
10:25:57 [INFO] fl_coap_iroh.fl.client — [pc1] Round 10 — receiving model…
10:25:57 [INFO] fl_coap_iroh.transport.iroh_node — recv 13933B via direct in 7ms
10:25:57 [INFO] fl_coap_iroh.fl.client — [pc1] Round 10 — training locally…
10:26:05 [INFO] fl_coap_iroh.fl.client — [pc1] Round 10 — sending update…
10:26:05 [INFO] fl_coap_iroh.transport.iroh_node — send 13933B via direct in 13ms (8.66 Mbit/s) to 70738f558ecdb74a
10:26:05 [INFO] fl_coap_iroh.fl.client — [pc1] Round 10 done — loss=1.0676 acc=0.4090  5.3s
10:26:05 [INFO] fl_coap_iroh.fl.client — [pc1] Round 11 — receiving model…
10:26:05 [INFO] fl_coap_iroh.transport.iroh_node — recv 13933B via direct in 1ms
10:26:05 [INFO] fl_coap_iroh.fl.client — [pc1] Round 11 — training locally…
10:26:07 [INFO] fl_coap_iroh.fl.client — [pc1] Round 11 — sending update…
10:26:07 [INFO] fl_coap_iroh.transport.iroh_node — send 13933B via direct in 12ms (9.45 Mbit/s) to 70738f558ecdb74a
10:26:07 [INFO] fl_coap_iroh.fl.client — [pc1] Round 11 done — loss=1.0615 acc=0.4238  2.1s
10:26:07 [INFO] fl_coap_iroh.fl.client — [pc1] Round 12 — receiving model…
10:26:07 [INFO] fl_coap_iroh.transport.iroh_node — recv 13933B via direct in 1ms
10:26:07 [INFO] fl_coap_iroh.fl.client — [pc1] Round 12 — training locally…
10:26:14 [INFO] fl_coap_iroh.fl.client — [pc1] Round 12 — sending update…
10:26:14 [INFO] fl_coap_iroh.transport.iroh_node — send 13933B via direct in 13ms (8.41 Mbit/s) to 70738f558ecdb74a
10:26:14 [INFO] fl_coap_iroh.fl.client — [pc1] Round 12 done — loss=1.0637 acc=0.4183  7.5s
10:26:14 [INFO] fl_coap_iroh.fl.client — [pc1] Round 13 — receiving model…
10:26:14 [INFO] fl_coap_iroh.transport.iroh_node — recv 13933B via direct in 5ms
10:26:14 [INFO] fl_coap_iroh.fl.client — [pc1] Round 13 — training locally…
10:26:22 [INFO] fl_coap_iroh.fl.client — [pc1] Round 13 — sending update…
10:26:22 [INFO] fl_coap_iroh.transport.iroh_node — send 13933B via direct in 12ms (9.02 Mbit/s) to 70738f558ecdb74a
10:26:22 [INFO] fl_coap_iroh.fl.client — [pc1] Round 13 done — loss=1.0662 acc=0.4135  7.3s
10:26:22 [INFO] fl_coap_iroh.fl.client — [pc1] Round 14 — receiving model…
10:26:22 [INFO] fl_coap_iroh.transport.iroh_node — recv 13933B via direct in 6ms
10:26:22 [INFO] fl_coap_iroh.fl.client — [pc1] Round 14 — training locally…
10:26:25 [INFO] fl_coap_iroh.fl.client — [pc1] Round 14 — sending update…
10:26:25 [INFO] fl_coap_iroh.transport.iroh_node — send 13933B via direct in 14ms (7.75 Mbit/s) to 70738f558ecdb74a
10:26:25 [INFO] fl_coap_iroh.fl.client — [pc1] Round 14 done — loss=1.0650 acc=0.4224  3.2s
10:26:25 [INFO] fl_coap_iroh.fl.client — [pc1] Round 15 — receiving model…
10:26:25 [INFO] fl_coap_iroh.transport.iroh_node — recv 13933B via direct in 6ms
10:26:25 [INFO] fl_coap_iroh.fl.client — [pc1] Round 15 — training locally…
10:26:37 [INFO] fl_coap_iroh.fl.client — [pc1] Round 15 — sending update…
10:26:37 [INFO] fl_coap_iroh.transport.iroh_node — send 13933B via direct in 14ms (7.77 Mbit/s) to 70738f558ecdb74a
10:26:37 [INFO] fl_coap_iroh.fl.client — [pc1] Round 15 done — loss=1.0612 acc=0.4313  9.6s
10:26:37 [INFO] fl_coap_iroh.fl.client — [pc1] Round 16 — receiving model…
10:26:37 [INFO] fl_coap_iroh.transport.iroh_node — recv 13933B via direct in 8ms
10:26:37 [INFO] fl_coap_iroh.fl.client — [pc1] Round 16 — training locally…
10:26:38 [INFO] fl_coap_iroh.fl.client — [pc1] Round 16 — sending update…
10:26:38 [INFO] fl_coap_iroh.transport.iroh_node — send 13933B via direct in 10ms (11.34 Mbit/s) to 70738f558ecdb74a
10:26:38 [INFO] fl_coap_iroh.fl.client — [pc1] Round 16 done — loss=1.0656 acc=0.4097  1.3s
10:26:38 [INFO] fl_coap_iroh.fl.client — [pc1] Round 17 — receiving model…
10:26:38 [INFO] fl_coap_iroh.transport.iroh_node — recv 13933B via direct in 2ms
10:26:38 [INFO] fl_coap_iroh.fl.client — [pc1] Round 17 — training locally…
10:26:48 [INFO] fl_coap_iroh.fl.client — [pc1] Round 17 — sending update…
10:26:48 [INFO] fl_coap_iroh.transport.iroh_node — send 13933B via direct in 27ms (4.09 Mbit/s) to 70738f558ecdb74a
10:26:48 [INFO] fl_coap_iroh.fl.client — [pc1] Round 17 done — loss=1.0628 acc=0.4296  10.0s
10:26:48 [INFO] fl_coap_iroh.fl.client — [pc1] Round 18 — receiving model…
10:26:48 [INFO] fl_coap_iroh.transport.iroh_node — recv 13933B via direct in 1ms
10:26:49 [INFO] fl_coap_iroh.fl.client — [pc1] Round 18 — training locally…
10:26:52 [INFO] fl_coap_iroh.fl.client — [pc1] Round 18 — sending update…
10:26:52 [INFO] fl_coap_iroh.transport.iroh_node — send 13933B via direct in 13ms (8.71 Mbit/s) to 70738f558ecdb74a
10:26:52 [INFO] fl_coap_iroh.fl.client — [pc1] Round 18 done — loss=1.0601 acc=0.4176  3.5s
10:26:52 [INFO] fl_coap_iroh.fl.client — [pc1] Round 19 — receiving model…
10:26:52 [INFO] fl_coap_iroh.transport.iroh_node — recv 13933B via direct in 0ms
10:26:52 [INFO] fl_coap_iroh.fl.client — [pc1] Round 19 — training locally…
10:26:58 [INFO] fl_coap_iroh.fl.client — [pc1] Round 19 — sending update…
10:26:58 [WARNING] fl_coap_iroh.transport.iroh_node — transfer attempt 1/2 failed (stream not acknowledged: IrohError:  closed by peer: 0) — retrying
10:26:59 [INFO] fl_coap_iroh.transport.iroh_node — send 13933B via direct in 1025ms (0.11 Mbit/s) to 70738f558ecdb74a (attempt 2)
10:26:59 [INFO] fl_coap_iroh.fl.client — [pc1] Round 19 done — loss=1.0604 acc=0.4241  6.7s
10:26:59 [INFO] fl_coap_iroh.fl.client — [pc1] Round 20 — receiving model…
10:26:59 [INFO] fl_coap_iroh.transport.iroh_node — recv 13933B via direct in 9ms
10:26:59 [INFO] fl_coap_iroh.fl.client — [pc1] Round 20 — training locally…
10:26:59 [INFO] fl_coap_iroh.fl.client — [pc1] Round 20 — sending update…
10:26:59 [INFO] fl_coap_iroh.transport.iroh_node — send 13933B via direct in 10ms (10.68 Mbit/s) to 70738f558ecdb74a
10:26:59 [INFO] fl_coap_iroh.fl.client — [pc1] Round 20 done — loss=1.0592 acc=0.4203  0.3s
10:26:59 [INFO] fl_coap_iroh.fl.client — [pc1] Round 21 — receiving model…
10:26:59 [INFO] fl_coap_iroh.transport.iroh_node — recv 13933B via direct in 13ms
10:26:59 [INFO] fl_coap_iroh.fl.client — [pc1] Round 21 — training locally…
10:27:03 [INFO] fl_coap_iroh.fl.client — [pc1] Round 21 — sending update…
10:27:03 [INFO] fl_coap_iroh.transport.iroh_node — send 13933B via direct in 15ms (7.31 Mbit/s) to 70738f558ecdb74a
10:27:03 [INFO] fl_coap_iroh.fl.client — [pc1] Round 21 done — loss=1.0659 acc=0.4248  4.2s
10:27:03 [INFO] fl_coap_iroh.fl.client — [pc1] Round 22 — receiving model…
10:27:03 [INFO] fl_coap_iroh.transport.iroh_node — recv 13933B via direct in 10ms
10:27:03 [INFO] fl_coap_iroh.fl.client — [pc1] Round 22 — training locally…
10:27:07 [INFO] fl_coap_iroh.fl.client — [pc1] Round 22 — sending update…
10:27:07 [WARNING] fl_coap_iroh.transport.iroh_node — transfer attempt 1/2 failed (stream not acknowledged: IrohError:  closed by peer: 0) — retrying
10:27:08 [INFO] fl_coap_iroh.transport.iroh_node — send 13933B via direct in 1027ms (0.11 Mbit/s) to 70738f558ecdb74a (attempt 2)
10:27:08 [INFO] fl_coap_iroh.fl.client — [pc1] Round 22 done — loss=1.0638 acc=0.4145  4.4s
10:27:08 [INFO] fl_coap_iroh.fl.client — [pc1] Round 23 — receiving model…
10:27:08 [INFO] fl_coap_iroh.transport.iroh_node — recv 13933B via direct in 6ms
10:27:08 [INFO] fl_coap_iroh.fl.client — [pc1] Round 23 — training locally…
10:27:08 [INFO] fl_coap_iroh.fl.client — [pc1] Round 23 — sending update…
10:27:08 [INFO] fl_coap_iroh.transport.iroh_node — send 13933B via direct in 9ms (12.58 Mbit/s) to 70738f558ecdb74a
10:27:08 [INFO] fl_coap_iroh.fl.client — [pc1] Round 23 done — loss=1.0610 acc=0.4179  0.9s
10:27:08 [INFO] fl_coap_iroh.fl.client — [pc1] Round 24 — receiving model…
10:27:11 [INFO] fl_coap_iroh.transport.iroh_node — recv 13933B via direct in 10ms
10:27:11 [INFO] fl_coap_iroh.fl.client — [pc1] Round 24 — training locally…
10:27:16 [INFO] fl_coap_iroh.fl.client — [pc1] Round 24 — sending update…
10:27:16 [INFO] fl_coap_iroh.transport.iroh_node — send 13933B via direct in 9ms (12.06 Mbit/s) to 70738f558ecdb74a
10:27:16 [INFO] fl_coap_iroh.fl.client — [pc1] Round 24 done — loss=1.0623 acc=0.4166  4.8s
10:27:16 [INFO] fl_coap_iroh.fl.client — [pc1] Round 25 — receiving model…
10:27:16 [INFO] fl_coap_iroh.transport.iroh_node — recv 13933B via direct in 5ms
10:27:16 [INFO] fl_coap_iroh.fl.client — [pc1] Round 25 — training locally…
10:27:18 [INFO] fl_coap_iroh.fl.client — [pc1] Round 25 — sending update…
10:27:18 [INFO] fl_coap_iroh.transport.iroh_node — send 13933B via direct in 16ms (6.96 Mbit/s) to 70738f558ecdb74a
10:27:18 [INFO] fl_coap_iroh.fl.client — [pc1] Round 25 done — loss=1.0565 acc=0.4265  2.2s
10:27:18 [INFO] fl_coap_iroh.fl.client — [pc1] Round 26 — receiving model…
10:27:19 [INFO] fl_coap_iroh.transport.iroh_node — recv 13933B via direct in 16ms
10:27:19 [INFO] fl_coap_iroh.fl.client — [pc1] Round 26 — training locally…
10:27:22 [INFO] fl_coap_iroh.fl.client — [pc1] Round 26 — sending update…
10:27:22 [INFO] fl_coap_iroh.transport.iroh_node — send 13933B via direct in 9ms (12.54 Mbit/s) to 70738f558ecdb74a
10:27:22 [INFO] fl_coap_iroh.fl.client — [pc1] Round 26 done — loss=1.0594 acc=0.4248  4.2s
10:27:22 [INFO] fl_coap_iroh.fl.client — [pc1] Round 27 — receiving model…
10:27:22 [INFO] fl_coap_iroh.transport.iroh_node — recv 13933B via direct in 5ms
10:27:22 [INFO] fl_coap_iroh.fl.client — [pc1] Round 27 — training locally…
10:27:25 [INFO] fl_coap_iroh.fl.client — [pc1] Round 27 — sending update…
10:27:25 [INFO] fl_coap_iroh.transport.iroh_node — send 13933B via direct in 7ms (15.95 Mbit/s) to 70738f558ecdb74a
10:27:25 [INFO] fl_coap_iroh.fl.client — [pc1] Round 27 done — loss=1.0640 acc=0.4128  3.3s
10:27:26 [INFO] fl_coap_iroh.fl.client — [pc1] Round 28 — receiving model…
10:27:26 [INFO] fl_coap_iroh.transport.iroh_node — recv 13933B via direct in 8ms
10:27:26 [INFO] fl_coap_iroh.fl.client — [pc1] Round 28 — training locally…
10:27:28 [INFO] fl_coap_iroh.fl.client — [pc1] Round 28 — sending update…
10:27:28 [INFO] fl_coap_iroh.transport.iroh_node — send 13933B via direct in 21ms (5.45 Mbit/s) to 70738f558ecdb74a
10:27:28 [INFO] fl_coap_iroh.fl.client — [pc1] Round 28 done — loss=1.0590 acc=0.4282  2.9s
10:27:28 [INFO] fl_coap_iroh.fl.client — [pc1] Round 29 — receiving model…
10:27:29 [INFO] fl_coap_iroh.transport.iroh_node — recv 13933B via direct in 19ms
10:27:29 [INFO] fl_coap_iroh.fl.client — [pc1] Round 29 — training locally…
10:27:32 [INFO] fl_coap_iroh.fl.client — [pc1] Round 29 — sending update…
10:27:32 [INFO] fl_coap_iroh.transport.iroh_node — send 13933B via direct in 11ms (9.91 Mbit/s) to 70738f558ecdb74a
10:27:32 [INFO] fl_coap_iroh.fl.client — [pc1] Round 29 done — loss=1.0609 acc=0.4245  3.2s
10:27:32 [INFO] fl_coap_iroh.fl.client — [pc1] Round 30 — receiving model…
10:27:32 [INFO] fl_coap_iroh.transport.iroh_node — recv 13933B via direct in 6ms
10:27:32 [INFO] fl_coap_iroh.fl.client — [pc1] Round 30 — training locally…
10:27:32 [INFO] fl_coap_iroh.fl.client — [pc1] Round 30 — sending update…
10:27:32 [INFO] fl_coap_iroh.transport.iroh_node — send 13933B via direct in 13ms (8.80 Mbit/s) to 70738f558ecdb74a
10:27:32 [INFO] fl_coap_iroh.fl.client — [pc1] Round 30 done — loss=1.0624 acc=0.4337  0.8s
10:27:33 [INFO] fl_coap_iroh.coap.server — CoAP server [pc1] stopped
10:27:33 [INFO] fl_coap_iroh.metrics.collector — Exported 60 rows → results/h2h/fliroh_final/pc1/B_wan_transfers.csv
10:27:33 [INFO] fl_coap_iroh.metrics.collector — Exported 30 rows → results/h2h/fliroh_final/pc1/B_wan_fl_metrics.csv
10:27:33 [INFO] fl_coap_iroh — Results: {'transfers': 'results/h2h/fliroh_final/pc1/B_wan_transfers.csv', 'fl_metrics': 'results/h2h/fliroh_final/pc1/B_wan_fl_metrics.csv', 'resource_samples': 'results/h2h/fliroh_final/pc1/B_wan_pc1_resource_samples.csv', 'resource_phases': 'results/h2h/fliroh_final/pc1/B_wan_pc1_resource_phases.csv'}
