10:24:49 [INFO] fl_coap_iroh.data.partition — Air quality dataset loaded: 28514 train / 3561 test | 6 features | 3 classes
10:24:49 [INFO] fl_coap_iroh.data.partition — Geographic partition: 10 provinces  min=2305  max=2922  mean=2851
10:24:49 [INFO] fl_coap_iroh.metrics.resources — Power source: hwmon
10:24:49 [INFO] fl_coap_iroh.transport.iroh_node — Iroh node started: 5055684860c43a38  addrs=['85.48.2.235:64887', '172.17.0.1:53033', '172.18.0.1:53033', '192.168.197.140:53033']
10:24:50 [INFO] fl_coap_iroh.coap.server — CoAP server [pc2] listening on 0.0.0.0:5992
10:24:50 [INFO] fl_coap_iroh.fl.client — FLClient pc2 started (mock=False)
10:24:50 [INFO] fl_coap_iroh.transport.iroh_node — send 349B via direct in 83ms (0.04 Mbit/s) to 70738f558ecdb74a
10:24:50 [INFO] fl_coap_iroh — Registered over Iroh with server 70738f558ecdb74a
10:24:50 [INFO] fl_coap_iroh.fl.client — [pc2] Round 1 — receiving model…
10:24:54 [INFO] fl_coap_iroh.transport.iroh_node — recv 13933B via direct in 7ms
10:24:54 [INFO] fl_coap_iroh.fl.client — [pc2] Round 1 — training locally…
10:25:23 [INFO] fl_coap_iroh.fl.client — [pc2] Round 1 — sending update…
10:25:23 [INFO] fl_coap_iroh.transport.iroh_node — send 13933B via direct in 13ms (8.54 Mbit/s) to 70738f558ecdb74a
10:25:23 [INFO] fl_coap_iroh.fl.client — [pc2] Round 1 done — loss=1.0401 acc=0.4615  30.9s
10:25:23 [INFO] fl_coap_iroh.fl.client — [pc2] Round 2 — receiving model…
10:25:23 [INFO] fl_coap_iroh.transport.iroh_node — recv 13933B via direct in 9ms
10:25:23 [INFO] fl_coap_iroh.fl.client — [pc2] Round 2 — training locally…
10:25:24 [INFO] fl_coap_iroh.fl.client — [pc2] Round 2 — sending update…
10:25:24 [INFO] fl_coap_iroh.transport.iroh_node — send 13933B via direct in 10ms (10.95 Mbit/s) to 70738f558ecdb74a
10:25:24 [INFO] fl_coap_iroh.fl.client — [pc2] Round 2 done — loss=0.9857 acc=0.5093  0.5s
10:25:24 [INFO] fl_coap_iroh.fl.client — [pc2] Round 3 — receiving model…
10:25:27 [INFO] fl_coap_iroh.transport.iroh_node — recv 13933B via direct in 4ms
10:25:27 [INFO] fl_coap_iroh.fl.client — [pc2] Round 3 — training locally…
10:25:30 [INFO] fl_coap_iroh.fl.client — [pc2] Round 3 — sending update…
10:25:30 [INFO] fl_coap_iroh.transport.iroh_node — send 13933B via direct in 11ms (10.12 Mbit/s) to 70738f558ecdb74a
10:25:30 [INFO] fl_coap_iroh.fl.client — [pc2] Round 3 done — loss=0.9679 acc=0.5271  4.5s
10:25:30 [INFO] fl_coap_iroh.fl.client — [pc2] Round 4 — receiving model…
10:25:31 [INFO] fl_coap_iroh.transport.iroh_node — recv 13933B via direct in 12ms
10:25:31 [INFO] fl_coap_iroh.fl.client — [pc2] Round 4 — training locally…
10:25:36 [INFO] fl_coap_iroh.fl.client — [pc2] Round 4 — sending update…
10:25:36 [INFO] fl_coap_iroh.transport.iroh_node — send 13933B via direct in 11ms (10.59 Mbit/s) to 70738f558ecdb74a
10:25:36 [INFO] fl_coap_iroh.fl.client — [pc2] Round 4 done — loss=0.9607 acc=0.5275  5.1s
10:25:36 [INFO] fl_coap_iroh.fl.client — [pc2] Round 5 — receiving model…
10:25:36 [INFO] fl_coap_iroh.transport.iroh_node — recv 13933B via direct in 9ms
10:25:36 [INFO] fl_coap_iroh.fl.client — [pc2] Round 5 — training locally…
10:25:42 [INFO] fl_coap_iroh.fl.client — [pc2] Round 5 — sending update…
10:25:42 [INFO] fl_coap_iroh.transport.iroh_node — send 13933B via direct in 9ms (12.16 Mbit/s) to 70738f558ecdb74a
10:25:42 [INFO] fl_coap_iroh.fl.client — [pc2] Round 5 done — loss=0.9571 acc=0.5357  6.1s
10:25:42 [INFO] fl_coap_iroh.fl.client — [pc2] Round 6 — receiving model…
10:25:42 [INFO] fl_coap_iroh.transport.iroh_node — recv 13933B via direct in 6ms
10:25:42 [INFO] fl_coap_iroh.fl.client — [pc2] Round 6 — training locally…
10:25:47 [INFO] fl_coap_iroh.fl.client — [pc2] Round 6 — sending update…
10:25:47 [WARNING] fl_coap_iroh.transport.iroh_node — transfer attempt 1/2 failed (stream not acknowledged: IrohError:  closed by peer: 0) — retrying
10:25:48 [INFO] fl_coap_iroh.transport.iroh_node — send 13933B via direct in 1025ms (0.11 Mbit/s) to 70738f558ecdb74a (attempt 2)
10:25:48 [INFO] fl_coap_iroh.fl.client — [pc2] Round 6 done — loss=0.9561 acc=0.5316  6.0s
10:25:48 [INFO] fl_coap_iroh.fl.client — [pc2] Round 7 — receiving model…
10:25:48 [INFO] fl_coap_iroh.transport.iroh_node — recv 13933B via direct in 7ms
10:25:48 [INFO] fl_coap_iroh.fl.client — [pc2] Round 7 — training locally…
10:25:48 [INFO] fl_coap_iroh.fl.client — [pc2] Round 7 — sending update…
10:25:48 [INFO] fl_coap_iroh.transport.iroh_node — send 13933B via direct in 10ms (11.60 Mbit/s) to 70738f558ecdb74a
10:25:48 [INFO] fl_coap_iroh.fl.client — [pc2] Round 7 done — loss=0.9511 acc=0.5333  0.2s
10:25:48 [INFO] fl_coap_iroh.fl.client — [pc2] Round 8 — receiving model…
10:25:48 [INFO] fl_coap_iroh.transport.iroh_node — recv 13933B via direct in 6ms
10:25:49 [INFO] fl_coap_iroh.fl.client — [pc2] Round 8 — training locally…
10:25:53 [INFO] fl_coap_iroh.fl.client — [pc2] Round 8 — sending update…
10:25:53 [INFO] fl_coap_iroh.transport.iroh_node — send 13933B via direct in 10ms (10.87 Mbit/s) to 70738f558ecdb74a
10:25:53 [INFO] fl_coap_iroh.fl.client — [pc2] Round 8 done — loss=0.9528 acc=0.5333  5.0s
10:25:53 [INFO] fl_coap_iroh.fl.client — [pc2] Round 9 — receiving model…
10:25:53 [INFO] fl_coap_iroh.transport.iroh_node — recv 13933B via direct in 13ms
10:25:53 [INFO] fl_coap_iroh.fl.client — [pc2] Round 9 — training locally…
10:25:57 [INFO] fl_coap_iroh.fl.client — [pc2] Round 9 — sending update…
10:25:57 [INFO] fl_coap_iroh.transport.iroh_node — send 13933B via direct in 16ms (7.18 Mbit/s) to 70738f558ecdb74a
10:25:57 [INFO] fl_coap_iroh.fl.client — [pc2] Round 9 done — loss=0.9548 acc=0.5264  4.0s
10:25:57 [INFO] fl_coap_iroh.fl.client — [pc2] Round 10 — receiving model…
10:25:58 [INFO] fl_coap_iroh.transport.iroh_node — recv 13933B via direct in 21ms
10:25:58 [INFO] fl_coap_iroh.fl.client — [pc2] Round 10 — training locally…
10:26:05 [INFO] fl_coap_iroh.fl.client — [pc2] Round 10 — sending update…
10:26:05 [INFO] fl_coap_iroh.transport.iroh_node — send 13933B via direct in 13ms (8.52 Mbit/s) to 70738f558ecdb74a
10:26:05 [INFO] fl_coap_iroh.fl.client — [pc2] Round 10 done — loss=0.9528 acc=0.5381  5.4s
10:26:05 [INFO] fl_coap_iroh.fl.client — [pc2] Round 11 — receiving model…
10:26:06 [INFO] fl_coap_iroh.transport.iroh_node — recv 13933B via direct in 30ms
10:26:06 [INFO] fl_coap_iroh.fl.client — [pc2] Round 11 — training locally…
10:26:11 [INFO] fl_coap_iroh.fl.client — [pc2] Round 11 — sending update…
10:26:11 [INFO] fl_coap_iroh.transport.iroh_node — send 13933B via direct in 17ms (6.68 Mbit/s) to 70738f558ecdb74a
10:26:11 [INFO] fl_coap_iroh.fl.client — [pc2] Round 11 done — loss=0.9489 acc=0.5357  6.5s
10:26:11 [INFO] fl_coap_iroh.fl.client — [pc2] Round 12 — receiving model…
10:26:12 [INFO] fl_coap_iroh.transport.iroh_node — recv 13933B via direct in 24ms
10:26:12 [INFO] fl_coap_iroh.fl.client — [pc2] Round 12 — training locally…
10:26:16 [INFO] fl_coap_iroh.fl.client — [pc2] Round 12 — sending update…
10:26:16 [INFO] fl_coap_iroh.transport.iroh_node — send 13933B via direct in 8ms (13.45 Mbit/s) to 70738f558ecdb74a
10:26:16 [INFO] fl_coap_iroh.fl.client — [pc2] Round 12 done — loss=0.9447 acc=0.5412  4.6s
10:26:16 [INFO] fl_coap_iroh.fl.client — [pc2] Round 13 — receiving model…
10:26:16 [INFO] fl_coap_iroh.transport.iroh_node — recv 13933B via direct in 15ms
10:26:16 [INFO] fl_coap_iroh.fl.client — [pc2] Round 13 — training locally…
10:26:22 [INFO] fl_coap_iroh.fl.client — [pc2] Round 13 — sending update…
10:26:22 [INFO] fl_coap_iroh.transport.iroh_node — send 13933B via direct in 12ms (9.16 Mbit/s) to 70738f558ecdb74a
10:26:22 [INFO] fl_coap_iroh.fl.client — [pc2] Round 13 done — loss=0.9415 acc=0.5385  5.7s
10:26:22 [INFO] fl_coap_iroh.fl.client — [pc2] Round 14 — receiving model…
10:26:22 [INFO] fl_coap_iroh.transport.iroh_node — recv 13933B via direct in 13ms
10:26:22 [INFO] fl_coap_iroh.fl.client — [pc2] Round 14 — training locally…
10:26:25 [INFO] fl_coap_iroh.fl.client — [pc2] Round 14 — sending update…
10:26:25 [INFO] fl_coap_iroh.transport.iroh_node — send 13933B via direct in 17ms (6.42 Mbit/s) to 70738f558ecdb74a
10:26:25 [INFO] fl_coap_iroh.fl.client — [pc2] Round 14 done — loss=0.9349 acc=0.5563  3.2s
10:26:25 [INFO] fl_coap_iroh.fl.client — [pc2] Round 15 — receiving model…
10:26:25 [INFO] fl_coap_iroh.transport.iroh_node — recv 13933B via direct in 11ms
10:26:25 [INFO] fl_coap_iroh.fl.client — [pc2] Round 15 — training locally…
10:26:31 [INFO] fl_coap_iroh.fl.client — [pc2] Round 15 — sending update…
10:26:31 [INFO] fl_coap_iroh.transport.iroh_node — send 13933B via direct in 18ms (6.14 Mbit/s) to 70738f558ecdb74a
10:26:31 [INFO] fl_coap_iroh.fl.client — [pc2] Round 15 done — loss=0.9348 acc=0.5460  5.7s
10:26:31 [INFO] fl_coap_iroh.fl.client — [pc2] Round 16 — receiving model…
10:26:31 [INFO] fl_coap_iroh.transport.iroh_node — recv 13933B via direct in 10ms
10:26:31 [INFO] fl_coap_iroh.fl.client — [pc2] Round 16 — training locally…
10:26:37 [INFO] fl_coap_iroh.fl.client — [pc2] Round 16 — sending update…
10:26:37 [INFO] fl_coap_iroh.transport.iroh_node — send 13933B via direct in 9ms (12.71 Mbit/s) to 70738f558ecdb74a
10:26:37 [INFO] fl_coap_iroh.fl.client — [pc2] Round 16 done — loss=0.9309 acc=0.5443  3.8s
10:26:37 [INFO] fl_coap_iroh.fl.client — [pc2] Round 17 — receiving model…
10:26:37 [INFO] fl_coap_iroh.transport.iroh_node — recv 13933B via direct in 8ms
10:26:37 [INFO] fl_coap_iroh.fl.client — [pc2] Round 17 — training locally…
10:26:47 [INFO] fl_coap_iroh.fl.client — [pc2] Round 17 — sending update…
10:26:47 [INFO] fl_coap_iroh.transport.iroh_node — send 13933B via direct in 16ms (7.04 Mbit/s) to 70738f558ecdb74a
10:26:47 [INFO] fl_coap_iroh.fl.client — [pc2] Round 17 done — loss=0.9327 acc=0.5429  10.1s
10:26:47 [INFO] fl_coap_iroh.fl.client — [pc2] Round 18 — receiving model…
10:26:47 [INFO] fl_coap_iroh.transport.iroh_node — recv 13933B via direct in 11ms
10:26:47 [INFO] fl_coap_iroh.fl.client — [pc2] Round 18 — training locally…
10:26:50 [INFO] fl_coap_iroh.fl.client — [pc2] Round 18 — sending update…
10:26:50 [INFO] fl_coap_iroh.transport.iroh_node — send 13933B via direct in 26ms (4.27 Mbit/s) to 70738f558ecdb74a
10:26:50 [INFO] fl_coap_iroh.fl.client — [pc2] Round 18 done — loss=0.9366 acc=0.5416  3.3s
10:26:50 [INFO] fl_coap_iroh.fl.client — [pc2] Round 19 — receiving model…
10:26:51 [INFO] fl_coap_iroh.transport.iroh_node — recv 13933B via direct in 31ms
10:26:51 [INFO] fl_coap_iroh.fl.client — [pc2] Round 19 — training locally…
10:26:56 [INFO] fl_coap_iroh.fl.client — [pc2] Round 19 — sending update…
10:26:56 [INFO] fl_coap_iroh.transport.iroh_node — send 13933B via direct in 7ms (16.43 Mbit/s) to 70738f558ecdb74a
10:26:56 [INFO] fl_coap_iroh.fl.client — [pc2] Round 19 done — loss=0.9420 acc=0.5402  5.8s
10:26:56 [INFO] fl_coap_iroh.fl.client — [pc2] Round 20 — receiving model…
10:26:57 [INFO] fl_coap_iroh.transport.iroh_node — recv 13933B via direct in 20ms
10:26:57 [INFO] fl_coap_iroh.fl.client — [pc2] Round 20 — training locally…
10:26:58 [INFO] fl_coap_iroh.fl.client — [pc2] Round 20 — sending update…
10:26:58 [INFO] fl_coap_iroh.transport.iroh_node — send 13933B via direct in 8ms (13.25 Mbit/s) to 70738f558ecdb74a
10:26:58 [INFO] fl_coap_iroh.fl.client — [pc2] Round 20 done — loss=0.9371 acc=0.5357  1.7s
10:26:58 [INFO] fl_coap_iroh.fl.client — [pc2] Round 21 — receiving model…
10:26:58 [INFO] fl_coap_iroh.transport.iroh_node — recv 13933B via direct in 4ms
10:26:58 [INFO] fl_coap_iroh.fl.client — [pc2] Round 21 — training locally…
10:26:59 [INFO] fl_coap_iroh.fl.client — [pc2] Round 21 — sending update…
10:26:59 [INFO] fl_coap_iroh.transport.iroh_node — send 13933B via direct in 12ms (9.31 Mbit/s) to 70738f558ecdb74a
10:26:59 [INFO] fl_coap_iroh.fl.client — [pc2] Round 21 done — loss=0.9352 acc=0.5426  0.8s
10:26:59 [INFO] fl_coap_iroh.fl.client — [pc2] Round 22 — receiving model…
10:26:59 [INFO] fl_coap_iroh.transport.iroh_node — recv 13933B via direct in 17ms
10:26:59 [INFO] fl_coap_iroh.fl.client — [pc2] Round 22 — training locally…
10:27:06 [INFO] fl_coap_iroh.fl.client — [pc2] Round 22 — sending update…
10:27:06 [INFO] fl_coap_iroh.transport.iroh_node — send 13933B via direct in 23ms (4.88 Mbit/s) to 70738f558ecdb74a
10:27:06 [INFO] fl_coap_iroh.fl.client — [pc2] Round 22 done — loss=0.9413 acc=0.5323  7.1s
10:27:06 [INFO] fl_coap_iroh.fl.client — [pc2] Round 23 — receiving model…
10:27:06 [INFO] fl_coap_iroh.transport.iroh_node — recv 13933B via direct in 0ms
10:27:06 [INFO] fl_coap_iroh.fl.client — [pc2] Round 23 — training locally…
10:27:07 [INFO] fl_coap_iroh.fl.client — [pc2] Round 23 — sending update…
10:27:07 [INFO] fl_coap_iroh.transport.iroh_node — send 13933B via direct in 15ms (7.55 Mbit/s) to 70738f558ecdb74a
10:27:07 [INFO] fl_coap_iroh.fl.client — [pc2] Round 23 done — loss=0.9293 acc=0.5505  1.1s
10:27:07 [INFO] fl_coap_iroh.fl.client — [pc2] Round 24 — receiving model…
10:27:07 [INFO] fl_coap_iroh.transport.iroh_node — recv 13933B via direct in 1ms
10:27:07 [INFO] fl_coap_iroh.fl.client — [pc2] Round 24 — training locally…
10:27:07 [INFO] fl_coap_iroh.fl.client — [pc2] Round 24 — sending update…
10:27:07 [INFO] fl_coap_iroh.transport.iroh_node — send 13933B via direct in 10ms (11.37 Mbit/s) to 70738f558ecdb74a
10:27:07 [INFO] fl_coap_iroh.fl.client — [pc2] Round 24 done — loss=0.9390 acc=0.5433  0.4s
10:27:07 [INFO] fl_coap_iroh.fl.client — [pc2] Round 25 — receiving model…
10:27:11 [INFO] fl_coap_iroh.transport.iroh_node — recv 13933B via direct in 5ms
10:27:11 [INFO] fl_coap_iroh.fl.client — [pc2] Round 25 — training locally…
10:27:16 [INFO] fl_coap_iroh.fl.client — [pc2] Round 25 — sending update…
10:27:16 [INFO] fl_coap_iroh.transport.iroh_node — send 13933B via direct in 8ms (13.72 Mbit/s) to 70738f558ecdb74a
10:27:16 [INFO] fl_coap_iroh.fl.client — [pc2] Round 25 done — loss=0.9362 acc=0.5405  5.9s
10:27:16 [INFO] fl_coap_iroh.fl.client — [pc2] Round 26 — receiving model…
10:27:16 [INFO] fl_coap_iroh.transport.iroh_node — recv 13933B via direct in 7ms
10:27:16 [INFO] fl_coap_iroh.fl.client — [pc2] Round 26 — training locally…
10:27:18 [INFO] fl_coap_iroh.fl.client — [pc2] Round 26 — sending update…
10:27:18 [INFO] fl_coap_iroh.transport.iroh_node — send 13933B via direct in 9ms (11.83 Mbit/s) to 70738f558ecdb74a
10:27:18 [INFO] fl_coap_iroh.fl.client — [pc2] Round 26 done — loss=0.9335 acc=0.5477  2.5s
10:27:18 [INFO] fl_coap_iroh.fl.client — [pc2] Round 27 — receiving model…
10:27:19 [INFO] fl_coap_iroh.transport.iroh_node — recv 13933B via direct in 12ms
10:27:19 [INFO] fl_coap_iroh.fl.client — [pc2] Round 27 — training locally…
10:27:22 [INFO] fl_coap_iroh.fl.client — [pc2] Round 27 — sending update…
10:27:22 [INFO] fl_coap_iroh.transport.iroh_node — send 13933B via direct in 14ms (7.79 Mbit/s) to 70738f558ecdb74a
10:27:22 [INFO] fl_coap_iroh.fl.client — [pc2] Round 27 done — loss=0.9428 acc=0.5464  4.1s
10:27:22 [INFO] fl_coap_iroh.fl.client — [pc2] Round 28 — receiving model…
10:27:22 [INFO] fl_coap_iroh.transport.iroh_node — recv 13933B via direct in 5ms
10:27:22 [INFO] fl_coap_iroh.fl.client — [pc2] Round 28 — training locally…
10:27:25 [INFO] fl_coap_iroh.fl.client — [pc2] Round 28 — sending update…
10:27:25 [INFO] fl_coap_iroh.transport.iroh_node — send 13933B via direct in 13ms (8.67 Mbit/s) to 70738f558ecdb74a
10:27:25 [INFO] fl_coap_iroh.fl.client — [pc2] Round 28 done — loss=0.9308 acc=0.5440  3.4s
10:27:25 [INFO] fl_coap_iroh.fl.client — [pc2] Round 29 — receiving model…
10:27:26 [INFO] fl_coap_iroh.transport.iroh_node — recv 13933B via direct in 4ms
10:27:26 [INFO] fl_coap_iroh.fl.client — [pc2] Round 29 — training locally…
10:27:28 [INFO] fl_coap_iroh.fl.client — [pc2] Round 29 — sending update…
10:27:28 [INFO] fl_coap_iroh.transport.iroh_node — send 13933B via direct in 7ms (15.81 Mbit/s) to 70738f558ecdb74a
10:27:28 [INFO] fl_coap_iroh.fl.client — [pc2] Round 29 done — loss=0.9352 acc=0.5440  2.2s
10:27:28 [INFO] fl_coap_iroh.fl.client — [pc2] Round 30 — receiving model…
10:27:28 [INFO] fl_coap_iroh.transport.iroh_node — recv 13933B via direct in 0ms
10:27:28 [INFO] fl_coap_iroh.fl.client — [pc2] Round 30 — training locally…
10:27:31 [INFO] fl_coap_iroh.fl.client — [pc2] Round 30 — sending update…
10:27:31 [INFO] fl_coap_iroh.transport.iroh_node — send 13933B via direct in 12ms (9.41 Mbit/s) to 70738f558ecdb74a
10:27:31 [INFO] fl_coap_iroh.fl.client — [pc2] Round 30 done — loss=0.9341 acc=0.5522  3.6s
10:27:32 [INFO] fl_coap_iroh.coap.server — CoAP server [pc2] stopped
10:27:32 [INFO] fl_coap_iroh.metrics.collector — Exported 60 rows → results/h2h/fliroh_final/pc2/B_wan_transfers.csv
10:27:32 [INFO] fl_coap_iroh.metrics.collector — Exported 30 rows → results/h2h/fliroh_final/pc2/B_wan_fl_metrics.csv
10:27:32 [INFO] fl_coap_iroh — Results: {'transfers': 'results/h2h/fliroh_final/pc2/B_wan_transfers.csv', 'fl_metrics': 'results/h2h/fliroh_final/pc2/B_wan_fl_metrics.csv', 'resource_samples': 'results/h2h/fliroh_final/pc2/B_wan_pc2_resource_samples.csv', 'resource_phases': 'results/h2h/fliroh_final/pc2/B_wan_pc2_resource_phases.csv'}
