10:36:56 [INFO] fl_coap_iroh.data.partition — Air quality dataset loaded: 28514 train / 3561 test | 6 features | 3 classes
10:36:56 [INFO] fl_coap_iroh.transport.admission — Loaded allow-list with 3 NodeId(s) from keys/allow_fl.txt
10:37:00 [INFO] fl_coap_iroh.transport.iroh_node — Iroh node started: 70738f558ecdb74a  addrs=['85.48.2.235:63110', '172.17.0.1:36584', '172.18.0.1:36584', '192.168.197.140:36584']
10:37:02 [INFO] fl_coap_iroh.coap.server — CoAP server [server] listening on 0.0.0.0:5990
10:37:02 [INFO] fl_coap_iroh.fl.server — FLServer server started (mock=False)
10:37:02 [INFO] fl_coap_iroh — Server endpoint: {'node_id_iroh': '70738f558ecdb74aeed3dc23c150d83a2af55bc18b05e297387c6fafdec2f13c', 'addrs': ['85.48.2.235:63110', '172.17.0.1:36584', '172.18.0.1:36584', '192.168.197.140:36584'], 'relay_url': 'https://euw1-1.relay.iroh.network./', 'direct_capable': True, 'last_seen': 1791362220.648788}
10:37:02 [INFO] fl_coap_iroh — Waiting for 3 clients to register (timeout 1800 s)…
10:37:28 [INFO] fl_coap_iroh.transport.iroh_node — recv 332B via direct in 34ms
10:37:28 [INFO] fl_coap_iroh.fl.server — Registered client rpi01  iroh=899b110ce8636010
10:37:49 [INFO] fl_coap_iroh.transport.iroh_node — recv 349B via direct in 2ms
10:37:49 [INFO] fl_coap_iroh.fl.server — Registered client pc2  iroh=5055684860c43a38
10:37:49 [INFO] fl_coap_iroh.transport.iroh_node — recv 349B via direct in 2ms
10:37:49 [INFO] fl_coap_iroh.fl.server — Registered client pc1  iroh=a521f0558f5b4c6a
10:37:49 [INFO] fl_coap_iroh — 3 client(s) registered — starting rounds
10:37:49 [INFO] fl_coap_iroh.fl.server — Round 1 — sending model to 3 clients…
10:37:50 [INFO] fl_coap_iroh.transport.iroh_node — send 13933B via direct in 21ms (5.40 Mbit/s) to a521f0558f5b4c6a
10:37:50 [INFO] fl_coap_iroh.transport.iroh_node — send 13933B via direct in 19ms (6.01 Mbit/s) to 5055684860c43a38
10:37:50 [INFO] fl_coap_iroh.transport.iroh_node — send 13933B via direct in 53ms (2.10 Mbit/s) to 899b110ce8636010
10:37:50 [INFO] fl_coap_iroh.fl.server — Round 1 — waiting for 3 updates…
10:38:04 [INFO] fl_coap_iroh.transport.iroh_node — recv 13933B via direct in 48ms
10:38:41 [INFO] fl_coap_iroh.transport.iroh_node — recv 13933B via direct in 4ms
10:38:41 [INFO] fl_coap_iroh.transport.iroh_node — recv 13933B via direct in 3ms
10:38:43 [INFO] fl_coap_iroh.fl.server — Round 1/30  acc=0.4962  loss=1.0529  49.5s  clients=3
10:38:43 [INFO] fl_coap_iroh.fl.server — Round 2 — sending model to 3 clients…
10:38:43 [INFO] fl_coap_iroh.transport.iroh_node — send 13933B via direct in 13ms (8.75 Mbit/s) to a521f0558f5b4c6a
10:38:43 [INFO] fl_coap_iroh.transport.iroh_node — send 13933B via direct in 12ms (9.60 Mbit/s) to 5055684860c43a38
10:38:43 [INFO] fl_coap_iroh.transport.iroh_node — send 13933B via direct in 61ms (1.82 Mbit/s) to 899b110ce8636010
10:38:43 [INFO] fl_coap_iroh.fl.server — Round 2 — waiting for 3 updates…
10:38:44 [INFO] fl_coap_iroh.transport.iroh_node — recv 13933B via direct in 3ms
10:38:44 [INFO] fl_coap_iroh.transport.iroh_node — recv 13933B via direct in 4ms
10:38:45 [INFO] fl_coap_iroh.transport.iroh_node — recv 13933B via direct in 90ms
10:38:45 [INFO] fl_coap_iroh.fl.server — Round 2/30  acc=0.5077  loss=1.0376  1.4s  clients=3
10:38:45 [INFO] fl_coap_iroh.fl.server — Round 3 — sending model to 3 clients…
10:38:45 [INFO] fl_coap_iroh.transport.iroh_node — send 13933B via direct in 9ms (12.34 Mbit/s) to a521f0558f5b4c6a
10:38:45 [INFO] fl_coap_iroh.transport.iroh_node — send 13933B via direct in 11ms (10.04 Mbit/s) to 5055684860c43a38
10:38:45 [INFO] fl_coap_iroh.transport.iroh_node — send 13933B via direct in 46ms (2.40 Mbit/s) to 899b110ce8636010
10:38:45 [INFO] fl_coap_iroh.fl.server — Round 3 — waiting for 3 updates…
10:38:45 [INFO] fl_coap_iroh.transport.iroh_node — recv 13933B via direct in 1ms
10:38:45 [INFO] fl_coap_iroh.transport.iroh_node — recv 13933B via direct in 4ms
10:38:48 [INFO] fl_coap_iroh.transport.iroh_node — recv 13933B via direct in 50ms
10:38:48 [INFO] fl_coap_iroh.fl.server — Round 3/30  acc=0.5086  loss=1.0259  3.3s  clients=3
10:38:48 [INFO] fl_coap_iroh.fl.server — Round 4 — sending model to 3 clients…
10:38:48 [INFO] fl_coap_iroh.transport.iroh_node — send 13933B via direct in 12ms (9.56 Mbit/s) to 5055684860c43a38
10:38:48 [INFO] fl_coap_iroh.transport.iroh_node — send 13933B via direct in 11ms (10.18 Mbit/s) to a521f0558f5b4c6a
10:38:48 [INFO] fl_coap_iroh.transport.iroh_node — send 13933B via direct in 68ms (1.63 Mbit/s) to 899b110ce8636010
10:38:48 [INFO] fl_coap_iroh.fl.server — Round 4 — waiting for 3 updates…
10:38:48 [INFO] fl_coap_iroh.transport.iroh_node — recv 13933B via direct in 2ms
10:38:49 [INFO] fl_coap_iroh.transport.iroh_node — recv 13933B via direct in 3ms
10:38:50 [INFO] fl_coap_iroh.transport.iroh_node — recv 13933B via direct in 143ms
10:38:50 [INFO] fl_coap_iroh.fl.server — Round 4/30  acc=0.4928  loss=1.0351  2.3s  clients=3
10:38:50 [INFO] fl_coap_iroh.fl.server — Round 5 — sending model to 3 clients…
10:38:50 [INFO] fl_coap_iroh.transport.iroh_node — send 13933B via direct in 15ms (7.61 Mbit/s) to a521f0558f5b4c6a
10:38:50 [INFO] fl_coap_iroh.transport.iroh_node — send 13933B via direct in 15ms (7.39 Mbit/s) to 5055684860c43a38
10:38:51 [INFO] fl_coap_iroh.transport.iroh_node — send 13933B via direct in 167ms (0.67 Mbit/s) to 899b110ce8636010
10:38:51 [INFO] fl_coap_iroh.fl.server — Round 5 — waiting for 3 updates…
10:38:51 [INFO] fl_coap_iroh.transport.iroh_node — recv 13933B via direct in 6ms
10:38:51 [INFO] fl_coap_iroh.transport.iroh_node — recv 13933B via direct in 5ms
10:38:52 [INFO] fl_coap_iroh.transport.iroh_node — recv 13933B via direct in 137ms
10:38:52 [INFO] fl_coap_iroh.fl.server — Round 5/30  acc=0.5024  loss=1.0271  2.0s  clients=3
10:38:52 [INFO] fl_coap_iroh.fl.server — Round 6 — sending model to 3 clients…
10:38:52 [INFO] fl_coap_iroh.transport.iroh_node — send 13933B via direct in 12ms (9.23 Mbit/s) to a521f0558f5b4c6a
10:38:52 [INFO] fl_coap_iroh.transport.iroh_node — send 13933B via direct in 10ms (10.73 Mbit/s) to 5055684860c43a38
10:38:53 [INFO] fl_coap_iroh.transport.iroh_node — send 13933B via direct in 107ms (1.04 Mbit/s) to 899b110ce8636010
10:38:53 [INFO] fl_coap_iroh.fl.server — Round 6 — waiting for 3 updates…
10:38:53 [INFO] fl_coap_iroh.transport.iroh_node — recv 13933B via direct in 1ms
10:38:53 [INFO] fl_coap_iroh.transport.iroh_node — recv 13933B via direct in 3ms
10:38:55 [INFO] fl_coap_iroh.transport.iroh_node — recv 13933B via direct in 93ms
10:38:55 [INFO] fl_coap_iroh.fl.server — Round 6/30  acc=0.4982  loss=1.0309  2.4s  clients=3
10:38:55 [INFO] fl_coap_iroh.fl.server — Round 7 — sending model to 3 clients…
10:38:55 [INFO] fl_coap_iroh.transport.iroh_node — send 13933B via direct in 12ms (9.34 Mbit/s) to a521f0558f5b4c6a
10:38:55 [INFO] fl_coap_iroh.transport.iroh_node — send 13933B via direct in 11ms (9.99 Mbit/s) to 5055684860c43a38
10:38:55 [INFO] fl_coap_iroh.transport.iroh_node — send 13933B via direct in 73ms (1.54 Mbit/s) to 899b110ce8636010
10:38:55 [INFO] fl_coap_iroh.fl.server — Round 7 — waiting for 3 updates…
10:38:55 [INFO] fl_coap_iroh.transport.iroh_node — recv 13933B via direct in 6ms
10:38:55 [INFO] fl_coap_iroh.transport.iroh_node — recv 13933B via direct in 5ms
10:38:57 [INFO] fl_coap_iroh.transport.iroh_node — recv 13933B via direct in 98ms
10:38:57 [INFO] fl_coap_iroh.fl.server — Round 7/30  acc=0.4971  loss=1.0276  1.7s  clients=3
10:38:57 [INFO] fl_coap_iroh.fl.server — Round 8 — sending model to 3 clients…
10:38:57 [INFO] fl_coap_iroh.transport.iroh_node — send 13933B via direct in 13ms (8.61 Mbit/s) to 5055684860c43a38
10:38:57 [INFO] fl_coap_iroh.transport.iroh_node — send 13933B via direct in 11ms (10.51 Mbit/s) to a521f0558f5b4c6a
10:38:57 [INFO] fl_coap_iroh.transport.iroh_node — send 13933B via direct in 82ms (1.36 Mbit/s) to 899b110ce8636010
10:38:57 [INFO] fl_coap_iroh.fl.server — Round 8 — waiting for 3 updates…
10:38:57 [INFO] fl_coap_iroh.transport.iroh_node — recv 13933B via direct in 7ms
10:38:57 [INFO] fl_coap_iroh.transport.iroh_node — recv 13933B via direct in 7ms
10:38:59 [INFO] fl_coap_iroh.transport.iroh_node — recv 13933B via direct in 100ms
10:38:59 [INFO] fl_coap_iroh.fl.server — Round 8/30  acc=0.5046  loss=1.0200  2.4s  clients=3
10:38:59 [INFO] fl_coap_iroh.fl.server — Round 9 — sending model to 3 clients…
10:38:59 [INFO] fl_coap_iroh.transport.iroh_node — send 13933B via direct in 16ms (7.13 Mbit/s) to a521f0558f5b4c6a
10:38:59 [INFO] fl_coap_iroh.transport.iroh_node — send 13933B via direct in 11ms (9.95 Mbit/s) to 5055684860c43a38
10:38:59 [INFO] fl_coap_iroh.transport.iroh_node — send 13933B via direct in 65ms (1.73 Mbit/s) to 899b110ce8636010
10:38:59 [INFO] fl_coap_iroh.fl.server — Round 9 — waiting for 3 updates…
10:38:59 [INFO] fl_coap_iroh.transport.iroh_node — recv 13933B via direct in 6ms
10:38:59 [INFO] fl_coap_iroh.transport.iroh_node — recv 13933B via direct in 4ms
10:39:02 [INFO] fl_coap_iroh.transport.iroh_node — recv 13933B via direct in 101ms
10:39:02 [INFO] fl_coap_iroh.fl.server — Round 9/30  acc=0.5069  loss=1.0199  3.0s  clients=3
10:39:02 [INFO] fl_coap_iroh.fl.server — Round 10 — sending model to 3 clients…
10:39:02 [INFO] fl_coap_iroh.transport.iroh_node — send 13933B via direct in 11ms (10.18 Mbit/s) to 5055684860c43a38
10:39:02 [INFO] fl_coap_iroh.transport.iroh_node — send 13933B via direct in 12ms (9.34 Mbit/s) to a521f0558f5b4c6a
10:39:02 [INFO] fl_coap_iroh.transport.iroh_node — send 13933B via direct in 93ms (1.20 Mbit/s) to 899b110ce8636010
10:39:02 [INFO] fl_coap_iroh.fl.server — Round 10 — waiting for 3 updates…
10:39:02 [INFO] fl_coap_iroh.transport.iroh_node — recv 13933B via direct in 5ms
10:39:02 [INFO] fl_coap_iroh.transport.iroh_node — recv 13933B via direct in 6ms
10:39:05 [INFO] fl_coap_iroh.transport.iroh_node — recv 13933B via direct in 109ms
10:39:05 [INFO] fl_coap_iroh.fl.server — Round 10/30  acc=0.5066  loss=1.0190  3.4s  clients=3
10:39:05 [INFO] fl_coap_iroh.fl.server — Round 11 — sending model to 3 clients…
10:39:05 [INFO] fl_coap_iroh.transport.iroh_node — send 13933B via direct in 12ms (9.12 Mbit/s) to 5055684860c43a38
10:39:05 [INFO] fl_coap_iroh.transport.iroh_node — send 13933B via direct in 14ms (8.09 Mbit/s) to a521f0558f5b4c6a
10:39:05 [INFO] fl_coap_iroh.transport.iroh_node — send 13933B via direct in 59ms (1.89 Mbit/s) to 899b110ce8636010
10:39:05 [INFO] fl_coap_iroh.fl.server — Round 11 — waiting for 3 updates…
10:39:06 [INFO] fl_coap_iroh.transport.iroh_node — recv 13933B via direct in 6ms
10:39:06 [INFO] fl_coap_iroh.transport.iroh_node — recv 13933B via direct in 1ms
10:39:07 [INFO] fl_coap_iroh.transport.iroh_node — recv 13933B via direct in 94ms
10:39:08 [INFO] fl_coap_iroh.fl.server — Round 11/30  acc=0.5004  loss=1.0205  2.2s  clients=3
10:39:08 [INFO] fl_coap_iroh.fl.server — Round 12 — sending model to 3 clients…
10:39:08 [INFO] fl_coap_iroh.transport.iroh_node — send 13933B via direct in 11ms (10.25 Mbit/s) to 5055684860c43a38
10:39:08 [INFO] fl_coap_iroh.transport.iroh_node — send 13933B via direct in 10ms (11.31 Mbit/s) to a521f0558f5b4c6a
10:39:08 [INFO] fl_coap_iroh.transport.iroh_node — send 13933B via direct in 64ms (1.75 Mbit/s) to 899b110ce8636010
10:39:08 [INFO] fl_coap_iroh.fl.server — Round 12 — waiting for 3 updates…
10:39:08 [INFO] fl_coap_iroh.transport.iroh_node — recv 13933B via direct in 6ms
10:39:08 [INFO] fl_coap_iroh.transport.iroh_node — recv 13933B via direct in 4ms
10:39:10 [INFO] fl_coap_iroh.transport.iroh_node — recv 13933B via direct in 53ms
10:39:10 [INFO] fl_coap_iroh.fl.server — Round 12/30  acc=0.4999  loss=1.0205  2.1s  clients=3
10:39:10 [INFO] fl_coap_iroh.fl.server — Round 13 — sending model to 3 clients…
10:39:10 [INFO] fl_coap_iroh.transport.iroh_node — send 13933B via direct in 11ms (10.43 Mbit/s) to a521f0558f5b4c6a
10:39:10 [INFO] fl_coap_iroh.transport.iroh_node — send 13933B via direct in 12ms (8.95 Mbit/s) to 5055684860c43a38
10:39:10 [INFO] fl_coap_iroh.transport.iroh_node — send 13933B via direct in 50ms (2.22 Mbit/s) to 899b110ce8636010
10:39:10 [INFO] fl_coap_iroh.fl.server — Round 13 — waiting for 3 updates…
10:39:10 [INFO] fl_coap_iroh.transport.iroh_node — recv 13933B via direct in 7ms
10:39:10 [INFO] fl_coap_iroh.transport.iroh_node — recv 13933B via direct in 4ms
10:39:11 [INFO] fl_coap_iroh.transport.iroh_node — recv 13933B via direct in 119ms
10:39:12 [INFO] fl_coap_iroh.fl.server — Round 13/30  acc=0.5027  loss=1.0276  1.9s  clients=3
10:39:12 [INFO] fl_coap_iroh.fl.server — Round 14 — sending model to 3 clients…
10:39:12 [INFO] fl_coap_iroh.transport.iroh_node — send 13933B via direct in 13ms (8.90 Mbit/s) to 5055684860c43a38
10:39:12 [INFO] fl_coap_iroh.transport.iroh_node — send 13933B via direct in 11ms (10.26 Mbit/s) to a521f0558f5b4c6a
10:39:12 [INFO] fl_coap_iroh.transport.iroh_node — send 13933B via direct in 79ms (1.42 Mbit/s) to 899b110ce8636010
10:39:12 [INFO] fl_coap_iroh.fl.server — Round 14 — waiting for 3 updates…
10:39:13 [INFO] fl_coap_iroh.transport.iroh_node — recv 13933B via direct in 11ms
10:39:13 [INFO] fl_coap_iroh.transport.iroh_node — recv 13933B via direct in 4ms
10:39:14 [INFO] fl_coap_iroh.transport.iroh_node — recv 13933B via direct in 52ms
10:39:14 [INFO] fl_coap_iroh.fl.server — Round 14/30  acc=0.5041  loss=1.0196  2.2s  clients=3
10:39:14 [INFO] fl_coap_iroh.fl.server — Round 15 — sending model to 3 clients…
10:39:14 [INFO] fl_coap_iroh.transport.iroh_node — send 13933B via direct in 15ms (7.66 Mbit/s) to a521f0558f5b4c6a
10:39:14 [INFO] fl_coap_iroh.transport.iroh_node — send 13933B via direct in 17ms (6.67 Mbit/s) to 5055684860c43a38
10:39:14 [INFO] fl_coap_iroh.transport.iroh_node — send 13933B via direct in 64ms (1.74 Mbit/s) to 899b110ce8636010
10:39:14 [INFO] fl_coap_iroh.fl.server — Round 15 — waiting for 3 updates…
10:39:15 [INFO] fl_coap_iroh.transport.iroh_node — recv 13933B via direct in 1ms
10:39:15 [INFO] fl_coap_iroh.transport.iroh_node — recv 13933B via direct in 6ms
10:39:18 [INFO] fl_coap_iroh.transport.iroh_node — recv 13933B via direct in 91ms
10:39:18 [INFO] fl_coap_iroh.fl.server — Round 15/30  acc=0.5038  loss=1.0199  2.3s  clients=3
10:39:18 [INFO] fl_coap_iroh.fl.server — Round 16 — sending model to 3 clients…
10:39:18 [INFO] fl_coap_iroh.transport.iroh_node — send 13933B via direct in 12ms (9.14 Mbit/s) to a521f0558f5b4c6a
10:39:18 [INFO] fl_coap_iroh.transport.iroh_node — send 13933B via direct in 12ms (9.44 Mbit/s) to 5055684860c43a38
10:39:18 [INFO] fl_coap_iroh.transport.iroh_node — send 13933B via direct in 71ms (1.58 Mbit/s) to 899b110ce8636010
10:39:18 [INFO] fl_coap_iroh.fl.server — Round 16 — waiting for 3 updates…
10:39:19 [INFO] fl_coap_iroh.transport.iroh_node — recv 13933B via direct in 1ms
10:39:19 [INFO] fl_coap_iroh.transport.iroh_node — recv 13933B via direct in 4ms
10:39:20 [INFO] fl_coap_iroh.transport.iroh_node — recv 13933B via direct in 128ms
10:39:21 [INFO] fl_coap_iroh.fl.server — Round 16/30  acc=0.4987  loss=1.0219  2.3s  clients=3
10:39:21 [INFO] fl_coap_iroh.fl.server — Round 17 — sending model to 3 clients…
10:39:21 [INFO] fl_coap_iroh.transport.iroh_node — send 13933B via direct in 15ms (7.69 Mbit/s) to 5055684860c43a38
10:39:21 [INFO] fl_coap_iroh.transport.iroh_node — send 13933B via direct in 13ms (8.82 Mbit/s) to a521f0558f5b4c6a
10:39:21 [INFO] fl_coap_iroh.transport.iroh_node — send 13933B via direct in 79ms (1.41 Mbit/s) to 899b110ce8636010
10:39:21 [INFO] fl_coap_iroh.fl.server — Round 17 — waiting for 3 updates…
10:39:21 [INFO] fl_coap_iroh.transport.iroh_node — recv 13933B via direct in 6ms
10:39:21 [INFO] fl_coap_iroh.transport.iroh_node — recv 13933B via direct in 3ms
10:39:23 [INFO] fl_coap_iroh.transport.iroh_node — recv 13933B via direct in 101ms
10:39:23 [INFO] fl_coap_iroh.fl.server — Round 17/30  acc=0.4976  loss=1.0231  2.4s  clients=3
10:39:23 [INFO] fl_coap_iroh.fl.server — Round 18 — sending model to 3 clients…
10:39:23 [INFO] fl_coap_iroh.transport.iroh_node — send 13933B via direct in 11ms (10.18 Mbit/s) to 5055684860c43a38
10:39:23 [INFO] fl_coap_iroh.transport.iroh_node — send 13933B via direct in 11ms (10.47 Mbit/s) to a521f0558f5b4c6a
10:39:23 [INFO] fl_coap_iroh.transport.iroh_node — send 13933B via direct in 64ms (1.74 Mbit/s) to 899b110ce8636010
10:39:23 [INFO] fl_coap_iroh.fl.server — Round 18 — waiting for 3 updates…
10:39:23 [INFO] fl_coap_iroh.transport.iroh_node — recv 13933B via direct in 6ms
10:39:23 [INFO] fl_coap_iroh.transport.iroh_node — recv 13933B via direct in 5ms
10:39:25 [INFO] fl_coap_iroh.transport.iroh_node — recv 13933B via direct in 91ms
10:39:25 [INFO] fl_coap_iroh.fl.server — Round 18/30  acc=0.4993  loss=1.0233  1.8s  clients=3
10:39:25 [INFO] fl_coap_iroh.fl.server — Round 19 — sending model to 3 clients…
10:39:25 [INFO] fl_coap_iroh.transport.iroh_node — send 13933B via direct in 11ms (9.77 Mbit/s) to 5055684860c43a38
10:39:25 [INFO] fl_coap_iroh.transport.iroh_node — send 13933B via direct in 12ms (8.99 Mbit/s) to a521f0558f5b4c6a
10:39:25 [INFO] fl_coap_iroh.transport.iroh_node — send 13933B via direct in 76ms (1.47 Mbit/s) to 899b110ce8636010
10:39:25 [INFO] fl_coap_iroh.fl.server — Round 19 — waiting for 3 updates…
10:39:25 [INFO] fl_coap_iroh.transport.iroh_node — recv 13933B via direct in 5ms
10:39:25 [INFO] fl_coap_iroh.transport.iroh_node — recv 13933B via direct in 4ms
10:39:27 [INFO] fl_coap_iroh.transport.iroh_node — recv 13933B via direct in 82ms
10:39:27 [INFO] fl_coap_iroh.fl.server — Round 19/30  acc=0.5004  loss=1.0224  2.4s  clients=3
10:39:27 [INFO] fl_coap_iroh.fl.server — Round 20 — sending model to 3 clients…
10:39:27 [INFO] fl_coap_iroh.transport.iroh_node — send 13933B via direct in 10ms (11.04 Mbit/s) to 5055684860c43a38
10:39:27 [INFO] fl_coap_iroh.transport.iroh_node — send 13933B via direct in 11ms (10.23 Mbit/s) to a521f0558f5b4c6a
10:39:27 [INFO] fl_coap_iroh.transport.iroh_node — send 13933B via direct in 64ms (1.75 Mbit/s) to 899b110ce8636010
10:39:27 [INFO] fl_coap_iroh.fl.server — Round 20 — waiting for 3 updates…
10:39:27 [INFO] fl_coap_iroh.transport.iroh_node — recv 13933B via direct in 6ms
10:39:27 [INFO] fl_coap_iroh.transport.iroh_node — recv 13933B via direct in 6ms
10:39:29 [INFO] fl_coap_iroh.transport.iroh_node — recv 13933B via direct in 89ms
10:39:29 [INFO] fl_coap_iroh.fl.server — Round 20/30  acc=0.4954  loss=1.0240  1.8s  clients=3
10:39:29 [INFO] fl_coap_iroh.fl.server — Round 21 — sending model to 3 clients…
10:39:29 [INFO] fl_coap_iroh.transport.iroh_node — send 13933B via direct in 15ms (7.61 Mbit/s) to a521f0558f5b4c6a
10:39:29 [INFO] fl_coap_iroh.transport.iroh_node — send 13933B via direct in 11ms (10.12 Mbit/s) to 5055684860c43a38
10:39:29 [INFO] fl_coap_iroh.transport.iroh_node — send 13933B via direct in 53ms (2.12 Mbit/s) to 899b110ce8636010
10:39:29 [INFO] fl_coap_iroh.fl.server — Round 21 — waiting for 3 updates…
10:39:29 [INFO] fl_coap_iroh.transport.iroh_node — recv 13933B via direct in 6ms
10:39:30 [INFO] fl_coap_iroh.transport.iroh_node — recv 13933B via direct in 4ms
10:39:31 [INFO] fl_coap_iroh.transport.iroh_node — recv 13933B via direct in 67ms
10:39:31 [INFO] fl_coap_iroh.fl.server — Round 21/30  acc=0.4945  loss=1.0258  2.3s  clients=3
10:39:31 [INFO] fl_coap_iroh.fl.server — Round 22 — sending model to 3 clients…
10:39:31 [INFO] fl_coap_iroh.transport.iroh_node — send 13933B via direct in 12ms (9.72 Mbit/s) to 5055684860c43a38
10:39:31 [INFO] fl_coap_iroh.transport.iroh_node — send 13933B via direct in 11ms (10.36 Mbit/s) to a521f0558f5b4c6a
10:39:31 [INFO] fl_coap_iroh.transport.iroh_node — send 13933B via direct in 85ms (1.32 Mbit/s) to 899b110ce8636010
10:39:31 [INFO] fl_coap_iroh.fl.server — Round 22 — waiting for 3 updates…
10:39:32 [INFO] fl_coap_iroh.transport.iroh_node — recv 13933B via direct in 6ms
10:39:32 [INFO] fl_coap_iroh.transport.iroh_node — recv 13933B via direct in 11ms
10:39:33 [INFO] fl_coap_iroh.transport.iroh_node — recv 13933B via direct in 106ms
10:39:33 [INFO] fl_coap_iroh.fl.server — Round 22/30  acc=0.4920  loss=1.0271  2.3s  clients=3
10:39:33 [INFO] fl_coap_iroh.fl.server — Round 23 — sending model to 3 clients…
10:39:33 [INFO] fl_coap_iroh.transport.iroh_node — send 13933B via direct in 14ms (7.87 Mbit/s) to a521f0558f5b4c6a
10:39:33 [INFO] fl_coap_iroh.transport.iroh_node — send 13933B via direct in 10ms (11.68 Mbit/s) to 5055684860c43a38
10:39:34 [INFO] fl_coap_iroh.transport.iroh_node — send 13933B via direct in 87ms (1.28 Mbit/s) to 899b110ce8636010
10:39:34 [INFO] fl_coap_iroh.fl.server — Round 23 — waiting for 3 updates…
10:39:34 [INFO] fl_coap_iroh.transport.iroh_node — recv 13933B via direct in 8ms
10:39:34 [INFO] fl_coap_iroh.transport.iroh_node — recv 13933B via direct in 3ms
10:39:35 [INFO] fl_coap_iroh.transport.iroh_node — recv 13933B via direct in 54ms
10:39:35 [INFO] fl_coap_iroh.fl.server — Round 23/30  acc=0.4990  loss=1.0176  1.9s  clients=3
10:39:35 [INFO] fl_coap_iroh.fl.server — Round 24 — sending model to 3 clients…
10:39:35 [INFO] fl_coap_iroh.transport.iroh_node — send 13933B via direct in 9ms (12.95 Mbit/s) to a521f0558f5b4c6a
10:39:35 [INFO] fl_coap_iroh.transport.iroh_node — send 13933B via direct in 10ms (11.24 Mbit/s) to 5055684860c43a38
10:39:35 [INFO] fl_coap_iroh.transport.iroh_node — send 13933B via direct in 77ms (1.45 Mbit/s) to 899b110ce8636010
10:39:35 [INFO] fl_coap_iroh.fl.server — Round 24 — waiting for 3 updates…
10:39:36 [INFO] fl_coap_iroh.transport.iroh_node — recv 13933B via direct in 3ms
10:39:36 [INFO] fl_coap_iroh.transport.iroh_node — recv 13933B via direct in 5ms
10:39:37 [INFO] fl_coap_iroh.transport.iroh_node — recv 13933B via direct in 99ms
10:39:37 [INFO] fl_coap_iroh.fl.server — Round 24/30  acc=0.4971  loss=1.0180  2.0s  clients=3
10:39:37 [INFO] fl_coap_iroh.fl.server — Round 25 — sending model to 3 clients…
10:39:37 [INFO] fl_coap_iroh.transport.iroh_node — send 13933B via direct in 14ms (8.28 Mbit/s) to a521f0558f5b4c6a
10:39:37 [INFO] fl_coap_iroh.transport.iroh_node — send 13933B via direct in 13ms (8.51 Mbit/s) to 5055684860c43a38
10:39:37 [INFO] fl_coap_iroh.transport.iroh_node — send 13933B via direct in 47ms (2.40 Mbit/s) to 899b110ce8636010
10:39:37 [INFO] fl_coap_iroh.fl.server — Round 25 — waiting for 3 updates…
10:39:38 [INFO] fl_coap_iroh.transport.iroh_node — recv 13933B via direct in 5ms
10:39:38 [INFO] fl_coap_iroh.transport.iroh_node — recv 13933B via direct in 4ms
10:39:39 [INFO] fl_coap_iroh.transport.iroh_node — recv 13933B via direct in 56ms
10:39:39 [INFO] fl_coap_iroh.fl.server — Round 25/30  acc=0.4954  loss=1.0184  2.0s  clients=3
10:39:39 [INFO] fl_coap_iroh.fl.server — Round 26 — sending model to 3 clients…
10:39:39 [INFO] fl_coap_iroh.transport.iroh_node — send 13933B via direct in 10ms (11.37 Mbit/s) to a521f0558f5b4c6a
10:39:39 [INFO] fl_coap_iroh.transport.iroh_node — send 13933B via direct in 13ms (8.88 Mbit/s) to 5055684860c43a38
10:39:39 [INFO] fl_coap_iroh.transport.iroh_node — send 13933B via direct in 57ms (1.95 Mbit/s) to 899b110ce8636010
10:39:39 [INFO] fl_coap_iroh.fl.server — Round 26 — waiting for 3 updates…
10:39:40 [INFO] fl_coap_iroh.transport.iroh_node — recv 13933B via direct in 6ms
10:39:40 [INFO] fl_coap_iroh.transport.iroh_node — recv 13933B via direct in 3ms
10:39:42 [INFO] fl_coap_iroh.transport.iroh_node — recv 13933B via direct in 90ms
10:39:42 [INFO] fl_coap_iroh.fl.server — Round 26/30  acc=0.4926  loss=1.0261  2.2s  clients=3
10:39:42 [INFO] fl_coap_iroh.fl.server — Round 27 — sending model to 3 clients…
10:39:42 [INFO] fl_coap_iroh.transport.iroh_node — send 13933B via direct in 13ms (8.33 Mbit/s) to 5055684860c43a38
10:39:42 [INFO] fl_coap_iroh.transport.iroh_node — send 13933B via direct in 9ms (13.04 Mbit/s) to a521f0558f5b4c6a
10:39:42 [INFO] fl_coap_iroh.transport.iroh_node — send 13933B via direct in 65ms (1.73 Mbit/s) to 899b110ce8636010
10:39:42 [INFO] fl_coap_iroh.fl.server — Round 27 — waiting for 3 updates…
10:39:42 [INFO] fl_coap_iroh.transport.iroh_node — recv 13933B via direct in 1ms
10:39:42 [INFO] fl_coap_iroh.transport.iroh_node — recv 13933B via direct in 4ms
10:39:43 [INFO] fl_coap_iroh.transport.iroh_node — recv 13933B via direct in 80ms
10:39:44 [INFO] fl_coap_iroh.fl.server — Round 27/30  acc=0.4937  loss=1.0251  2.0s  clients=3
10:39:44 [INFO] fl_coap_iroh.fl.server — Round 28 — sending model to 3 clients…
10:39:44 [INFO] fl_coap_iroh.transport.iroh_node — send 13933B via direct in 14ms (8.25 Mbit/s) to a521f0558f5b4c6a
10:39:44 [INFO] fl_coap_iroh.transport.iroh_node — send 13933B via direct in 11ms (10.62 Mbit/s) to 5055684860c43a38
10:39:44 [INFO] fl_coap_iroh.transport.iroh_node — send 13933B via direct in 107ms (1.05 Mbit/s) to 899b110ce8636010
10:39:44 [INFO] fl_coap_iroh.fl.server — Round 28 — waiting for 3 updates…
10:39:44 [INFO] fl_coap_iroh.transport.iroh_node — recv 13933B via direct in 5ms
10:39:44 [INFO] fl_coap_iroh.transport.iroh_node — recv 13933B via direct in 4ms
10:39:46 [INFO] fl_coap_iroh.transport.iroh_node — recv 13933B via direct in 274ms
10:39:46 [INFO] fl_coap_iroh.fl.server — Round 28/30  acc=0.4951  loss=1.0181  2.6s  clients=3
10:39:46 [INFO] fl_coap_iroh.fl.server — Round 29 — sending model to 3 clients…
10:39:46 [INFO] fl_coap_iroh.transport.iroh_node — send 13933B via direct in 9ms (12.21 Mbit/s) to a521f0558f5b4c6a
10:39:46 [INFO] fl_coap_iroh.transport.iroh_node — send 13933B via direct in 10ms (11.51 Mbit/s) to 5055684860c43a38
10:39:46 [INFO] fl_coap_iroh.transport.iroh_node — send 13933B via direct in 103ms (1.08 Mbit/s) to 899b110ce8636010
10:39:46 [INFO] fl_coap_iroh.fl.server — Round 29 — waiting for 3 updates…
10:39:47 [INFO] fl_coap_iroh.transport.iroh_node — recv 13933B via direct in 2ms
10:39:47 [INFO] fl_coap_iroh.transport.iroh_node — recv 13933B via direct in 4ms
10:39:48 [INFO] fl_coap_iroh.transport.iroh_node — recv 13933B via direct in 88ms
10:39:48 [INFO] fl_coap_iroh.fl.server — Round 29/30  acc=0.4965  loss=1.0215  2.0s  clients=3
10:39:48 [INFO] fl_coap_iroh.fl.server — Round 30 — sending model to 3 clients…
10:39:48 [INFO] fl_coap_iroh.transport.iroh_node — send 13933B via direct in 11ms (10.19 Mbit/s) to 5055684860c43a38
10:39:48 [INFO] fl_coap_iroh.transport.iroh_node — send 13933B via direct in 12ms (9.33 Mbit/s) to a521f0558f5b4c6a
10:39:48 [INFO] fl_coap_iroh.transport.iroh_node — send 13933B via direct in 52ms (2.13 Mbit/s) to 899b110ce8636010
10:39:48 [INFO] fl_coap_iroh.fl.server — Round 30 — waiting for 3 updates…
10:39:49 [INFO] fl_coap_iroh.transport.iroh_node — recv 13933B via direct in 4ms
10:39:49 [INFO] fl_coap_iroh.transport.iroh_node — recv 13933B via direct in 6ms
10:39:52 [INFO] fl_coap_iroh.transport.iroh_node — recv 13933B via direct in 52ms
10:39:53 [INFO] fl_coap_iroh.fl.server — Round 30/30  acc=0.4956  loss=1.0250  2.1s  clients=3
10:39:53 [INFO] fl_coap_iroh.coap.server — CoAP server [server] stopped
10:39:53 [INFO] fl_coap_iroh.metrics.collector — Exported 30 rows → results/h2h/fliroh_v2/server/B_wan_round_events.csv
10:39:53 [INFO] fl_coap_iroh — Results: {'round_events': 'results/h2h/fliroh_v2/server/B_wan_round_events.csv'}
10:39:53 [INFO] fl_coap_iroh — Summary: {
  "node_id": "server",
  "architecture": "B",
  "scenario": "wan",
  "rounds_total": 30,
  "rounds_success": 30,
  "test_acc_final": 0.4956472900870542,
  "test_acc_max": 0.5085650098286998,
  "duration_mean_sec": 3.806544432367082,
  "pct_direct": 0.0,
  "pct_relay": 0.0,
  "bytes_to_aggregator": 1257210
}
PC side finished
